D/CscUpdateService(  693): only alarmtone update
I/DBG_WSS_DM(13711): [v3_1207_3_1][Line:1259][onReceive] android.intent.action.MEDIA_SCANNER_FINISHED
I/DBG_WSS_DM(13711): [v3_1207_3_1][Line:5065][smldmdbGetFUMOStatus] smldmdbGetFUMOStatus 0
E/CscParser(  693): update(): xml file exist
E/CscParser(  693): update(): xml file exist
E/CscParser(  693): update(): xml file exist
D/FactoryTestApp(13860): [Class]FactoryTestBroadcastReceiver, [Method]onReceive, [Message]onReceive action=android.intent.action.MEDIA_SCANNER_FINISHED
I/FactoryTestApp(13860): [Class]FactoryTestBroadcastReceiver, [Method]onReceive, [Message]Intent.ACTION_MEDIA_SCANNER_FINISHED
I/FactoryTestApp(13860): [Class]XMLDataStorage, [Method]parsingXML, [Message]FtClient => XML data parsing was completed.
D/FactoryTestApp(13860): [Class]FactoryTestBroadcastReceiver, [Method]onReceive, [Message]ACTION_MEDIA_SCANNER_FINISHED => XML data parsing was failed.
I/FactoryTestApp(13860): [Class]FactoryTestBroadcastReceiver, [Method]ACTION_MEDIA_SCANNER_FINISHED, [Message]Not ATT MODEL 
D/FactoryTestApp(13860): [Class]Support, [Method]Values.getBoolean, [Message]id=FACTORY_TEST_APO, value=false
I/FactoryTestApp(13860): [Class]FactoryTestBroadcastReceiver, [Method]send, [Message]ACTION_SEND_BOOT_COMPLETED
W/CSCSettings(  693): Setting Ringtones (type) : 4
D/CscParser(  693): AlarmTone: null
W/CSCSettings(  693): 1. Tag_Str: null
D/FactoryTestApp(13860): [Class]Support, [Method]Values.getBoolean, [Message]id=SUPPORT_BOOST_MEDIASCAN, value=true
I/FactoryTestApp(13860): [Class]FactoryTestBroadcastReceiver, [Method]wake lock, [Message]SUPPORT_BOOST_MEDIASCAN
I/FactoryTestApp(13860): [Class]ModulePower, [Method]doMediaScanWakeLock, [Message]wake=false
W/CSCSettings(  693): Setting Ringtones (type) : 2
D/CscParser(  693): MessageTone: null
W/CSCSettings(  693): 1. Tag_Str: null
W/CSCSettings(  693): Setting Ringtones (type) : 1
D/CscParser(  693): RingTone: null
W/CSCSettings(  693): 1. Tag_Str: null
I/FactoryTestApp(13860): [Class]ModuleCommon, [Method]isFactorySim, [Message]isFactorySim == false
I/FactoryTestApp(13860): [Class]ModuleCommon, [Method]isFactorySim, [Message]isFactorySim=falseby Keystring
W/SignalStrength(  504): getGsmLevel. this.mGsmSignalBar=4, getGsmSignalStrength()== 20
W/SignalStrength(  504): getGsmLevel=4
W/SignalStrength(  504): getLevel=4 (SignalStrength: 20 255 -120 -160 -120 -1 -1 99 2147483647 -32767 2147483647 -32767 gsm|lte 4)
W/SignalStrength(  504): getGsmLevel. this.mGsmSignalBar=4, getGsmSignalStrength()== 30
W/SignalStrength(  504): getGsmLevel=4
W/SignalStrength(  504): getLevel=4 (SignalStrength: 30 255 -120 -160 -120 -1 -1 99 2147483647 -32767 2147483647 -32767 gsm|lte 4)
D/StatusBar-NetworkControllerDS(  504): refreshViews connected={ wifi } level=4|4 combinedSignalIconId=0x7f0200ed/com.android.systemui:drawable/stat_sys_wifi_signal_3 combinedActivityIconId=0x7f0200d9 mAirplaneMode=false mDataActivity1=0 mDataActivity2=0 mPhoneSignalIconId1=0x7f0200d5 mPhoneSignalIconId2=0x7f0200cf mLastPhoneSignalIconId1=0x7f0200d5 mLastPhoneSignalIconId2=0x7f0200cf mDataDirectionIconId1=0x0 mDataDirectionIconId2=0x0 mDataSignalIconId1=0x7f0200d5 mDataSignalIconId2=0x7f0200cf mDataTypeIconId1=0x7f0200a4 mDataTypeIconId2=0x7f0200a4 mWifiIconId=0x7f0200ed mRoamingIconId1=0x0 mRoamingIconId2=0x7f0200a7 mBluetoothTetherIconId=0x10806ce
D/SignalClusterView(  504): wifi: VISIBLE sig=2130837741 act=2130837721
D/SignalClusterView(  504): mobile1: VISIBLE sig=2130837717 act=0 typ=2130837668
D/SignalClusterView(  504): mobile2: VISIBLE sig=2130837711 act=0 typ=2130837668
D/SignalClusterView(  504): wifi: VISIBLE sig=2130837741 act=2130837721
D/FactoryTestApp(13860): [Class]Support, [Method]Values.getString, [Message]id=FACTORY_MODE, value=/efs/FactoryApp/factorymode
D/SignalClusterView(  504): mobile1: VISIBLE sig=2130837717 act=0 typ=2130837668
D/SignalClusterView(  504): mobile2: VISIBLE sig=2130837711 act=0 typ=2130837668
D/SignalClusterView(  504): wifi: VISIBLE sig=2130837741 act=2130837721
D/SignalClusterView(  504): mobile1: VISIBLE sig=2130837717 act=0 typ=2130837668
D/SignalClusterView(  504): mobile2: VISIBLE sig=2130837711 act=0 typ=2130837668
D/StatusBar-NetworkControllerDS(  504): changing data overlay icon id to 2130837721
D/FactoryTestApp(13860): [Class]Support, [Method]Kernel.read, [Message]path=/efs/FactoryApp/factorymode, value=ON
I/FactoryTestApp(13860): [Class]ModuleCommon, [Method]readFactoryMode, [Message]mode: ON
D/FactoryTestApp(13860): [Class]Support, [Method]Values.getString, [Message]id=FACTORY_MODE, value=/efs/FactoryApp/factorymode
D/FactoryTestApp(13860): [Class]Support, [Method]Kernel.read, [Message]path=/efs/FactoryApp/factorymode, value=ON
I/FactoryTestApp(13860): [Class]ModuleCommon, [Method]readFactoryMode, [Message]mode: ON
I/FactoryTestApp(13860): [Class]ModuleCommon, [Method]15 Test Ready flag, [Message]set
I/FactoryTestApp(13860): [Class]ModuleCommon, [Method]isFirstBoot, [Message]before : false
D/FactoryTestApp(13860): [Class]Support, [Method]Values.getString, [Message]id=FACTORY_MODE, value=/efs/FactoryApp/factorymode
D/FactoryTestApp(13860): [Class]Support, [Method]Kernel.read, [Message]path=/efs/FactoryApp/factorymode, value=ON
I/FactoryTestApp(13860): [Class]ModuleCommon, [Method]readFactoryMode, [Message]mode: ON
D/FactoryTestApp(13860): [Class]Support, [Method]Values.getString, [Message]id=FACTORY_MODE, value=/efs/FactoryApp/factorymode
D/FactoryTestApp(13860): [Class]Support, [Method]Kernel.read, [Message]path=/efs/FactoryApp/factorymode, value=ON
I/FactoryTestApp(13860): [Class]ModuleCommon, [Method]readFactoryMode, [Message]mode: ON
I/FactoryTestApp(13860): [Class]ModuleCommon, [Method]getBinaryType, [Message]type=user
D/FactoryTestApp(13860): [Class]FtClientCPO, [Method]mBroadcastReceiver, [Message]action= = com.sec.factory.entry.SEND_BOOT_COMPLETED
D/FactoryTestApp(13860): [Class]FtClientCPO, [Method]mBroadcastReceiver, [Message]BOOTING COMPLETED!!
D/FactoryTestApp(13860): [Class]ResponseWriterCPO, [Method]write, [Message]Send Response Message to SecPhone
D/FactoryTestApp(13860): [Class]ResponseWriterCPO, [Method]write, [Message]Response [B@41adf460
D/FactoryTestApp(13860): [Class]ResponseWriterCPO, [Method]handleMessage, [Message]Send BOOT COMPLETED done
D/STATUSBAR-NotificationService(  378): cancelNotification - pkg:com.sec.factory, id:138, tag:null
D/STATUSBAR-NotificationService(  378): updateLightsLocked() : Turn off notification light
D/BatteryService(  378): update start
D/KeyguardUpdateMonitor(  378): received broadcast android.intent.action.BATTERY_CHANGED
D/KeyguardUpdateMonitor(  378): handleBatteryUpdate
D/BatteryService(  378): level:99 scale:100 status:2 health:2 present:true voltage: 4328 temperature: 290 technology: Li-ion AC powered:false USB powered:true icon:17303181 invalid charger:0
D/ThermistorObserver(  378): mBatteryBRForAMOLED : onReceive() : newTemperature : 290
V/UiModeManager(  378): updateLocked, mLastBroadcastState =0 , oldAction = null
D/STATUSBAR-BatteryController(  504): onReceive() - ACTION_BATTERY_CHANGED
D/STATUSBAR-BatteryController(  504): onReceive() - level:99
D/STATUSBAR-BatteryController(  504): onReceive() - plugged:2
D/STATUSBAR-BatteryController(  504): onReceive() - BATTERY_STATUS_CHARGING:
D/STATUSBAR-PhoneStatusBar(  504): ACTION_BATTERY_CHANGED
D/STATUSBAR-PhoneStatusBar(  504): NORMAL_BATTERY
D/PowerUI (  504): getBatteryOnline : battery online file not found
W/SignalStrength(  504): getGsmLevel. this.mGsmSignalBar=4, getGsmSignalStrength()== 20
W/SignalStrength(  504): getGsmLevel=4
W/SignalStrength(  504): getLevel=4 (SignalStrength: 20 255 -120 -160 -120 -1 -1 99 2147483647 -32767 2147483647 -32767 gsm|lte 4)
W/SignalStrength(  504): getGsmLevel. this.mGsmSignalBar=4, getGsmSignalStrength()== 30
W/SignalStrength(  504): getGsmLevel=4
W/SignalStrength(  504): getLevel=4 (SignalStrength: 30 255 -120 -160 -120 -1 -1 99 2147483647 -32767 2147483647 -32767 gsm|lte 4)
D/StatusBar-NetworkControllerDS(  504): refreshViews connected={ wifi } level=4|4 combinedSignalIconId=0x7f0200ed/com.android.systemui:drawable/stat_sys_wifi_signal_3 combinedActivityIconId=0x7f0200da mAirplaneMode=false mDataActivity1=0 mDataActivity2=0 mPhoneSignalIconId1=0x7f0200d5 mPhoneSignalIconId2=0x7f0200cf mLastPhoneSignalIconId1=0x7f0200d5 mLastPhoneSignalIconId2=0x7f0200cf mDataDirectionIconId1=0x0 mDataDirectionIconId2=0x0 mDataSignalIconId1=0x7f0200d5 mDataSignalIconId2=0x7f0200cf mDataTypeIconId1=0x7f0200a4 mDataTypeIconId2=0x7f0200a4 mWifiIconId=0x7f0200ed mRoamingIconId1=0x0 mRoamingIconId2=0x7f0200a7 mBluetoothTetherIconId=0x10806ce
D/SignalClusterView(  504): wifi: VISIBLE sig=2130837741 act=2130837722
D/SignalClusterView(  504): mobile1: VISIBLE sig=2130837717 act=0 typ=2130837668
D/SignalClusterView(  504): mobile2: VISIBLE sig=2130837711 act=0 typ=2130837668
D/SignalClusterView(  504): wifi: VISIBLE sig=2130837741 act=2130837722
D/SignalClusterView(  504): mobile1: VISIBLE sig=2130837717 act=0 typ=2130837668
D/SignalClusterView(  504): mobile2: VISIBLE sig=2130837711 act=0 typ=2130837668
D/SignalClusterView(  504): wifi: VISIBLE sig=2130837741 act=2130837722
D/SignalClusterView(  504): mobile1: VISIBLE sig=2130837717 act=0 typ=2130837668
D/SignalClusterView(  504): mobile2: VISIBLE sig=2130837711 act=0 typ=2130837668
D/StatusBar-NetworkControllerDS(  504): changing data overlay icon id to 2130837722
E/SMD     (  107): DCD ON
D/SignalClusterView(  504): wifi: VISIBLE sig=2130837741 act=2130837721
D/SignalClusterView(  504): mobile1: VISIBLE sig=2130837717 act=0 typ=2130837668
D/SignalClusterView(  504): mobile2: VISIBLE sig=2130837711 act=0 typ=2130837668
D/SignalClusterView(  504): wifi: VISIBLE sig=2130837741 act=2130837721
D/SignalClusterView(  504): mobile1: VISIBLE sig=2130837717 act=0 typ=2130837668
D/SignalClusterView(  504): mobile2: VISIBLE sig=2130837711 act=0 typ=2130837668
D/SignalClusterView(  504): wifi: VISIBLE sig=2130837741 act=2130837721
D/SignalClusterView(  504): mobile1: VISIBLE sig=2130837717 act=0 typ=2130837668
D/SignalClusterView(  504): mobile2: VISIBLE sig=2130837711 act=0 typ=2130837668
D/StatusBar-NetworkControllerDS(  504): changing data overlay icon id to 2130837721
W/SignalStrength(  504): getGsmLevel. this.mGsmSignalBar=4, getGsmSignalStrength()== 20
W/SignalStrength(  504): getGsmLevel=4
W/SignalStrength(  504): getLevel=4 (SignalStrength: 20 255 -120 -160 -120 -1 -1 99 2147483647 -32767 2147483647 -32767 gsm|lte 4)
W/SignalStrength(  504): getGsmLevel. this.mGsmSignalBar=4, getGsmSignalStrength()== 30
W/SignalStrength(  504): getGsmLevel=4
W/SignalStrength(  504): getLevel=4 (SignalStrength: 30 255 -120 -160 -120 -1 -1 99 2147483647 -32767 2147483647 -32767 gsm|lte 4)
D/StatusBar-NetworkControllerDS(  504): refreshViews connected={ wifi } level=4|4 combinedSignalIconId=0x7f0200ed/com.android.systemui:drawable/stat_sys_wifi_signal_3 combinedActivityIconId=0x7f0200d9 mAirplaneMode=false mDataActivity1=0 mDataActivity2=0 mPhoneSignalIconId1=0x7f0200d5 mPhoneSignalIconId2=0x7f0200cf mLastPhoneSignalIconId1=0x7f0200d5 mLastPhoneSignalIconId2=0x7f0200cf mDataDirectionIconId1=0x0 mDataDirectionIconId2=0x0 mDataSignalIconId1=0x7f0200d5 mDataSignalIconId2=0x7f0200cf mDataTypeIconId1=0x7f0200a4 mDataTypeIconId2=0x7f0200a4 mWifiIconId=0x7f0200ed mRoamingIconId1=0x0 mRoamingIconId2=0x7f0200a7 mBluetoothTetherIconId=0x10806ce
W/SignalStrength(  504): getGsmLevel. this.mGsmSignalBar=4, getGsmSignalStrength()== 20
W/SignalStrength(  504): getGsmLevel=4
W/SignalStrength(  504): getLevel=4 (SignalStrength: 20 255 -120 -160 -120 -1 -1 99 2147483647 -32767 2147483647 -32767 gsm|lte 4)
W/SignalStrength(  504): getGsmLevel. this.mGsmSignalBar=4, getGsmSignalStrength()== 30
W/SignalStrength(  504): getGsmLevel=4
W/SignalStrength(  504): getLevel=4 (SignalStrength: 30 255 -120 -160 -120 -1 -1 99 2147483647 -32767 2147483647 -32767 gsm|lte 4)
D/StatusBar-NetworkControllerDS(  504): refreshViews connected={ wifi } level=4|4 combinedSignalIconId=0x7f0200ed/com.android.systemui:drawable/stat_sys_wifi_signal_3 combinedActivityIconId=0x7f0200da mAirplaneMode=false mDataActivity1=0 mDataActivity2=0 mPhoneSignalIconId1=0x7f0200d5 mPhoneSignalIconId2=0x7f0200cf mLastPhoneSignalIconId1=0x7f0200d5 mLastPhoneSignalIconId2=0x7f0200cf mDataDirectionIconId1=0x0 mDataDirectionIconId2=0x0 mDataSignalIconId1=0x7f0200d5 mDataSignalIconId2=0x7f0200cf mDataTypeIconId1=0x7f0200a4 mDataTypeIconId2=0x7f0200a4 mWifiIconId=0x7f0200ed mRoamingIconId1=0x0 mRoamingIconId2=0x7f0200a7 mBluetoothTetherIconId=0x10806ce
D/SignalClusterView(  504): wifi: VISIBLE sig=2130837741 act=2130837722
D/SignalClusterView(  504): mobile1: VISIBLE sig=2130837717 act=0 typ=2130837668
D/SignalClusterView(  504): mobile2: VISIBLE sig=2130837711 act=0 typ=2130837668
D/SignalClusterView(  504): wifi: VISIBLE sig=2130837741 act=2130837722
D/SignalClusterView(  504): mobile1: VISIBLE sig=2130837717 act=0 typ=2130837668
D/SignalClusterView(  504): mobile2: VISIBLE sig=2130837711 act=0 typ=2130837668
D/SignalClusterView(  504): wifi: VISIBLE sig=2130837741 act=2130837722
D/SignalClusterView(  504): mobile1: VISIBLE sig=2130837717 act=0 typ=2130837668
D/SignalClusterView(  504): mobile2: VISIBLE sig=2130837711 act=0 typ=2130837668
D/StatusBar-NetworkControllerDS(  504): changing data overlay icon id to 2130837722
D/QCRIL_RPC(  103): Enter qcril_cm_srvsys_event_callback
I/ONCRPC  (  103): rpc_handle_rpc_call: for Xid: 7973d, Prog: 31000000, Vers: d17ed9ea, Proc: 00000014
I/ONCRPC  (  103): oncrpc_proxy_handle_cmd_rpc_call: Dispatching xid: 7973d
D/QCRIL_RPC(  103): Exit qcril_cm_srvsys_event_callback
I/ONCRPC  (  103): rpc_handle_rpc_call: Find Status: 0 Xid: 7973d
W/SignalStrength(  378): getGsmLevel. this.mGsmSignalBar=4, getGsmSignalStrength()== 27
W/SignalStrength(  378): getGsmLevel=4
W/SignalStrength(  378): getLevel=4 (SignalStrength: 27 255 -120 -160 -120 -1 -1 99 2147483647 -32767 2147483647 -32767 gsm|lte 4)
W/SignalStrength(  504): getGsmLevel. this.mGsmSignalBar=4, getGsmSignalStrength()== 27
W/SignalStrength(  504): getGsmLevel=4
W/SignalStrength(  504): getLevel=4 (SignalStrength: 27 255 -120 -160 -120 -1 -1 99 2147483647 -32767 2147483647 -32767 gsm|lte 4)
D/TWStatusBar-NetworkControllerDS(  504): onSignalStrengthsChanged signalStrength=SignalStrength: 27 255 -120 -160 -120 -1 -1 99 2147483647 -32767 2147483647 -32767 gsm|lte 4 level=4 simslot=1
W/SignalStrength(  504): getGsmLevel. this.mGsmSignalBar=4, getGsmSignalStrength()== 27
W/SignalStrength(  504): getGsmLevel=4
W/SignalStrength(  504): getLevel=4 (SignalStrength: 27 255 -120 -160 -120 -1 -1 99 2147483647 -32767 2147483647 -32767 gsm|lte 4)
W/SignalStrength(  504): getGsmLevel. this.mGsmSignalBar=4, getGsmSignalStrength()== 20
W/SignalStrength(  504): getGsmLevel=4
W/SignalStrength(  504): getLevel=4 (SignalStrength: 20 255 -120 -160 -120 -1 -1 99 2147483647 -32767 2147483647 -32767 gsm|lte 4)
W/SignalStrength(  504): getGsmLevel. this.mGsmSignalBar=4, getGsmSignalStrength()== 27
W/SignalStrength(  504): getGsmLevel=4
W/SignalStrength(  504): getLevel=4 (SignalStrength: 27 255 -120 -160 -120 -1 -1 99 2147483647 -32767 2147483647 -32767 gsm|lte 4)
D/StatusBar-NetworkControllerDS(  504): isDualSIM : SimState = 2, SimState2 = 2
D/StatusBar-NetworkControllerDS(  504): isDualSIM : SimState = 2, SimState2 = 2
D/StatusBar-NetworkControllerDS(  504): refreshViews connected={ wifi } level=4|4 combinedSignalIconId=0x7f0200ed/com.android.systemui:drawable/stat_sys_wifi_signal_3 combinedActivityIconId=0x7f0200da mAirplaneMode=false mDataActivity1=0 mDataActivity2=0 mPhoneSignalIconId1=0x7f0200d5 mPhoneSignalIconId2=0x7f0200cf mLastPhoneSignalIconId1=0x7f0200d5 mLastPhoneSignalIconId2=0x7f0200cf mDataDirectionIconId1=0x0 mDataDirectionIconId2=0x0 mDataSignalIconId1=0x7f0200d5 mDataSignalIconId2=0x7f0200cf mDataTypeIconId1=0x7f0200a4 mDataTypeIconId2=0x7f0200a4 mWifiIconId=0x7f0200ed mRoamingIconId1=0x0 mRoamingIconId2=0x7f0200a7 mBluetoothTetherIconId=0x10806ce
D/SignalClusterView(  504): wifi: VISIBLE sig=2130837741 act=2130837722
D/SignalClusterView(  504): mobile1: VISIBLE sig=2130837717 act=0 typ=2130837668
D/SignalClusterView(  504): mobile2: VISIBLE sig=2130837711 act=0 typ=2130837668
D/SignalClusterView(  504): wifi: VISIBLE sig=2130837741 act=2130837722
D/SignalClusterView(  504): mobile1: VISIBLE sig=2130837717 act=0 typ=2130837668
D/SignalClusterView(  504): mobile2: VISIBLE sig=2130837711 act=0 typ=2130837668
D/SignalClusterView(  504): wifi: VISIBLE sig=2130837741 act=2130837722
D/SignalClusterView(  504): mobile1: VISIBLE sig=2130837717 act=0 typ=2130837668
D/SignalClusterView(  504): mobile2: VISIBLE sig=2130837711 act=0 typ=2130837668
W/SignalStrength(  378): getDbm 1
W/SignalStrength(  378): getGsmDbm=-59
W/SignalStrength(  378): getDbm=-59
W/SignalStrength(  378): getAsuLevel 1
W/SignalStrength(  378): getGsmAsuLevel=27
W/SignalStrength(  378): getAsuLevel=27
E/SMD     (  107): DCD ON
D/SignalClusterView(  504): wifi: VISIBLE sig=2130837741 act=2130837721
D/SignalClusterView(  504): mobile1: VISIBLE sig=2130837717 act=0 typ=2130837668
D/SignalClusterView(  504): mobile2: VISIBLE sig=2130837711 act=0 typ=2130837668
D/SignalClusterView(  504): wifi: VISIBLE sig=2130837741 act=2130837721
D/SignalClusterView(  504): mobile1: VISIBLE sig=2130837717 act=0 typ=2130837668
D/SignalClusterView(  504): mobile2: VISIBLE sig=2130837711 act=0 typ=2130837668
D/SignalClusterView(  504): wifi: VISIBLE sig=2130837741 act=2130837721
D/SignalClusterView(  504): mobile1: VISIBLE sig=2130837717 act=0 typ=2130837668
D/SignalClusterView(  504): mobile2: VISIBLE sig=2130837711 act=0 typ=2130837668
D/StatusBar-NetworkControllerDS(  504): changing data overlay icon id to 2130837721
W/SignalStrength(  504): getGsmLevel. this.mGsmSignalBar=4, getGsmSignalStrength()== 20
W/SignalStrength(  504): getGsmLevel=4
W/SignalStrength(  504): getLevel=4 (SignalStrength: 20 255 -120 -160 -120 -1 -1 99 2147483647 -32767 2147483647 -32767 gsm|lte 4)
W/SignalStrength(  504): getGsmLevel. this.mGsmSignalBar=4, getGsmSignalStrength()== 27
W/SignalStrength(  504): getGsmLevel=4
W/SignalStrength(  504): getLevel=4 (SignalStrength: 27 255 -120 -160 -120 -1 -1 99 2147483647 -32767 2147483647 -32767 gsm|lte 4)
D/StatusBar-NetworkControllerDS(  504): refreshViews connected={ wifi } level=4|4 combinedSignalIconId=0x7f0200ed/com.android.systemui:drawable/stat_sys_wifi_signal_3 combinedActivityIconId=0x7f0200d9 mAirplaneMode=false mDataActivity1=0 mDataActivity2=0 mPhoneSignalIconId1=0x7f0200d5 mPhoneSignalIconId2=0x7f0200cf mLastPhoneSignalIconId1=0x7f0200d5 mLastPhoneSignalIconId2=0x7f0200cf mDataDirectionIconId1=0x0 mDataDirectionIconId2=0x0 mDataSignalIconId1=0x7f0200d5 mDataSignalIconId2=0x7f0200cf mDataTypeIconId1=0x7f0200a4 mDataTypeIconId2=0x7f0200a4 mWifiIconId=0x7f0200ed mRoamingIconId1=0x0 mRoamingIconId2=0x7f0200a7 mBluetoothTetherIconId=0x10806ce
W/SignalStrength(  504): getGsmLevel. this.mGsmSignalBar=4, getGsmSignalStrength()== 20
W/SignalStrength(  504): getGsmLevel=4
W/SignalStrength(  504): getLevel=4 (SignalStrength: 20 255 -120 -160 -120 -1 -1 99 2147483647 -32767 2147483647 -32767 gsm|lte 4)
W/SignalStrength(  504): getGsmLevel. this.mGsmSignalBar=4, getGsmSignalStrength()== 27
W/SignalStrength(  504): getGsmLevel=4
W/SignalStrength(  504): getLevel=4 (SignalStrength: 27 255 -120 -160 -120 -1 -1 99 2147483647 -32767 2147483647 -32767 gsm|lte 4)
D/StatusBar-NetworkControllerDS(  504): refreshViews connected={ wifi } level=4|4 combinedSignalIconId=0x7f0200ed/com.android.systemui:drawable/stat_sys_wifi_signal_3 combinedActivityIconId=0x7f0200da mAirplaneMode=false mDataActivity1=0 mDataActivity2=0 mPhoneSignalIconId1=0x7f0200d5 mPhoneSignalIconId2=0x7f0200cf mLastPhoneSignalIconId1=0x7f0200d5 mLastPhoneSignalIconId2=0x7f0200cf mDataDirectionIconId1=0x0 mDataDirectionIconId2=0x0 mDataSignalIconId1=0x7f0200d5 mDataSignalIconId2=0x7f0200cf mDataTypeIconId1=0x7f0200a4 mDataTypeIconId2=0x7f0200a4 mWifiIconId=0x7f0200ed mRoamingIconId1=0x0 mRoamingIconId2=0x7f0200a7 mBluetoothTetherIconId=0x10806ce
D/SignalClusterView(  504): wifi: VISIBLE sig=2130837741 act=2130837722
D/SignalClusterView(  504): mobile1: VISIBLE sig=2130837717 act=0 typ=2130837668
D/SignalClusterView(  504): mobile2: VISIBLE sig=2130837711 act=0 typ=2130837668
D/SignalClusterView(  504): wifi: VISIBLE sig=2130837741 act=2130837722
D/SignalClusterView(  504): mobile1: VISIBLE sig=2130837717 act=0 typ=2130837668
D/SignalClusterView(  504): mobile2: VISIBLE sig=2130837711 act=0 typ=2130837668
D/SignalClusterView(  504): wifi: VISIBLE sig=2130837741 act=2130837722
D/SignalClusterView(  504): mobile1: VISIBLE sig=2130837717 act=0 typ=2130837668
D/SignalClusterView(  504): mobile2: VISIBLE sig=2130837711 act=0 typ=2130837668
D/StatusBar-NetworkControllerDS(  504): changing data overlay icon id to 2130837722
E/AlarmManagerService(  378): android_server_AlarmManagerService_set to type=3, 365365.931000000
V/AlarmManager(  378): waitForAlarm result :8
W/AlarmManager(  378): FACTORY_ON= 0
E/SMD     (  107): DCD ON
D/SignalClusterView(  504): wifi: VISIBLE sig=2130837741 act=2130837721
D/SignalClusterView(  504): mobile1: VISIBLE sig=2130837717 act=0 typ=2130837668
D/SignalClusterView(  504): mobile2: VISIBLE sig=2130837711 act=0 typ=2130837668
D/SignalClusterView(  504): wifi: VISIBLE sig=2130837741 act=2130837721
D/SignalClusterView(  504): mobile1: VISIBLE sig=2130837717 act=0 typ=2130837668
D/SignalClusterView(  504): mobile2: VISIBLE sig=2130837711 act=0 typ=2130837668
D/SignalClusterView(  504): wifi: VISIBLE sig=2130837741 act=2130837721
D/SignalClusterView(  504): mobile1: VISIBLE sig=2130837717 act=0 typ=2130837668
D/SignalClusterView(  504): mobile2: VISIBLE sig=2130837711 act=0 typ=2130837668
D/StatusBar-NetworkControllerDS(  504): changing data overlay icon id to 2130837721
W/SignalStrength(  504): getGsmLevel. this.mGsmSignalBar=4, getGsmSignalStrength()== 20
W/SignalStrength(  504): getGsmLevel=4
W/SignalStrength(  504): getLevel=4 (SignalStrength: 20 255 -120 -160 -120 -1 -1 99 2147483647 -32767 2147483647 -32767 gsm|lte 4)
W/SignalStrength(  504): getGsmLevel. this.mGsmSignalBar=4, getGsmSignalStrength()== 27
W/SignalStrength(  504): getGsmLevel=4
W/SignalStrength(  504): getLevel=4 (SignalStrength: 27 255 -120 -160 -120 -1 -1 99 2147483647 -32767 2147483647 -32767 gsm|lte 4)
D/StatusBar-NetworkControllerDS(  504): refreshViews connected={ wifi } level=4|4 combinedSignalIconId=0x7f0200ed/com.android.systemui:drawable/stat_sys_wifi_signal_3 combinedActivityIconId=0x7f0200d9 mAirplaneMode=false mDataActivity1=0 mDataActivity2=0 mPhoneSignalIconId1=0x7f0200d5 mPhoneSignalIconId2=0x7f0200cf mLastPhoneSignalIconId1=0x7f0200d5 mLastPhoneSignalIconId2=0x7f0200cf mDataDirectionIconId1=0x0 mDataDirectionIconId2=0x0 mDataSignalIconId1=0x7f0200d5 mDataSignalIconId2=0x7f0200cf mDataTypeIconId1=0x7f0200a4 mDataTypeIconId2=0x7f0200a4 mWifiIconId=0x7f0200ed mRoamingIconId1=0x0 mRoamingIconId2=0x7f0200a7 mBluetoothTetherIconId=0x10806ce
W/SignalStrength(  504): getGsmLevel. this.mGsmSignalBar=4, getGsmSignalStrength()== 20
W/SignalStrength(  504): getGsmLevel=4
W/SignalStrength(  504): getLevel=4 (SignalStrength: 20 255 -120 -160 -120 -1 -1 99 2147483647 -32767 2147483647 -32767 gsm|lte 4)
W/SignalStrength(  504): getGsmLevel. this.mGsmSignalBar=4, getGsmSignalStrength()== 27
W/SignalStrength(  504): getGsmLevel=4
W/SignalStrength(  504): getLevel=4 (SignalStrength: 27 255 -120 -160 -120 -1 -1 99 2147483647 -32767 2147483647 -32767 gsm|lte 4)
D/StatusBar-NetworkControllerDS(  504): refreshViews connected={ wifi } level=4|4 combinedSignalIconId=0x7f0200ed/com.android.systemui:drawable/stat_sys_wifi_signal_3 combinedActivityIconId=0x7f0200da mAirplaneMode=false mDataActivity1=0 mDataActivity2=0 mPhoneSignalIconId1=0x7f0200d5 mPhoneSignalIconId2=0x7f0200cf mLastPhoneSignalIconId1=0x7f0200d5 mLastPhoneSignalIconId2=0x7f0200cf mDataDirectionIconId1=0x0 mDataDirectionIconId2=0x0 mDataSignalIconId1=0x7f0200d5 mDataSignalIconId2=0x7f0200cf mDataTypeIconId1=0x7f0200a4 mDataTypeIconId2=0x7f0200a4 mWifiIconId=0x7f0200ed mRoamingIconId1=0x0 mRoamingIconId2=0x7f0200a7 mBluetoothTetherIconId=0x10806ce
D/SignalClusterView(  504): wifi: VISIBLE sig=2130837741 act=2130837722
D/SignalClusterView(  504): mobile1: VISIBLE sig=2130837717 act=0 typ=2130837668
D/SignalClusterView(  504): mobile2: VISIBLE sig=2130837711 act=0 typ=2130837668
D/SignalClusterView(  504): wifi: VISIBLE sig=2130837741 act=2130837722
D/SignalClusterView(  504): mobile1: VISIBLE sig=2130837717 act=0 typ=2130837668
D/SignalClusterView(  504): mobile2: VISIBLE sig=2130837711 act=0 typ=2130837668
D/SignalClusterView(  504): wifi: VISIBLE sig=2130837741 act=2130837722
D/SignalClusterView(  504): mobile1: VISIBLE sig=2130837717 act=0 typ=2130837668
D/SignalClusterView(  504): mobile2: VISIBLE sig=2130837711 act=0 typ=2130837668
D/StatusBar-NetworkControllerDS(  504): changing data overlay icon id to 2130837722
E/SMD     (  107): DCD ON
D/SignalClusterView(  504): wifi: VISIBLE sig=2130837741 act=2130837721
D/SignalClusterView(  504): mobile1: VISIBLE sig=2130837717 act=0 typ=2130837668
D/SignalClusterView(  504): mobile2: VISIBLE sig=2130837711 act=0 typ=2130837668
D/SignalClusterView(  504): wifi: VISIBLE sig=2130837741 act=2130837721
D/SignalClusterView(  504): mobile1: VISIBLE sig=2130837717 act=0 typ=2130837668
D/SignalClusterView(  504): mobile2: VISIBLE sig=2130837711 act=0 typ=2130837668
D/SignalClusterView(  504): wifi: VISIBLE sig=2130837741 act=2130837721
D/SignalClusterView(  504): mobile1: VISIBLE sig=2130837717 act=0 typ=2130837668
D/SignalClusterView(  504): mobile2: VISIBLE sig=2130837711 act=0 typ=2130837668
D/StatusBar-NetworkControllerDS(  504): changing data overlay icon id to 2130837721
W/SignalStrength(  504): getGsmLevel. this.mGsmSignalBar=4, getGsmSignalStrength()== 20
W/SignalStrength(  504): getGsmLevel=4
W/SignalStrength(  504): getLevel=4 (SignalStrength: 20 255 -120 -160 -120 -1 -1 99 2147483647 -32767 2147483647 -32767 gsm|lte 4)
W/SignalStrength(  504): getGsmLevel. this.mGsmSignalBar=4, getGsmSignalStrength()== 27
W/SignalStrength(  504): getGsmLevel=4
W/SignalStrength(  504): getLevel=4 (SignalStrength: 27 255 -120 -160 -120 -1 -1 99 2147483647 -32767 2147483647 -32767 gsm|lte 4)
D/StatusBar-NetworkControllerDS(  504): refreshViews connected={ wifi } level=4|4 combinedSignalIconId=0x7f0200ed/com.android.systemui:drawable/stat_sys_wifi_signal_3 combinedActivityIconId=0x7f0200d9 mAirplaneMode=false mDataActivity1=0 mDataActivity2=0 mPhoneSignalIconId1=0x7f0200d5 mPhoneSignalIconId2=0x7f0200cf mLastPhoneSignalIconId1=0x7f0200d5 mLastPhoneSignalIconId2=0x7f0200cf mDataDirectionIconId1=0x0 mDataDirectionIconId2=0x0 mDataSignalIconId1=0x7f0200d5 mDataSignalIconId2=0x7f0200cf mDataTypeIconId1=0x7f0200a4 mDataTypeIconId2=0x7f0200a4 mWifiIconId=0x7f0200ed mRoamingIconId1=0x0 mRoamingIconId2=0x7f0200a7 mBluetoothTetherIconId=0x10806ce
W/SignalStrength(  504): getGsmLevel. this.mGsmSignalBar=4, getGsmSignalStrength()== 20
W/SignalStrength(  504): getGsmLevel=4
W/SignalStrength(  504): getLevel=4 (SignalStrength: 20 255 -120 -160 -120 -1 -1 99 2147483647 -32767 2147483647 -32767 gsm|lte 4)
W/SignalStrength(  504): getGsmLevel. this.mGsmSignalBar=4, getGsmSignalStrength()== 27
W/SignalStrength(  504): getGsmLevel=4
W/SignalStrength(  504): getLevel=4 (SignalStrength: 27 255 -120 -160 -120 -1 -1 99 2147483647 -32767 2147483647 -32767 gsm|lte 4)
D/StatusBar-NetworkControllerDS(  504): refreshViews connected={ wifi } level=4|4 combinedSignalIconId=0x7f0200ed/com.android.systemui:drawable/stat_sys_wifi_signal_3 combinedActivityIconId=0x7f0200da mAirplaneMode=false mDataActivity1=0 mDataActivity2=0 mPhoneSignalIconId1=0x7f0200d5 mPhoneSignalIconId2=0x7f0200cf mLastPhoneSignalIconId1=0x7f0200d5 mLastPhoneSignalIconId2=0x7f0200cf mDataDirectionIconId1=0x0 mDataDirectionIconId2=0x0 mDataSignalIconId1=0x7f0200d5 mDataSignalIconId2=0x7f0200cf mDataTypeIconId1=0x7f0200a4 mDataTypeIconId2=0x7f0200a4 mWifiIconId=0x7f0200ed mRoamingIconId1=0x0 mRoamingIconId2=0x7f0200a7 mBluetoothTetherIconId=0x10806ce
D/SignalClusterView(  504): wifi: VISIBLE sig=2130837741 act=2130837722
D/SignalClusterView(  504): mobile1: VISIBLE sig=2130837717 act=0 typ=2130837668
D/SignalClusterView(  504): mobile2: VISIBLE sig=2130837711 act=0 typ=2130837668
D/SignalClusterView(  504): wifi: VISIBLE sig=2130837741 act=2130837722
D/SignalClusterView(  504): mobile1: VISIBLE sig=2130837717 act=0 typ=2130837668
D/SignalClusterView(  504): mobile2: VISIBLE sig=2130837711 act=0 typ=2130837668
D/SignalClusterView(  504): wifi: VISIBLE sig=2130837741 act=2130837722
D/SignalClusterView(  504): mobile1: VISIBLE sig=2130837717 act=0 typ=2130837668
D/SignalClusterView(  504): mobile2: VISIBLE sig=2130837711 act=0 typ=2130837668
D/StatusBar-NetworkControllerDS(  504): changing data overlay icon id to 2130837722
E/SMD     (  107): DCD ON
D/QCRIL_RPC(  103): Enter qcril_cm_srvsys_event_callback
D/QCRIL_RPC(  103): Exit qcril_cm_srvsys_event_callback
I/ONCRPC  (  103): rpc_handle_rpc_call: for Xid: 7973e, Prog: 31000000, Vers: d17ed9ea, Proc: 00000014
I/ONCRPC  (  103): rpc_handle_rpc_call: Find Status: 0 Xid: 7973e
I/ONCRPC  (  103): oncrpc_proxy_handle_cmd_rpc_call: Dispatching xid: 7973e
D/SignalClusterView(  504): wifi: VISIBLE sig=2130837741 act=2130837721
D/SignalClusterView(  504): mobile1: VISIBLE sig=2130837717 act=0 typ=2130837668
D/SignalClusterView(  504): mobile2: VISIBLE sig=2130837711 act=0 typ=2130837668
D/SignalClusterView(  504): wifi: VISIBLE sig=2130837741 act=2130837721
D/SignalClusterView(  504): mobile1: VISIBLE sig=2130837717 act=0 typ=2130837668
D/SignalClusterView(  504): mobile2: VISIBLE sig=2130837711 act=0 typ=2130837668
D/SignalClusterView(  504): wifi: VISIBLE sig=2130837741 act=2130837721
D/SignalClusterView(  504): mobile1: VISIBLE sig=2130837717 act=0 typ=2130837668
D/SignalClusterView(  504): mobile2: VISIBLE sig=2130837711 act=0 typ=2130837668
D/StatusBar-NetworkControllerDS(  504): changing data overlay icon id to 2130837721
W/SignalStrength(  504): getGsmLevel. this.mGsmSignalBar=4, getGsmSignalStrength()== 20
W/SignalStrength(  504): getGsmLevel=4
W/SignalStrength(  504): getLevel=4 (SignalStrength: 20 255 -120 -160 -120 -1 -1 99 2147483647 -32767 2147483647 -32767 gsm|lte 4)
W/SignalStrength(  504): getGsmLevel. this.mGsmSignalBar=4, getGsmSignalStrength()== 27
W/SignalStrength(  504): getGsmLevel=4
W/SignalStrength(  504): getLevel=4 (SignalStrength: 27 255 -120 -160 -120 -1 -1 99 2147483647 -32767 2147483647 -32767 gsm|lte 4)
D/StatusBar-NetworkControllerDS(  504): refreshViews connected={ wifi } level=4|4 combinedSignalIconId=0x7f0200ed/com.android.systemui:drawable/stat_sys_wifi_signal_3 combinedActivityIconId=0x7f0200d9 mAirplaneMode=false mDataActivity1=0 mDataActivity2=0 mPhoneSignalIconId1=0x7f0200d5 mPhoneSignalIconId2=0x7f0200cf mLastPhoneSignalIconId1=0x7f0200d5 mLastPhoneSignalIconId2=0x7f0200cf mDataDirectionIconId1=0x0 mDataDirectionIconId2=0x0 mDataSignalIconId1=0x7f0200d5 mDataSignalIconId2=0x7f0200cf mDataTypeIconId1=0x7f0200a4 mDataTypeIconId2=0x7f0200a4 mWifiIconId=0x7f0200ed mRoamingIconId1=0x0 mRoamingIconId2=0x7f0200a7 mBluetoothTetherIconId=0x10806ce
W/SignalStrength(  504): getGsmLevel. this.mGsmSignalBar=4, getGsmSignalStrength()== 20
W/SignalStrength(  504): getGsmLevel=4
W/SignalStrength(  504): getLevel=4 (SignalStrength: 20 255 -120 -160 -120 -1 -1 99 2147483647 -32767 2147483647 -32767 gsm|lte 4)
W/SignalStrength(  504): getGsmLevel. this.mGsmSignalBar=4, getGsmSignalStrength()== 27
W/SignalStrength(  504): getGsmLevel=4
W/SignalStrength(  504): getLevel=4 (SignalStrength: 27 255 -120 -160 -120 -1 -1 99 2147483647 -32767 2147483647 -32767 gsm|lte 4)
D/StatusBar-NetworkControllerDS(  504): refreshViews connected={ wifi } level=4|4 combinedSignalIconId=0x7f0200ed/com.android.systemui:drawable/stat_sys_wifi_signal_3 combinedActivityIconId=0x7f0200da mAirplaneMode=false mDataActivity1=0 mDataActivity2=0 mPhoneSignalIconId1=0x7f0200d5 mPhoneSignalIconId2=0x7f0200cf mLastPhoneSignalIconId1=0x7f0200d5 mLastPhoneSignalIconId2=0x7f0200cf mDataDirectionIconId1=0x0 mDataDirectionIconId2=0x0 mDataSignalIconId1=0x7f0200d5 mDataSignalIconId2=0x7f0200cf mDataTypeIconId1=0x7f0200a4 mDataTypeIconId2=0x7f0200a4 mWifiIconId=0x7f0200ed mRoamingIconId1=0x0 mRoamingIconId2=0x7f0200a7 mBluetoothTetherIconId=0x10806ce
D/SignalClusterView(  504): wifi: VISIBLE sig=2130837741 act=2130837722
D/SignalClusterView(  504): mobile1: VISIBLE sig=2130837717 act=0 typ=2130837668
D/SignalClusterView(  504): mobile2: VISIBLE sig=2130837711 act=0 typ=2130837668
D/SignalClusterView(  504): wifi: VISIBLE sig=2130837741 act=2130837722
D/SignalClusterView(  504): mobile1: VISIBLE sig=2130837717 act=0 typ=2130837668
D/SignalClusterView(  504): mobile2: VISIBLE sig=2130837711 act=0 typ=2130837668
D/SignalClusterView(  504): wifi: VISIBLE sig=2130837741 act=2130837722
D/SignalClusterView(  504): mobile1: VISIBLE sig=2130837717 act=0 typ=2130837668
D/SignalClusterView(  504): mobile2: VISIBLE sig=2130837711 act=0 typ=2130837668
D/StatusBar-NetworkControllerDS(  504): changing data overlay icon id to 2130837722
E/SMD     (  107): DCD ON
W/SignalStrength(  504): getGsmLevel. this.mGsmSignalBar=4, getGsmSignalStrength()== 20
W/SignalStrength(  504): getGsmLevel=4
W/SignalStrength(  504): getLevel=4 (SignalStrength: 20 255 -120 -160 -120 -1 -1 99 2147483647 -32767 2147483647 -32767 gsm|lte 4)
W/SignalStrength(  504): getGsmLevel. this.mGsmSignalBar=4, getGsmSignalStrength()== 27
W/SignalStrength(  504): getGsmLevel=4
W/SignalStrength(  504): getLevel=4 (SignalStrength: 27 255 -120 -160 -120 -1 -1 99 2147483647 -32767 2147483647 -32767 gsm|lte 4)
D/TWStatusBar-NetworkControllerDS(  504): onReceive() - RSSI_CHANGED_ACTION, WIFI_STATE, NETWORK_STATE
D/StatusBar-NetworkControllerDS(  504): refreshViews connected={ wifi } level=4|4 combinedSignalIconId=0x7f0200eb/com.android.systemui:drawable/stat_sys_wifi_signal_2 combinedActivityIconId=0x7f0200da mAirplaneMode=false mDataActivity1=0 mDataActivity2=0 mPhoneSignalIconId1=0x7f0200d5 mPhoneSignalIconId2=0x7f0200cf mLastPhoneSignalIconId1=0x7f0200d5 mLastPhoneSignalIconId2=0x7f0200cf mDataDirectionIconId1=0x0 mDataDirectionIconId2=0x0 mDataSignalIconId1=0x7f0200d5 mDataSignalIconId2=0x7f0200cf mDataTypeIconId1=0x7f0200a4 mDataTypeIconId2=0x7f0200a4 mWifiIconId=0x7f0200eb mRoamingIconId1=0x0 mRoamingIconId2=0x7f0200a7 mBluetoothTetherIconId=0x10806ce
D/SignalClusterView(  504): wifi: VISIBLE sig=2130837739 act=2130837722
D/SignalClusterView(  504): mobile1: VISIBLE sig=2130837717 act=0 typ=2130837668
D/SignalClusterView(  504): mobile2: VISIBLE sig=2130837711 act=0 typ=2130837668
D/SignalClusterView(  504): wifi: VISIBLE sig=2130837739 act=2130837722
D/SignalClusterView(  504): mobile1: VISIBLE sig=2130837717 act=0 typ=2130837668
D/SignalClusterView(  504): mobile2: VISIBLE sig=2130837711 act=0 typ=2130837668
D/SignalClusterView(  504): wifi: VISIBLE sig=2130837739 act=2130837722
D/SignalClusterView(  504): mobile1: VISIBLE sig=2130837717 act=0 typ=2130837668
D/SignalClusterView(  504): mobile2: VISIBLE sig=2130837711 act=0 typ=2130837668
W/navngo  (14763): 16:30:25 MainActivity:alert: Application is unable to start, please check other applications.
I/power   (  378): *** acquire_dvfs_lock : lockType : 1  freq : 1008000 
D/PowerManagerService(  378): acquireDVFSLockLocked : type : DVFS_MIN_LIMIT  frequency : 1008000  uid : 1000  pid : 378  tag : ActivityManager
D/KeyguardViewMediator(  378): setHidden false
W/SurfaceFlinger(  111): id=2164(1) createSurface 0x1e7d37c (1x1),1 flag=0
D/STATUSBAR-StatusBarManagerService(  378): setSystemUiVisibility(0x0)
D/STATUSBAR-StatusBarManagerService(  378): manageDisableList what=0x0 pkg=WindowManager.LayoutParams
D/KeyguardViewMediator(  378): setHidden false
V/PhoneStatusBar(  504): setLightsOn(true)
W/InputManagerService(  378): Starting input on non-focused client com.android.internal.view.IInputMethodClient$Stub$Proxy@41d92268 (uid=10044 pid=14887)
V/InputManagerService(  378): Starting input on non-focused client mCurClient info is ClientState{41ec76b0 uid 10103 pid 14763}
I/ClipboardServiceEx(  378): Send intent for dismiss clipboard dialog inside hideCurrentInputLocked() !
W/SignalStrength(  504): getGsmLevel. this.mGsmSignalBar=4, getGsmSignalStrength()== 20
W/SignalStrength(  504): getGsmLevel=4
W/SignalStrength(  504): getLevel=4 (SignalStrength: 20 255 -120 -160 -120 -1 -1 99 2147483647 -32767 2147483647 -32767 gsm|lte 4)
W/SignalStrength(  504): getGsmLevel. this.mGsmSignalBar=4, getGsmSignalStrength()== 27
W/SignalStrength(  504): getGsmLevel=4
W/SignalStrength(  504): getLevel=4 (SignalStrength: 27 255 -120 -160 -120 -1 -1 99 2147483647 -32767 2147483647 -32767 gsm|lte 4)
D/StatusBar-NetworkControllerDS(  504): refreshViews connected={ wifi } level=4|4 combinedSignalIconId=0x7f0200eb/com.android.systemui:drawable/stat_sys_wifi_signal_2 combinedActivityIconId=0x7f0200d9 mAirplaneMode=false mDataActivity1=0 mDataActivity2=0 mPhoneSignalIconId1=0x7f0200d5 mPhoneSignalIconId2=0x7f0200cf mLastPhoneSignalIconId1=0x7f0200d5 mLastPhoneSignalIconId2=0x7f0200cf mDataDirectionIconId1=0x0 mDataDirectionIconId2=0x0 mDataSignalIconId1=0x7f0200d5 mDataSignalIconId2=0x7f0200cf mDataTypeIconId1=0x7f0200a4 mDataTypeIconId2=0x7f0200a4 mWifiIconId=0x7f0200eb mRoamingIconId1=0x0 mRoamingIconId2=0x7f0200a7 mBluetoothTetherIconId=0x10806ce
D/SignalClusterView(  504): wifi: VISIBLE sig=2130837739 act=2130837721
D/SignalClusterView(  504): mobile1: VISIBLE sig=2130837717 act=0 typ=2130837668
D/SignalClusterView(  504): mobile2: VISIBLE sig=2130837711 act=0 typ=2130837668
D/SignalClusterView(  504): wifi: VISIBLE sig=2130837739 act=2130837721
D/SignalClusterView(  504): mobile1: VISIBLE sig=2130837717 act=0 typ=2130837668
D/SignalClusterView(  504): mobile2: VISIBLE sig=2130837711 act=0 typ=2130837668
D/SignalClusterView(  504): wifi: VISIBLE sig=2130837739 act=2130837721
D/SignalClusterView(  504): mobile1: VISIBLE sig=2130837717 act=0 typ=2130837668
D/memalloc(  111): /dev/pmem: Allocated buffer base:0x41b93000 size:552960 offset:2211840 fd:57
D/SignalClusterView(  504): mobile2: VISIBLE sig=2130837711 act=0 typ=2130837668
D/StatusBar-NetworkControllerDS(  504): changing data overlay icon id to 2130837721
D/memalloc(14763): /dev/pmem: Mapped buffer base:0x5123b000 size:2764800 offset:2211840 fd:49
I/Adreno200-EGLSUB(  111): <CreateImage:1017>: Android Image
I/Adreno200-EGLSUB(  111): <GetImageAttributes:1226>: RGBA_8888
D/KeyguardViewMediator(  378): setHidden false
I/ActivityManager(  378): Displayed shortComponentName: +213ms
D/KeyguardViewMediator(  378): setHidden false
D/CLIPBOARD(14763): Hide Clipboard dialog at Starting input: finished by someone else... !
I/ClipboardServiceEx(  378): mCBPickerDialog enter case. MSG_DISMISS_DIALOG
D/KeyguardViewMediator(  378): setHidden false
I/power   (  378): *** release_dvfs_lock : lockType : 1 
D/PowerManagerService(  378): releaseDVFSLockLocked : all DVFS_MIN_LIMIT are released 
W/SignalStrength(  504): getGsmLevel. this.mGsmSignalBar=4, getGsmSignalStrength()== 20
W/SignalStrength(  504): getGsmLevel=4
W/SignalStrength(  504): getLevel=4 (SignalStrength: 20 255 -120 -160 -120 -1 -1 99 2147483647 -32767 2147483647 -32767 gsm|lte 4)
W/SignalStrength(  504): getGsmLevel. this.mGsmSignalBar=4, getGsmSignalStrength()== 27
W/SignalStrength(  504): getGsmLevel=4
W/SignalStrength(  504): getLevel=4 (SignalStrength: 27 255 -120 -160 -120 -1 -1 99 2147483647 -32767 2147483647 -32767 gsm|lte 4)
D/StatusBar-NetworkControllerDS(  504): refreshViews connected={ wifi } level=4|4 combinedSignalIconId=0x7f0200eb/com.android.systemui:drawable/stat_sys_wifi_signal_2 combinedActivityIconId=0x7f0200da mAirplaneMode=false mDataActivity1=0 mDataActivity2=0 mPhoneSignalIconId1=0x7f0200d5 mPhoneSignalIconId2=0x7f0200cf mLastPhoneSignalIconId1=0x7f0200d5 mLastPhoneSignalIconId2=0x7f0200cf mDataDirectionIconId1=0x0 mDataDirectionIconId2=0x0 mDataSignalIconId1=0x7f0200d5 mDataSignalIconId2=0x7f0200cf mDataTypeIconId1=0x7f0200a4 mDataTypeIconId2=0x7f0200a4 mWifiIconId=0x7f0200eb mRoamingIconId1=0x0 mRoamingIconId2=0x7f0200a7 mBluetoothTetherIconId=0x10806ce
D/SignalClusterView(  504): wifi: VISIBLE sig=2130837739 act=2130837722
D/SignalClusterView(  504): mobile1: VISIBLE sig=2130837717 act=0 typ=2130837668
D/SignalClusterView(  504): mobile2: VISIBLE sig=2130837711 act=0 typ=2130837668
D/SignalClusterView(  504): wifi: VISIBLE sig=2130837739 act=2130837722
D/SignalClusterView(  504): mobile1: VISIBLE sig=2130837717 act=0 typ=2130837668
D/SignalClusterView(  504): mobile2: VISIBLE sig=2130837711 act=0 typ=2130837668
D/SignalClusterView(  504): wifi: VISIBLE sig=2130837739 act=2130837722
D/SignalClusterView(  504): mobile1: VISIBLE sig=2130837717 act=0 typ=2130837668
D/SignalClusterView(  504): mobile2: VISIBLE sig=2130837711 act=0 typ=2130837668
D/StatusBar-NetworkControllerDS(  504): changing data overlay icon id to 2130837722
E/SMD     (  107): DCD ON
D/BatteryService(  378): update start
D/BatteryService(  378): level:99 scale:100 status:2 health:2 present:true voltage: 4330 temperature: 290 technology: Li-ion AC powered:false USB powered:true icon:17303181 invalid charger:0
D/KeyguardUpdateMonitor(  378): received broadcast android.intent.action.BATTERY_CHANGED
D/KeyguardUpdateMonitor(  378): handleBatteryUpdate
D/ThermistorObserver(  378): mBatteryBRForAMOLED : onReceive() : newTemperature : 290
V/UiModeManager(  378): updateLocked, mLastBroadcastState =0 , oldAction = null
D/STATUSBAR-BatteryController(  504): onReceive() - ACTION_BATTERY_CHANGED
D/STATUSBAR-BatteryController(  504): onReceive() - level:99
D/STATUSBAR-BatteryController(  504): onReceive() - plugged:2
D/STATUSBAR-BatteryController(  504): onReceive() - BATTERY_STATUS_CHARGING:
D/STATUSBAR-PhoneStatusBar(  504): ACTION_BATTERY_CHANGED
D/STATUSBAR-PhoneStatusBar(  504): NORMAL_BATTERY
D/PowerUI (  504): getBatteryOnline : battery online file not found
W/SignalStrength(  504): getGsmLevel. this.mGsmSignalBar=4, getGsmSignalStrength()== 20
W/SignalStrength(  504): getGsmLevel=4
W/SignalStrength(  504): getLevel=4 (SignalStrength: 20 255 -120 -160 -120 -1 -1 99 2147483647 -32767 2147483647 -32767 gsm|lte 4)
W/SignalStrength(  504): getGsmLevel. this.mGsmSignalBar=4, getGsmSignalStrength()== 27
W/SignalStrength(  504): getGsmLevel=4
W/SignalStrength(  504): getLevel=4 (SignalStrength: 27 255 -120 -160 -120 -1 -1 99 2147483647 -32767 2147483647 -32767 gsm|lte 4)
D/StatusBar-NetworkControllerDS(  504): refreshViews connected={ wifi } level=4|4 combinedSignalIconId=0x7f0200eb/com.android.systemui:drawable/stat_sys_wifi_signal_2 combinedActivityIconId=0x7f0200d9 mAirplaneMode=false mDataActivity1=0 mDataActivity2=0 mPhoneSignalIconId1=0x7f0200d5 mPhoneSignalIconId2=0x7f0200cf mLastPhoneSignalIconId1=0x7f0200d5 mLastPhoneSignalIconId2=0x7f0200cf mDataDirectionIconId1=0x0 mDataDirectionIconId2=0x0 mDataSignalIconId1=0x7f0200d5 mDataSignalIconId2=0x7f0200cf mDataTypeIconId1=0x7f0200a4 mDataTypeIconId2=0x7f0200a4 mWifiIconId=0x7f0200eb mRoamingIconId1=0x0 mRoamingIconId2=0x7f0200a7 mBluetoothTetherIconId=0x10806ce
D/SignalClusterView(  504): wifi: VISIBLE sig=2130837739 act=2130837721
D/SignalClusterView(  504): mobile1: VISIBLE sig=2130837717 act=0 typ=2130837668
D/SignalClusterView(  504): mobile2: VISIBLE sig=2130837711 act=0 typ=2130837668
D/SignalClusterView(  504): wifi: VISIBLE sig=2130837739 act=2130837721
D/SignalClusterView(  504): mobile1: VISIBLE sig=2130837717 act=0 typ=2130837668
D/SignalClusterView(  504): mobile2: VISIBLE sig=2130837711 act=0 typ=2130837668
D/SignalClusterView(  504): wifi: VISIBLE sig=2130837739 act=2130837721
D/SignalClusterView(  504): mobile1: VISIBLE sig=2130837717 act=0 typ=2130837668
D/SignalClusterView(  504): mobile2: VISIBLE sig=2130837711 act=0 typ=2130837668
D/StatusBar-NetworkControllerDS(  504): changing data overlay icon id to 2130837721
W/SignalStrength(  504): getGsmLevel. this.mGsmSignalBar=4, getGsmSignalStrength()== 20
W/SignalStrength(  504): getGsmLevel=4
W/SignalStrength(  504): getLevel=4 (SignalStrength: 20 255 -120 -160 -120 -1 -1 99 2147483647 -32767 2147483647 -32767 gsm|lte 4)
W/SignalStrength(  504): getGsmLevel. this.mGsmSignalBar=4, getGsmSignalStrength()== 27
W/SignalStrength(  504): getGsmLevel=4
W/SignalStrength(  504): getLevel=4 (SignalStrength: 27 255 -120 -160 -120 -1 -1 99 2147483647 -32767 2147483647 -32767 gsm|lte 4)
D/StatusBar-NetworkControllerDS(  504): refreshViews connected={ wifi } level=4|4 combinedSignalIconId=0x7f0200eb/com.android.systemui:drawable/stat_sys_wifi_signal_2 combinedActivityIconId=0x7f0200d8 mAirplaneMode=false mDataActivity1=0 mDataActivity2=0 mPhoneSignalIconId1=0x7f0200d5 mPhoneSignalIconId2=0x7f0200cf mLastPhoneSignalIconId1=0x7f0200d5 mLastPhoneSignalIconId2=0x7f0200cf mDataDirectionIconId1=0x0 mDataDirectionIconId2=0x0 mDataSignalIconId1=0x7f0200d5 mDataSignalIconId2=0x7f0200cf mDataTypeIconId1=0x7f0200a4 mDataTypeIconId2=0x7f0200a4 mWifiIconId=0x7f0200eb mRoamingIconId1=0x0 mRoamingIconId2=0x7f0200a7 mBluetoothTetherIconId=0x10806ce
D/SignalClusterView(  504): wifi: VISIBLE sig=2130837739 act=2130837720
D/SignalClusterView(  504): mobile1: VISIBLE sig=2130837717 act=0 typ=2130837668
D/SignalClusterView(  504): mobile2: VISIBLE sig=2130837711 act=0 typ=2130837668
D/SignalClusterView(  504): wifi: VISIBLE sig=2130837739 act=2130837720
D/SignalClusterView(  504): mobile1: VISIBLE sig=2130837717 act=0 typ=2130837668
D/SignalClusterView(  504): mobile2: VISIBLE sig=2130837711 act=0 typ=2130837668
D/SignalClusterView(  504): wifi: VISIBLE sig=2130837739 act=2130837720
D/SignalClusterView(  504): mobile1: VISIBLE sig=2130837717 act=0 typ=2130837668
D/SignalClusterView(  504): mobile2: VISIBLE sig=2130837711 act=0 typ=2130837668
D/StatusBar-NetworkControllerDS(  504): changing data overlay icon id to 2130837720
W/SignalStrength(  504): getGsmLevel. this.mGsmSignalBar=4, getGsmSignalStrength()== 20
W/SignalStrength(  504): getGsmLevel=4
W/SignalStrength(  504): getLevel=4 (SignalStrength: 20 255 -120 -160 -120 -1 -1 99 2147483647 -32767 2147483647 -32767 gsm|lte 4)
W/SignalStrength(  504): getGsmLevel. this.mGsmSignalBar=4, getGsmSignalStrength()== 27
W/SignalStrength(  504): getGsmLevel=4
W/SignalStrength(  504): getLevel=4 (SignalStrength: 27 255 -120 -160 -120 -1 -1 99 2147483647 -32767 2147483647 -32767 gsm|lte 4)
D/StatusBar-NetworkControllerDS(  504): refreshViews connected={ wifi } level=4|4 combinedSignalIconId=0x7f0200eb/com.android.systemui:drawable/stat_sys_wifi_signal_2 combinedActivityIconId=0x7f0200da mAirplaneMode=false mDataActivity1=0 mDataActivity2=0 mPhoneSignalIconId1=0x7f0200d5 mPhoneSignalIconId2=0x7f0200cf mLastPhoneSignalIconId1=0x7f0200d5 mLastPhoneSignalIconId2=0x7f0200cf mDataDirectionIconId1=0x0 mDataDirectionIconId2=0x0 mDataSignalIconId1=0x7f0200d5 mDataSignalIconId2=0x7f0200cf mDataTypeIconId1=0x7f0200a4 mDataTypeIconId2=0x7f0200a4 mWifiIconId=0x7f0200eb mRoamingIconId1=0x0 mRoamingIconId2=0x7f0200a7 mBluetoothTetherIconId=0x10806ce
D/SignalClusterView(  504): wifi: VISIBLE sig=2130837739 act=2130837722
D/SignalClusterView(  504): mobile1: VISIBLE sig=2130837717 act=0 typ=2130837668
D/SignalClusterView(  504): mobile2: VISIBLE sig=2130837711 act=0 typ=2130837668
D/SignalClusterView(  504): wifi: VISIBLE sig=2130837739 act=2130837722
D/SignalClusterView(  504): mobile1: VISIBLE sig=2130837717 act=0 typ=2130837668
D/SignalClusterView(  504): mobile2: VISIBLE sig=2130837711 act=0 typ=2130837668
D/SignalClusterView(  504): wifi: VISIBLE sig=2130837739 act=2130837722
D/SignalClusterView(  504): mobile1: VISIBLE sig=2130837717 act=0 typ=2130837668
D/SignalClusterView(  504): mobile2: VISIBLE sig=2130837711 act=0 typ=2130837668
D/StatusBar-NetworkControllerDS(  504): changing data overlay icon id to 2130837722
E/SMD     (  107): DCD ON
D/QCRIL_RPC(  103): Enter qcril_cm_srvsys_event_callback
D/QCRIL_RPC(  103): Exit qcril_cm_srvsys_event_callback
I/ONCRPC  (  103): rpc_handle_rpc_call: for Xid: 79740, Prog: 31000000, Vers: d17ed9ea, Proc: 00000014
I/ONCRPC  (  103): rpc_handle_rpc_call: Find Status: 0 Xid: 79740
I/ONCRPC  (  103): oncrpc_proxy_handle_cmd_rpc_call: Dispatching xid: 79740
W/SignalStrength(  504): getGsmLevel. this.mGsmSignalBar=4, getGsmSignalStrength()== 20
W/SignalStrength(  504): getGsmLevel=4
W/SignalStrength(  504): getLevel=4 (SignalStrength: 20 255 -120 -160 -120 -1 -1 99 2147483647 -32767 2147483647 -32767 gsm|lte 4)
W/SignalStrength(  504): getGsmLevel. this.mGsmSignalBar=4, getGsmSignalStrength()== 27
W/SignalStrength(  504): getGsmLevel=4
W/SignalStrength(  504): getLevel=4 (SignalStrength: 27 255 -120 -160 -120 -1 -1 99 2147483647 -32767 2147483647 -32767 gsm|lte 4)
