I/power   (  378): *** acquire_dvfs_lock : lockType : 1  freq : 1008000 
W/MTPRx   (13946): notification from stack 3
E/MTPRx   (13946): in isSyncFinished posting message with delay of 4sec
E/MTPAPP  (13946): In onCreate of MTPAPP
E/MTPAPP  (13946): disableStatusBar(). Status bar disabled
D/KeyguardViewMediator(  378): setHidden false
W/SurfaceFlinger(  111): id=2154(405) createSurface 0x1ec30ec (1x1),2 flag=400
D/KeyguardViewMediator(  378): setHidden false
D/memalloc(  111): /dev/pmem: Allocated buffer base:0x41b93000 size:1536000 offset:8663040 fd:51
D/memalloc(  378): /dev/pmem: Mapped buffer base:0x5cc0e000 size:10199040 offset:8663040 fd:379
I/Adreno200-EGLSUB(  111): <CreateImage:1017>: Android Image
I/Adreno200-EGLSUB(  111): <GetImageAttributes:1282>: RGBX_8888
D/KeyguardViewMediator(  378): setHidden false
D/KeyguardViewMediator(  378): setHidden false
D/KeyguardViewMediator(  378): setHidden false
D/KeyguardViewMediator(  378): setHidden false
D/KeyguardViewMediator(  378): setHidden false
D/KeyguardViewMediator(  378): setHidden false
D/KeyguardViewMediator(  378): setHidden false
D/KeyguardViewMediator(  378): setHidden false
E/MTPAPP  (13946): ***Phone***
E/MTPAPP  (13946): Setting portrait for Phone
D/KeyguardViewMediator(  378): setHidden false
D/memalloc(14618): /dev/pmem: Unmapping buffer base:0x5104c000 size:5713920 offset:4177920
D/KeyguardViewMediator(  378): setHidden false
D/memalloc(  111): /dev/pmem: Freeing buffer base:0x41f8f000 size:1536000 offset:4177920 fd:35
D/memalloc(14618): /dev/pmem: Unmapping buffer base:0x521f0000 size:8663040 offset:7127040
D/KeyguardViewMediator(  378): setHidden false
D/KeyguardViewMediator(  378): setHidden false
D/KeyguardViewMediator(  378): setHidden false
D/KeyguardViewMediator(  378): setHidden false
D/KeyguardViewMediator(  378): setHidden false
D/KeyguardViewMediator(  378): setHidden false
W/SignalStrength(  504): getGsmLevel. this.mGsmSignalBar=4, getGsmSignalStrength()== 20
W/SignalStrength(  504): getGsmLevel=4
W/SignalStrength(  504): getLevel=4 (SignalStrength: 20 255 -120 -160 -120 -1 -1 99 2147483647 -32767 2147483647 -32767 gsm|lte 4)
W/SignalStrength(  504): getGsmLevel. this.mGsmSignalBar=4, getGsmSignalStrength()== 30
W/SignalStrength(  504): getGsmLevel=4
W/SignalStrength(  504): getLevel=4 (SignalStrength: 30 255 -120 -160 -120 -1 -1 99 2147483647 -32767 2147483647 -32767 gsm|lte 4)
D/KeyguardViewMediator(  378): setHidden false
D/KeyguardViewMediator(  378): setHidden false
D/KeyguardViewMediator(  378): setHidden false
D/KeyguardViewMediator(  378): setHidden false
W/SurfaceFlinger(  111): id=2153 Removed idx=2 Map Size=4
W/SurfaceFlinger(  111): id=2153 Removed idx=-2 Map Size=4
D/KeyguardViewMediator(  378): setHidden false
D/memalloc(  111): /dev/pmem: Freeing buffer base:0x4225f000 size:1536000 offset:7127040 fd:48
D/KeyguardViewMediator(  378): setHidden false
D/dalvikvm(13946): GC_FOR_ALLOC freed 158K, 8% free 16831K/18211K, paused 30ms
E/MTPAPP  (13946): acquired wake lock.
E/MTPAPP  (13946): < MTP > Registering BroadCast receiver :::::
E/MTPAPP  (13946): In MTPAPP onReceive:android.intent.action.BATTERY_CHANGED
E/MTP     (13946): Plug Type : 2
E/MTPAPP  (13946): Battery charging. plugType = 2
W/SurfaceFlinger(  111): id=2155(1) createSurface 0x1ebbe04 (1x1),2 flag=400
D/KeyguardViewMediator(  378): setHidden false
D/CLIPBOARD(14618): Hide Clipboard dialog at Starting input: finished by someone else... !
I/ClipboardServiceEx(  378): Send intent for dismiss clipboard dialog inside hideCurrentInputLocked() !
I/ClipboardServiceEx(  378): mCBPickerDialog enter case. MSG_DISMISS_DIALOG
D/memalloc(  111): /dev/pmem: Allocated buffer base:0x41b93000 size:1536000 offset:4177920 fd:35
D/memalloc(13946): /dev/pmem: Mapped buffer base:0x5190b000 size:5713920 offset:4177920 fd:56
I/Adreno200-EGLSUB(  111): <CreateImage:1017>: Android Image
I/Adreno200-EGLSUB(  111): <GetImageAttributes:1282>: RGBX_8888
D/KeyguardViewMediator(  378): setHidden false
D/KeyguardViewMediator(  378): setHidden false
I/ActivityManager(  378): Displayed shortComponentName: +1s67ms
D/CLIPBOARD(13946): Hide Clipboard dialog at Starting input: finished by someone else... !
D/KeyguardViewMediator(  378): setHidden false
I/ClipboardServiceEx(  378): mCBPickerDialog enter case. MSG_DISMISS_DIALOG
D/KeyguardViewMediator(  378): setHidden false
D/KeyguardViewMediator(  378): setHidden false
D/KeyguardViewMediator(  378): setHidden false
D/KeyguardViewMediator(  378): setHidden false
D/KeyguardViewMediator(  378): setHidden false
I/ActivityThread(14840): Pub com.sec.android.widgetapp.ap.hero.accuweather.widget: com.sec.android.widgetapp.ap.hero.accuweather.widget.provider.accuweather.AccuContentProvider
D/KeyguardViewMediator(  378): setHidden false
D/KeyguardViewMediator(  378): setHidden false
D/KeyguardViewMediator(  378): setHidden false
E/com.samsung.app(14840): [MSC_HERO_REMOTE_Accu]>>> WCS:35 [0:0] onCreate()
D/KeyguardViewMediator(  378): setHidden false
D/KeyguardViewMediator(  378): setHidden false
W/SurfaceFlinger(  111): id=2154 Removed idx=3 Map Size=4
W/SurfaceFlinger(  111): id=2154 Removed idx=-2 Map Size=4
D/memalloc(  111): /dev/pmem: Freeing buffer base:0x423d6000 size:1536000 offset:8663040 fd:51
D/memalloc(  378): /dev/pmem: Unmapping buffer base:0x5cc0e000 size:10199040 offset:8663040
D/KeyguardViewMediator(  378): setHidden false
D/memalloc(  111): /dev/pmem: Allocated buffer base:0x41b93000 size:1536000 offset:7127040 fd:48
D/memalloc(13946): /dev/pmem: Mapped buffer base:0x51e7e000 size:8663040 offset:7127040 fd:62
I/Adreno200-EGLSUB(  111): <CreateImage:1017>: Android Image
I/Adreno200-EGLSUB(  111): <GetImageAttributes:1282>: RGBX_8888
W/MTPRx   (13946): notification from stack 4
W/MTPRx   (13946): notification from stack 3
E/MTPRx   (13946): in isSyncFinished posting message with delay of 4sec
W/MTPRx   (13946): notification from stack 4
W/SignalStrength(  504): getGsmLevel. this.mGsmSignalBar=4, getGsmSignalStrength()== 20
W/SignalStrength(  504): getGsmLevel=4
W/SignalStrength(  504): getLevel=4 (SignalStrength: 20 255 -120 -160 -120 -1 -1 99 2147483647 -32767 2147483647 -32767 gsm|lte 4)
W/SignalStrength(  504): getGsmLevel. this.mGsmSignalBar=4, getGsmSignalStrength()== 30
W/SignalStrength(  504): getGsmLevel=4
W/SignalStrength(  504): getLevel=4 (SignalStrength: 30 255 -120 -160 -120 -1 -1 99 2147483647 -32767 2147483647 -32767 gsm|lte 4)
E/SMD     (  107): DCD ON
W/SignalStrength(  504): getGsmLevel. this.mGsmSignalBar=4, getGsmSignalStrength()== 20
W/SignalStrength(  504): getGsmLevel=4
W/SignalStrength(  504): getLevel=4 (SignalStrength: 20 255 -120 -160 -120 -1 -1 99 2147483647 -32767 2147483647 -32767 gsm|lte 4)
W/SignalStrength(  504): getGsmLevel. this.mGsmSignalBar=4, getGsmSignalStrength()== 30
W/SignalStrength(  504): getGsmLevel=4
W/SignalStrength(  504): getLevel=4 (SignalStrength: 30 255 -120 -160 -120 -1 -1 99 2147483647 -32767 2147483647 -32767 gsm|lte 4)
W/MTPRx   (13946): notification from stack 3
E/MTPRx   (13946): in isSyncFinished posting message with delay of 4sec
W/SignalStrength(  504): getGsmLevel. this.mGsmSignalBar=4, getGsmSignalStrength()== 20
W/SignalStrength(  504): getGsmLevel=4
W/SignalStrength(  504): getLevel=4 (SignalStrength: 20 255 -120 -160 -120 -1 -1 99 2147483647 -32767 2147483647 -32767 gsm|lte 4)
W/SignalStrength(  504): getGsmLevel. this.mGsmSignalBar=4, getGsmSignalStrength()== 30
W/SignalStrength(  504): getGsmLevel=4
W/SignalStrength(  504): getLevel=4 (SignalStrength: 30 255 -120 -160 -120 -1 -1 99 2147483647 -32767 2147483647 -32767 gsm|lte 4)
W/MTPRx   (13946): notification from stack 15
E/MTPRx   (13946): Condition matched
E/MTPRx   (13946): Booster matched. Calling for boosting again.
E/MTPRx   (13946): Inside sendBooster
E/MTPRx   (13946): Sending the 5sec delayed  message BOOSTER to run again.
E/MTPRx   (13946): Sending the broadcast com.sec.android.intent.action.DVFS_BOOSTER
I/TwDVFSBroadcastReceiver(  723): onMtpIntent
D/PowerManager(  723): DVFSLock :  acquire : timeout : 4000
I/power   (  378): *** acquire_dvfs_lock : lockType : 1  freq : 1008000 
E/SMD     (  107): DCD ON
W/SignalStrength(  504): getGsmLevel. this.mGsmSignalBar=4, getGsmSignalStrength()== 20
W/SignalStrength(  504): getGsmLevel=4
W/SignalStrength(  504): getLevel=4 (SignalStrength: 20 255 -120 -160 -120 -1 -1 99 2147483647 -32767 2147483647 -32767 gsm|lte 4)
W/SignalStrength(  504): getGsmLevel. this.mGsmSignalBar=4, getGsmSignalStrength()== 30
W/SignalStrength(  504): getGsmLevel=4
W/SignalStrength(  504): getLevel=4 (SignalStrength: 30 255 -120 -160 -120 -1 -1 99 2147483647 -32767 2147483647 -32767 gsm|lte 4)
E/AlarmManagerService(  378): android_server_AlarmManagerService_set to type=0, 1420990533.161000000
W/SignalStrength(  504): getGsmLevel. this.mGsmSignalBar=4, getGsmSignalStrength()== 20
W/SignalStrength(  504): getGsmLevel=4
W/SignalStrength(  504): getLevel=4 (SignalStrength: 20 255 -120 -160 -120 -1 -1 99 2147483647 -32767 2147483647 -32767 gsm|lte 4)
W/SignalStrength(  504): getGsmLevel. this.mGsmSignalBar=4, getGsmSignalStrength()== 30
W/SignalStrength(  504): getGsmLevel=4
W/SignalStrength(  504): getLevel=4 (SignalStrength: 30 255 -120 -160 -120 -1 -1 99 2147483647 -32767 2147483647 -32767 gsm|lte 4)
D/Finsky  (14712): [1] 5.onFinished: Installation state replication succeeded.
W/MTPRx   (13946): notification from stack 15
E/MTPRx   (13946): Condition matched
E/MTPRx   (13946): Booster matched. Calling for boosting again.
E/MTPRx   (13946): Inside sendBooster
E/MTPRx   (13946): Sending the 5sec delayed  message BOOSTER to run again.
E/MTPRx   (13946): Sending the broadcast com.sec.android.intent.action.DVFS_BOOSTER
I/power   (  378): *** release_dvfs_lock : lockType : 1 
I/TwDVFSBroadcastReceiver(  723): onMtpIntent
D/PowerManager(  723): DVFSLock :  acquire : timeout : 4000
I/power   (  378): *** acquire_dvfs_lock : lockType : 1  freq : 1008000 
W/SignalStrength(  504): getGsmLevel. this.mGsmSignalBar=4, getGsmSignalStrength()== 20
W/SignalStrength(  504): getGsmLevel=4
W/SignalStrength(  504): getLevel=4 (SignalStrength: 20 255 -120 -160 -120 -1 -1 99 2147483647 -32767 2147483647 -32767 gsm|lte 4)
W/SignalStrength(  504): getGsmLevel. this.mGsmSignalBar=4, getGsmSignalStrength()== 30
W/SignalStrength(  504): getGsmLevel=4
W/SignalStrength(  504): getLevel=4 (SignalStrength: 30 255 -120 -160 -120 -1 -1 99 2147483647 -32767 2147483647 -32767 gsm|lte 4)
W/MTPRx   (13946): notification from stack 12
E/SMD     (  107): DCD ON
E/MTPRx   (13946): MS triggered
E/MTPAPP  (13946): In handleMessage, noti = 11
E/MTPAPP  (13946): onDestroy of MtpApplication. Status bar enabled
E/MTPAPP  (13946): Going to finish the MTP application
W/SignalStrength(  504): getGsmLevel. this.mGsmSignalBar=4, getGsmSignalStrength()== 20
W/SignalStrength(  504): getGsmLevel=4
W/SignalStrength(  504): getLevel=4 (SignalStrength: 20 255 -120 -160 -120 -1 -1 99 2147483647 -32767 2147483647 -32767 gsm|lte 4)
W/SignalStrength(  504): getGsmLevel. this.mGsmSignalBar=4, getGsmSignalStrength()== 30
W/SignalStrength(  504): getGsmLevel=4
W/SignalStrength(  504): getLevel=4 (SignalStrength: 30 255 -120 -160 -120 -1 -1 99 2147483647 -32767 2147483647 -32767 gsm|lte 4)
D/KeyguardViewMediator(  378): setHidden false
W/SurfaceFlinger(  111): id=2156(3) createSurface 0x1ec30ec (480x800),2 flag=400
D/KeyguardViewMediator(  378): setHidden false
D/KeyguardViewMediator(  378): setHidden false
I/ClipboardServiceEx(  378): Send intent for dismiss clipboard dialog inside hideCurrentInputLocked() !
D/CLIPBOARD(13946): Hide Clipboard dialog at Starting input: finished by someone else... !
I/ClipboardServiceEx(  378): mCBPickerDialog enter case. MSG_DISMISS_DIALOG
D/memalloc(  111): /dev/pmem: Allocated buffer base:0x41b93000 size:1536000 offset:8663040 fd:51
D/memalloc(14618): /dev/pmem: Mapped buffer base:0x5100b000 size:10199040 offset:8663040 fd:49
D/MediaScannerService( 6073): start scanning volume external: [/mnt/sdcard, /mnt/extSdCard, /mnt/UsbDriveA, /mnt/UsbDriveB, /mnt/UsbDriveC, /mnt/UsbDriveD, /mnt/UsbDriveE, /mnt/UsbDriveF]
I/Adreno200-EGLSUB(  111): <CreateImage:1017>: Android Image
I/Adreno200-EGLSUB(  111): <GetImageAttributes:1282>: RGBX_8888
D/KeyguardViewMediator(  378): setHidden false
D/KeyguardViewMediator(  378): setHidden false
D/KeyguardViewMediator(  378): setHidden false
D/KeyguardViewMediator(  378): setHidden false
D/memalloc(13946): /dev/pmem: Unmapping buffer base:0x51e7e000 size:8663040 offset:7127040
D/memalloc(  111): /dev/pmem: Freeing buffer base:0x4225f000 size:1536000 offset:7127040 fd:48
D/memalloc(13946): /dev/pmem: Unmapping buffer base:0x5190b000 size:5713920 offset:4177920
E/AlarmManagerService(  378): android_server_AlarmManagerService_set to type=0, 1420990191.136000000
D/KeyguardViewMediator(  378): setHidden false
D/KeyguardViewMediator(  378): setHidden false
D/KeyguardViewMediator(  378): setHidden false
D/KeyguardViewMediator(  378): setHidden false
D/KeyguardViewMediator(  378): setHidden false
D/dalvikvm(  378): GC_CONCURRENT freed 2400K, 59% free 17349K/41891K, paused 7ms+29ms
D/dalvikvm(  378): GC_EXPLICIT freed 123K, 59% free 17256K/41891K, paused 12ms+26ms
D/KeyguardViewMediator(  378): setHidden false
D/KeyguardViewMediator(  378): setHidden false
W/SurfaceFlinger(  111): id=2155 Removed idx=5 Map Size=4
W/SurfaceFlinger(  111): id=2155 Removed idx=-2 Map Size=4
D/memalloc(  111): /dev/pmem: Freeing buffer base:0x41f8f000 size:1536000 offset:4177920 fd:35
E/MTPAPP  (13946): In destroy, wake lock releaseed, unregistering broadcast receiver
D/KeyguardViewMediator(  378): setHidden false
I/iu.UploadsManager(13352): End new media; added: 0, uploading: 0, time: 535 ms
W/SignalStrength(  504): getGsmLevel. this.mGsmSignalBar=4, getGsmSignalStrength()== 20
W/SignalStrength(  504): getGsmLevel=4
W/SignalStrength(  504): getLevel=4 (SignalStrength: 20 255 -120 -160 -120 -1 -1 99 2147483647 -32767 2147483647 -32767 gsm|lte 4)
W/SignalStrength(  504): getGsmLevel. this.mGsmSignalBar=4, getGsmSignalStrength()== 30
W/SignalStrength(  504): getGsmLevel=4
W/SignalStrength(  504): getLevel=4 (SignalStrength: 30 255 -120 -160 -120 -1 -1 99 2147483647 -32767 2147483647 -32767 gsm|lte 4)
D/memalloc(  111): /dev/pmem: Allocated buffer base:0x41b93000 size:1536000 offset:4177920 fd:35
D/memalloc(14618): /dev/pmem: Mapped buffer base:0x51c7d000 size:5713920 offset:4177920 fd:52
I/Adreno200-EGLSUB(  111): <CreateImage:1017>: Android Image
I/Adreno200-EGLSUB(  111): <GetImageAttributes:1282>: RGBX_8888
E/MTPAPP  (13946): animImg object is null
I/InputReader(  378): Touch event's action is 0x0 (deviceType=0) [pCnt=1, pending(waiting finished signal)=0, s=0.5340 ]
I/InputDispatcher(  378): Delivering touch to current input target: action: 0x0
D/lights  (  378): write_int /sys/class/leds/button-backlight/brightness = 255
D/dalvikvm( 6073): GC_CONCURRENT freed 326K, 27% free 12869K/17507K, paused 2ms+7ms
V/MediaScanner( 6073): processDirectory :  /mnt/sdcard
I/InputReader(  378): Touch event's action is 0x1 (deviceType=0) [pCnt=1, pending(waiting finished signal)=0, s=]
I/InputDispatcher(  378): Delivering touch to current input target: action: 0x1
I/AudioPolicyManagerBase(  114): getSituationVolume: isBTConnected:0 isHeadConnected:0
V/AudioPolicyManagerBase(  114): getParamFromPolicy  deviceInt = 0, situationInt = 1, situationVolume = 0.300000
D/AudioService(  378): playSoundEffect()
E/SoundPool(  378): play sampleID=1, leftVolume=0.300000, rightVolume=0.300000, priority=0, loop=0, rate=1.000000
E/SoundPool(  378): Allocated active channel
E/SoundPool(  378): play channel 0x20e75d0 state = 0
E/SoundPool(  378): SoundChannel::play 0x20e75d0: sampleID=1, channelID=1531, leftVolume=0.300000, rightVolume=0.300000, priority=0, loop=0, rate=1.000000
E/SoundPool(  378): setVolume 0x24eb0a8
V/AudioPolicyManager(  114): startOutput() output 1, stream 1, session 2327
V/AudioPolicyManagerBase(  114): getDeviceForStrategy() from cache strategy 0, device 2
V/AudioPolicyManagerBase(  114): getNewDevice() selected device 0
V/AudioPolicyManagerBase(  114): changeRefCount() stream 1, count 1
V/AudioPolicyManagerBase(  114): getDeviceForStrategy() from cache strategy 0, device 2
V/AudioPolicyManagerBase(  114): getNewDevice() selected device 2
V/AudioPolicyManager(  114): setOutputDevice() output 1 device 2 delayMs 0 force 0
V/AudioPolicyManager(  114): setOutputDevice output :0x1 mCurDevice:0x2
V/AudioPolicyManager(  114): setOutputDevice() setting same device 2 or null device for output 1
E/SoundPool(  378): delete oldTrack 0x2b5ee80
V/AudioPolicyManagerBase(  114): releaseOutput() 1
V/AudioHardwareMSM7X27A(  114): open driver
V/AudioHardwareMSM7X27A(  114): get config
V/AudioHardwareMSM7X27A(  114): set config
V/AudioHardwareMSM7X27A(  114): buffer_size: 4800
V/AudioHardwareMSM7X27A(  114): buffer_count: 2
V/AudioHardwareMSM7X27A(  114): channel_count: 2
V/AudioHardwareMSM7X27A(  114): sample_rate: 44100
I/UninstallAppProgress(14618): Finished uninstalling pkg: XX.XXXXXXX.XXXXXXXX
D/KeyguardViewMediator(  378): setHidden false
V/AudioHardwareMSM7X27A(  114): MBADRC Enabled
I/AudioHardwareMSM7X27A(  114): Enabling post proc features with mask 0x0000
W/SurfaceFlinger(  111): id=2157(246) createSurface 0x1ebbe04 (480x800),2 flag=400
D/KeyguardViewMediator(  378): setHidden false
D/CLIPBOARD(14618): Hide Clipboard dialog at Starting input: finished by someone else... !
I/ClipboardServiceEx(  378): mCBPickerDialog enter case. MSG_DISMISS_DIALOG
I/ClipboardServiceEx(  378): Send intent for dismiss clipboard dialog inside hideCurrentInputLocked() !
V/AudioPolicyManager(  114): stopOutput() output 1, stream 1, session 2327
V/AudioPolicyManagerBase(  114): changeRefCount() stream 1, count 0
V/AudioPolicyManagerBase(  114): getNewDevice() selected device 0
V/AudioPolicyManagerBase(  114): getNewDevice() selected device 0
V/AudioPolicyManager(  114): setOutputDevice() output 1 device 0 delayMs 72 force 0
V/AudioPolicyManager(  114): setOutputDevice() setting same device 0 or null device for output 1
D/memalloc(  111): /dev/pmem: Allocated buffer base:0x41b93000 size:1536000 offset:7127040 fd:48
D/memalloc( 4006): /dev/pmem: Mapped buffer base:0x52a4e000 size:8663040 offset:7127040 fd:61
I/Adreno200-EGLSUB(  111): <CreateImage:1017>: Android Image
I/Adreno200-EGLSUB(  111): <GetImageAttributes:1282>: RGBX_8888
D/KeyguardViewMediator(  378): setHidden false
W/SignalStrength(  504): getGsmLevel. this.mGsmSignalBar=4, getGsmSignalStrength()== 20
W/SignalStrength(  504): getGsmLevel=4
W/SignalStrength(  504): getLevel=4 (SignalStrength: 20 255 -120 -160 -120 -1 -1 99 2147483647 -32767 2147483647 -32767 gsm|lte 4)
W/SignalStrength(  504): getGsmLevel. this.mGsmSignalBar=4, getGsmSignalStrength()== 30
W/SignalStrength(  504): getGsmLevel=4
W/SignalStrength(  504): getLevel=4 (SignalStrength: 30 255 -120 -160 -120 -1 -1 99 2147483647 -32767 2147483647 -32767 gsm|lte 4)
D/KeyguardViewMediator(  378): setHidden false
D/KeyguardViewMediator(  378): setHidden false
D/KeyguardViewMediator(  378): setHidden false
D/memalloc(14618): /dev/pmem: Unmapping buffer base:0x5100b000 size:10199040 offset:8663040
D/memalloc(  111): /dev/pmem: Freeing buffer base:0x423d6000 size:1536000 offset:8663040 fd:51
D/memalloc(14618): /dev/pmem: Unmapping buffer base:0x51c7d000 size:5713920 offset:4177920
D/KeyguardViewMediator(  378): setHidden false
D/KeyguardViewMediator(  378): setHidden false
W/SurfaceFlinger(  111): id=2156 Removed idx=4 Map Size=4
W/SurfaceFlinger(  111): id=2156 Removed idx=-2 Map Size=4
D/memalloc(  111): /dev/pmem: Freeing buffer base:0x41f8f000 size:1536000 offset:4177920 fd:35
D/KeyguardViewMediator(  378): setHidden false
E/SMD     (  107): DCD ON
W/SignalStrength(  504): getGsmLevel. this.mGsmSignalBar=4, getGsmSignalStrength()== 20
W/SignalStrength(  504): getGsmLevel=4
W/SignalStrength(  504): getLevel=4 (SignalStrength: 20 255 -120 -160 -120 -1 -1 99 2147483647 -32767 2147483647 -32767 gsm|lte 4)
W/SignalStrength(  504): getGsmLevel. this.mGsmSignalBar=4, getGsmSignalStrength()== 30
W/SignalStrength(  504): getGsmLevel=4
W/SignalStrength(  504): getLevel=4 (SignalStrength: 30 255 -120 -160 -120 -1 -1 99 2147483647 -32767 2147483647 -32767 gsm|lte 4)
W/MTPRx   (13946): notification from stack 15
E/MTPRx   (13946): Condition matched
I/power   (  378): *** release_dvfs_lock : lockType : 1 
D/lights  (  378): write_int /sys/class/leds/button-backlight/brightness = 0
D/memalloc(  111): /dev/pmem: Allocated buffer base:0x41b93000 size:1536000 offset:4177920 fd:35
D/memalloc( 4006): /dev/pmem: Mapped buffer base:0x53291000 size:5713920 offset:4177920 fd:68
I/Adreno200-EGLSUB(  111): <CreateImage:1017>: Android Image
I/Adreno200-EGLSUB(  111): <GetImageAttributes:1282>: RGBX_8888
W/SignalStrength(  504): getGsmLevel. this.mGsmSignalBar=4, getGsmSignalStrength()== 20
W/SignalStrength(  504): getGsmLevel=4
W/SignalStrength(  504): getLevel=4 (SignalStrength: 20 255 -120 -160 -120 -1 -1 99 2147483647 -32767 2147483647 -32767 gsm|lte 4)
W/SignalStrength(  504): getGsmLevel. this.mGsmSignalBar=4, getGsmSignalStrength()== 30
W/SignalStrength(  504): getGsmLevel=4
W/SignalStrength(  504): getLevel=4 (SignalStrength: 30 255 -120 -160 -120 -1 -1 99 2147483647 -32767 2147483647 -32767 gsm|lte 4)
D/InputReader(  378): Input event: value=1
D/lights  (  378): write_int /sys/class/leds/button-backlight/brightness = 255
I/InputDispatcher(  378): Delivering key to current input target: action: 0x0
I/AudioPolicyManagerBase(  114): getSituationVolume: isBTConnected:0 isHeadConnected:0
V/AudioPolicyManagerBase(  114): getParamFromPolicy  deviceInt = 0, situationInt = 1, situationVolume = 0.300000
D/AudioService(  378): playSoundEffect()
E/SoundPool(  378): play sampleID=1, leftVolume=0.300000, rightVolume=0.300000, priority=0, loop=0, rate=1.000000
E/SoundPool(  378): Allocated active channel
E/SoundPool(  378): play channel 0x20e75d0 state = 0
E/SoundPool(  378): SoundChannel::play 0x20e75d0: sampleID=1, channelID=1532, leftVolume=0.300000, rightVolume=0.300000, priority=0, loop=0, rate=1.000000
E/SoundPool(  378): setVolume 0x2a73ca8
V/AudioPolicyManager(  114): startOutput() output 1, stream 1, session 2328
V/AudioPolicyManagerBase(  114): getDeviceForStrategy() from cache strategy 0, device 2
V/AudioPolicyManagerBase(  114): getNewDevice() selected device 0
V/AudioPolicyManagerBase(  114): changeRefCount() stream 1, count 1
V/AudioPolicyManagerBase(  114): getDeviceForStrategy() from cache strategy 0, device 2
V/AudioPolicyManagerBase(  114): getNewDevice() selected device 2
V/AudioPolicyManager(  114): setOutputDevice() output 1 device 2 delayMs 0 force 0
V/AudioPolicyManager(  114): setOutputDevice output :0x1 mCurDevice:0x2
V/AudioPolicyManager(  114): setOutputDevice() setting same device 2 or null device for output 1
E/SoundPool(  378): delete oldTrack 0x24eb0a8
V/AudioPolicyManagerBase(  114): releaseOutput() 1
D/InputReader(  378): Input event: value=0
I/InputDispatcher(  378): Delivering key to current input target: action: 0x1
I/ClipboardServiceEx(  378): mCBPickerDialog enter case. MSG_DISMISS_DIALOG
I/power   (  378): *** acquire_dvfs_lock : lockType : 1  freq : 1008000 
D/KeyguardViewMediator(  378): setHidden false
I/WifiEnabler( 4006): Resume : 3
I/BluetoothPolicyService(  378): isBluetoothEnabled 
W/SurfaceFlinger(  111): id=2158(247) createSurface 0x1e7d424 (480x800),2 flag=400
V/AudioPolicyManager(  114): stopOutput() output 1, stream 1, session 2328
V/AudioPolicyManagerBase(  114): changeRefCount() stream 1, count 0
V/AudioPolicyManagerBase(  114): getNewDevice() selected device 0
V/AudioPolicyManagerBase(  114): getNewDevice() selected device 0
V/AudioPolicyManager(  114): setOutputDevice() output 1 device 0 delayMs 72 force 0
V/AudioPolicyManager(  114): setOutputDevice() setting same device 0 or null device for output 1
D/KeyguardViewMediator(  378): setHidden false
D/memalloc(  111): /dev/pmem: Allocated buffer base:0x41b93000 size:1536000 offset:8663040 fd:51
D/memalloc( 4006): /dev/pmem: Mapped buffer base:0x53804000 size:10199040 offset:8663040 fd:71
I/ClipboardServiceEx(  378): Send intent for dismiss clipboard dialog inside hideCurrentInputLocked() !
I/Adreno200-EGLSUB(  111): <CreateImage:1017>: Android Image
I/Adreno200-EGLSUB(  111): <GetImageAttributes:1282>: RGBX_8888
D/KeyguardViewMediator(  378): setHidden false
--------- beginning of /dev/log/system
D/DEFERED_APP_VISIBILITY(  378): tweaking closing app
D/DEFERED_APP_VISIBILITY(  378): app visibility setting is defered!
D/KeyguardViewMediator(  378): setHidden false
D/KeyguardViewMediator(  378): setHidden false
D/KeyguardViewMediator(  378): setHidden false
D/memalloc(  111): /dev/pmem: Allocated buffer base:0x41b93000 size:1536000 offset:10199040 fd:54
D/KeyguardViewMediator(  378): setHidden false
D/memalloc( 4006): /dev/pmem: Mapped buffer base:0x541be000 size:11735040 offset:10199040 fd:77
D/KeyguardViewMediator(  378): setHidden false
D/KeyguardViewMediator(  378): setHidden false
D/KeyguardViewMediator(  378): setHidden false
D/KeyguardViewMediator(  378): setHidden false
D/KeyguardViewMediator(  378): setHidden false
D/KeyguardViewMediator(  378): setHidden false
D/KeyguardViewMediator(  378): setHidden false
D/KeyguardViewMediator(  378): setHidden false
I/power   (  378): *** release_dvfs_lock : lockType : 1 
D/PowerManagerService(  378): releaseDVFSLockLocked : all DVFS_MIN_LIMIT are released 
I/Adreno200-EGLSUB(  111): <CreateImage:1017>: Android Image
I/Adreno200-EGLSUB(  111): <GetImageAttributes:1282>: RGBX_8888
D/memalloc( 4006): /dev/pmem: Unmapping buffer base:0x53291000 size:5713920 offset:4177920
D/memalloc(  111): /dev/pmem: Freeing buffer base:0x41f8f000 size:1536000 offset:4177920 fd:35
D/memalloc( 4006): /dev/pmem: Unmapping buffer base:0x52a4e000 size:8663040 offset:7127040
W/SurfaceFlinger(  111): id=2157 Removed idx=3 Map Size=4
D/KeyguardViewMediator(  378): setHidden false
W/SurfaceFlinger(  111): id=2157 Removed idx=-2 Map Size=4
D/memalloc(  111): /dev/pmem: Freeing buffer base:0x4225f000 size:1536000 offset:7127040 fd:48
D/InputReader(  378): Input event: value=1
I/InputDispatcher(  378): Delivering key to current input target: action: 0x0
I/AudioPolicyManagerBase(  114): getSituationVolume: isBTConnected:0 isHeadConnected:0
V/AudioPolicyManagerBase(  114): getParamFromPolicy  deviceInt = 0, situationInt = 1, situationVolume = 0.300000
D/AudioService(  378): playSoundEffect()
E/SoundPool(  378): play sampleID=1, leftVolume=0.300000, rightVolume=0.300000, priority=0, loop=0, rate=1.000000
E/SoundPool(  378): Allocated active channel
E/SoundPool(  378): play channel 0x20e75d0 state = 0
E/SoundPool(  378): SoundChannel::play 0x20e75d0: sampleID=1, channelID=1533, leftVolume=0.300000, rightVolume=0.300000, priority=0, loop=0, rate=1.000000
E/SoundPool(  378): setVolume 0x24eb0a8
V/AudioPolicyManager(  114): startOutput() output 1, stream 1, session 2329
V/AudioPolicyManagerBase(  114): getDeviceForStrategy() from cache strategy 0, device 2
V/AudioPolicyManagerBase(  114): getNewDevice() selected device 0
V/AudioPolicyManagerBase(  114): changeRefCount() stream 1, count 1
V/AudioPolicyManagerBase(  114): getDeviceForStrategy() from cache strategy 0, device 2
V/AudioPolicyManagerBase(  114): getNewDevice() selected device 2
V/AudioPolicyManager(  114): setOutputDevice() output 1 device 2 delayMs 0 force 0
V/AudioPolicyManager(  114): setOutputDevice output :0x1 mCurDevice:0x2
V/AudioPolicyManager(  114): setOutputDevice() setting same device 2 or null device for output 1
E/SoundPool(  378): delete oldTrack 0x2a73ca8
V/AudioPolicyManagerBase(  114): releaseOutput() 1
D/InputReader(  378): Input event: value=0
I/InputDispatcher(  378): Delivering key to current input target: action: 0x1
I/ClipboardServiceEx(  378): mCBPickerDialog enter case. MSG_DISMISS_DIALOG
I/WifiEnabler( 4006): Pause : 3
I/BluetoothPolicyService(  378): isBluetoothEnabled 
D/KeyguardViewMediator(  378): setHidden false
V/WindowManager(  378): rotationForOrientationLw(orient=5, last=0); user=0 USER_ROTATION_LOCKED mLidOpen=-1 mDockMode=0 mHdmiPlugged=false mAccelerometerDefault=0 sensorRotation=-1
D/KeyguardViewMediator(  378): setHidden false
D/Launcher(  784): onRestart, Launcher: 1098590704
D/Launcher(  784): onStart, Launcher: 1098590704
D/Launcher.HomeFragment(  784): onStart
D/Launcher(  784): onResume, Launcher: 1098590704
E/Launcher(  784): Error finding setting, default accessibility to not found: accessibility_enabled
D/Launcher.HomeFragment(  784): onResume
E/ActivityThread(  784): Failed to find provider info for com.samsung.helphub.provider
D/MenuAppsGridFragment(  784): onResume
D/Launcher.MenuAppsGrid(  784): StateObj::getAppsList() item count = 41
V/AudioPolicyManager(  114): stopOutput() output 1, stream 1, session 2329
V/AudioPolicyManagerBase(  114): changeRefCount() stream 1, count 0
V/AudioPolicyManagerBase(  114): getNewDevice() selected device 0
V/AudioPolicyManagerBase(  114): getNewDevice() selected device 0
V/AudioPolicyManager(  114): setOutputDevice() output 1 device 0 delayMs 72 force 0
V/AudioPolicyManager(  114): setOutputDevice() setting same device 0 or null device for output 1
W/SignalStrength(  504): getGsmLevel. this.mGsmSignalBar=4, getGsmSignalStrength()== 20
W/SignalStrength(  504): getGsmLevel=4
W/SignalStrength(  504): getLevel=4 (SignalStrength: 20 255 -120 -160 -120 -1 -1 99 2147483647 -32767 2147483647 -32767 gsm|lte 4)
W/SignalStrength(  504): getGsmLevel. this.mGsmSignalBar=4, getGsmSignalStrength()== 30
W/SignalStrength(  504): getGsmLevel=4
W/SignalStrength(  504): getLevel=4 (SignalStrength: 30 255 -120 -160 -120 -1 -1 99 2147483647 -32767 2147483647 -32767 gsm|lte 4)
D/TWStatusBar-NetworkControllerDS(  504): onReceive() - RSSI_CHANGED_ACTION, WIFI_STATE, NETWORK_STATE
D/StatusBar-NetworkControllerDS(  504): refreshViews connected={ wifi } level=4|4 combinedSignalIconId=0x7f0200ed/com.android.systemui:drawable/stat_sys_wifi_signal_3 combinedActivityIconId=0x7f0200da mAirplaneMode=false mDataActivity1=0 mDataActivity2=0 mPhoneSignalIconId1=0x7f0200d5 mPhoneSignalIconId2=0x7f0200cf mLastPhoneSignalIconId1=0x7f0200d5 mLastPhoneSignalIconId2=0x7f0200cf mDataDirectionIconId1=0x0 mDataDirectionIconId2=0x0 mDataSignalIconId1=0x7f0200d5 mDataSignalIconId2=0x7f0200cf mDataTypeIconId1=0x7f0200a4 mDataTypeIconId2=0x7f0200a4 mWifiIconId=0x7f0200ed mRoamingIconId1=0x0 mRoamingIconId2=0x7f0200a7 mBluetoothTetherIconId=0x10806ce
D/SignalClusterView(  504): wifi: VISIBLE sig=2130837741 act=2130837722
D/SignalClusterView(  504): mobile1: VISIBLE sig=2130837717 act=0 typ=2130837668
D/SignalClusterView(  504): mobile2: VISIBLE sig=2130837711 act=0 typ=2130837668
D/SignalClusterView(  504): wifi: VISIBLE sig=2130837741 act=2130837722
D/SignalClusterView(  504): mobile1: VISIBLE sig=2130837717 act=0 typ=2130837668
D/SignalClusterView(  504): mobile2: VISIBLE sig=2130837711 act=0 typ=2130837668
D/SignalClusterView(  504): wifi: VISIBLE sig=2130837741 act=2130837722
D/SignalClusterView(  504): mobile1: VISIBLE sig=2130837717 act=0 typ=2130837668
D/SignalClusterView(  504): mobile2: VISIBLE sig=2130837711 act=0 typ=2130837668
E/SMD     (  107): DCD ON
W/SurfaceFlinger(  111): id=2159(234) createSurface 0x1ebbe04 (480x800),1 flag=0
D/STATUSBAR-StatusBarManagerService(  378): setSystemUiVisibility(0x0)
D/STATUSBAR-StatusBarManagerService(  378): manageDisableList what=0x0 pkg=WindowManager.LayoutParams
D/KeyguardViewMediator(  378): setHidden false
I/Adreno200-EGLSUB(  784): <ConfigWindowMatch:2218>: Format RGBA_8888.
D/memalloc(  111): /dev/pmem: Allocated buffer base:0x41b93000 size:1536000 offset:4177920 fd:35
D/memalloc(  784): /dev/pmem: Mapped buffer base:0x5302a000 size:5713920 offset:4177920 fd:58
W/SignalStrength(  504): getGsmLevel. this.mGsmSignalBar=4, getGsmSignalStrength()== 20
W/SignalStrength(  504): getGsmLevel=4
W/SignalStrength(  504): getLevel=4 (SignalStrength: 20 255 -120 -160 -120 -1 -1 99 2147483647 -32767 2147483647 -32767 gsm|lte 4)
W/SignalStrength(  504): getGsmLevel. this.mGsmSignalBar=4, getGsmSignalStrength()== 30
W/SignalStrength(  504): getGsmLevel=4
W/SignalStrength(  504): getLevel=4 (SignalStrength: 30 255 -120 -160 -120 -1 -1 99 2147483647 -32767 2147483647 -32767 gsm|lte 4)
I/ClipboardServiceEx(  378): Send intent for dismiss clipboard dialog inside hideCurrentInputLocked() !
D/StatusBar-NetworkControllerDS(  504): refreshViews connected={ wifi } level=4|4 combinedSignalIconId=0x7f0200ed/com.android.systemui:drawable/stat_sys_wifi_signal_3 combinedActivityIconId=0x7f0200d9 mAirplaneMode=false mDataActivity1=0 mDataActivity2=0 mPhoneSignalIconId1=0x7f0200d5 mPhoneSignalIconId2=0x7f0200cf mLastPhoneSignalIconId1=0x7f0200d5 mLastPhoneSignalIconId2=0x7f0200cf mDataDirectionIconId1=0x0 mDataDirectionIconId2=0x0 mDataSignalIconId1=0x7f0200d5 mDataSignalIconId2=0x7f0200cf mDataTypeIconId1=0x7f0200a4 mDataTypeIconId2=0x7f0200a4 mWifiIconId=0x7f0200ed mRoamingIconId1=0x0 mRoamingIconId2=0x7f0200a7 mBluetoothTetherIconId=0x10806ce
D/SignalClusterView(  504): wifi: VISIBLE sig=2130837741 act=2130837721
D/SignalClusterView(  504): mobile1: VISIBLE sig=2130837717 act=0 typ=2130837668
D/SignalClusterView(  504): mobile2: VISIBLE sig=2130837711 act=0 typ=2130837668
D/SignalClusterView(  504): wifi: VISIBLE sig=2130837741 act=2130837721
D/SignalClusterView(  504): mobile1: VISIBLE sig=2130837717 act=0 typ=2130837668
D/SignalClusterView(  504): mobile2: VISIBLE sig=2130837711 act=0 typ=2130837668
D/SignalClusterView(  504): wifi: VISIBLE sig=2130837741 act=2130837721
D/SignalClusterView(  504): mobile1: VISIBLE sig=2130837717 act=0 typ=2130837668
D/SignalClusterView(  504): mobile2: VISIBLE sig=2130837711 act=0 typ=2130837668
D/StatusBar-NetworkControllerDS(  504): changing data overlay icon id to 2130837721
W/InputManagerService(  378): Starting input on non-focused client com.android.internal.view.IInputMethodClient$Stub$Proxy@41171440 (uid=1000 pid=4006)
V/InputManagerService(  378): Starting input on non-focused client mCurClient info is ClientState{41af4f00 uid 10059 pid 784}
D/memalloc(  111): /dev/pmem: Allocated buffer base:0x41b93000 size:1536000 offset:7127040 fd:48
D/memalloc(  784): /dev/pmem: Mapped buffer base:0x5419a000 size:8663040 offset:7127040 fd:65
I/Adreno200-EGLSUB(  111): <CreateImage:1017>: Android Image
I/Adreno200-EGLSUB(  111): <GetImageAttributes:1226>: RGBA_8888
D/KeyguardViewMediator(  378): setHidden false
E/WallpaperService(  378): WallpaperManagerService currSimId:0
V/WallpaperService(  378): WallpaperManagerService getWallpaper : width 800Height 800
D/DEFERED_APP_VISIBILITY(  378): tweaking closing app
D/DEFERED_APP_VISIBILITY(  378): app visibility setting is defered!
D/KeyguardViewMediator(  378): setHidden false
D/KeyguardViewMediator(  378): setHidden false
D/KeyguardViewMediator(  378): setHidden false
D/KeyguardViewMediator(  378): setHidden false
D/KeyguardViewMediator(  378): setHidden false
D/memalloc(  111): /dev/pmem: Allocated buffer base:0x41b93000 size:1536000 offset:11735040 fd:57
D/KeyguardViewMediator(  378): setHidden false
D/memalloc(  784): /dev/pmem: Mapped buffer base:0x54d45000 size:13271040 offset:11735040 fd:68
I/ActivityThread(14866): Pub com.android.mms.SuggestionsProvider: com.android.mms.SuggestionsProvider
D/KeyguardViewMediator(  378): setHidden false
I/Adreno200-EGLSUB(  111): <CreateImage:1017>: Android Image
I/Adreno200-EGLSUB(  111): <GetImageAttributes:1226>: RGBA_8888
D/KeyguardViewMediator(  378): setHidden false
D/Mms/MmsApp(14866): [start]    onCreate()
D/KeyguardViewMediator(  378): setHidden false
D/KeyguardViewMediator(  378): setHidden false
D/dalvikvm(  504): GC_FOR_ALLOC freed 3242K, 44% free 15276K/26915K, paused 215ms
D/KeyguardViewMediator(  378): setHidden false
D/KeyguardViewMediator(  378): setHidden false
D/KeyguardViewMediator(  378): setHidden false
D/memalloc( 4006): /dev/pmem: Unmapping buffer base:0x541be000 size:11735040 offset:10199040
D/memalloc(  111): /dev/pmem: Freeing buffer base:0x4254d000 size:1536000 offset:10199040 fd:54
D/memalloc( 4006): /dev/pmem: Unmapping buffer base:0x53804000 size:10199040 offset:8663040
W/SurfaceFlinger(  111): id=2158 Removed idx=4 Map Size=4
W/SurfaceFlinger(  111): id=2158 Removed idx=-2 Map Size=4
D/KeyguardViewMediator(  378): setHidden false
D/memalloc(  111): /dev/pmem: Freeing buffer base:0x423d6000 size:1536000 offset:8663040 fd:51
D/lights  (  378): write_int /sys/class/leds/button-backlight/brightness = 0
V/PowerManagerService(  378): Top Most Needs Intelligent Sleep: true
W/PowerManagerService(  378): Timer 0x7->0x3|0x0
I/PowerManagerService(  378): Ulight 0x7->0x3|0x0
D/PowerManagerService(  378): setLightBrightness : mButtonLight : 0
W/Resources(14866): Converting to string: TypedValue{t=0x10/d=0x4 a=-1}
W/Resources(14866): Converting to string: TypedValue{t=0x10/d=0x4 a=-1}
W/Resources(14866): Converting to string: TypedValue{t=0x10/d=0x2 a=-1}
W/Resources(14866): Converting to string: TypedValue{t=0x10/d=0x2 a=-1}
W/Resources(14866): Converting to string: TypedValue{t=0x10/d=0x0 a=-1}
W/Resources(14866): Converting to string: TypedValue{t=0x10/d=0x0 a=-1}
W/Resources(14866): Converting to string: TypedValue{t=0x10/d=0x50 a=-1}
W/Resources(14866): Converting to string: TypedValue{t=0x10/d=0x1 a=-1}
W/Resources(14866): Converting to string: TypedValue{t=0x10/d=0x1 a=-1}
W/Resources(14866): Converting to string: TypedValue{t=0x10/d=0x0 a=-1}
W/Resources(14866): Converting to string: TypedValue{t=0x10/d=0x0 a=-1}
W/Resources(14866): Converting to string: TypedValue{t=0x10/d=0x2 a=-1}
W/Resources(14866): Converting to string: TypedValue{t=0x10/d=0xf0 a=-1}
D/plugin  (14866): isDualSIM()
D/plugin  (14866): getSimState() simSlot:0
D/plugin  (14866): getSimState() simSlot:1
V/Mms/MmsConfig(14866): MmsConfig.init()
I/PlugInServiceManager(14866): loadService service className : android.plugin.dsds.PlugInDsdsServiceImpl
I/PlugInServiceManager(14866): registerPlugIn index : [0] service : [DSDS]
V/Mms/MmsConfig(14866): mEnableSmsServerTime=false
V/Mms/MmsConfig(14866): mEnableMmsServerTime=true
V/Mms/MmsConfig(14866): mEnableReceivePortSMS=true
V/Mms/MmsConfig(14866): mMmsExpiry=604800
V/Mms/MmsConfig(14866): Transaction Timeout: 240000
W/SignalStrength(  504): getGsmLevel. this.mGsmSignalBar=4, getGsmSignalStrength()== 20
W/SignalStrength(  504): getGsmLevel=4
W/SignalStrength(  504): getLevel=4 (SignalStrength: 20 255 -120 -160 -120 -1 -1 99 2147483647 -32767 2147483647 -32767 gsm|lte 4)
W/SignalStrength(  504): getGsmLevel. this.mGsmSignalBar=4, getGsmSignalStrength()== 30
W/SignalStrength(  504): getGsmLevel=4
W/SignalStrength(  504): getLevel=4 (SignalStrength: 30 255 -120 -160 -120 -1 -1 99 2147483647 -32767 2147483647 -32767 gsm|lte 4)
D/StatusBar-NetworkControllerDS(  504): refreshViews connected={ wifi } level=4|4 combinedSignalIconId=0x7f0200ed/com.android.systemui:drawable/stat_sys_wifi_signal_3 combinedActivityIconId=0x7f0200da mAirplaneMode=false mDataActivity1=0 mDataActivity2=0 mPhoneSignalIconId1=0x7f0200d5 mPhoneSignalIconId2=0x7f0200cf mLastPhoneSignalIconId1=0x7f0200d5 mLastPhoneSignalIconId2=0x7f0200cf mDataDirectionIconId1=0x0 mDataDirectionIconId2=0x0 mDataSignalIconId1=0x7f0200d5 mDataSignalIconId2=0x7f0200cf mDataTypeIconId1=0x7f0200a4 mDataTypeIconId2=0x7f0200a4 mWifiIconId=0x7f0200ed mRoamingIconId1=0x0 mRoamingIconId2=0x7f0200a7 mBluetoothTetherIconId=0x10806ce
D/SignalClusterView(  504): wifi: VISIBLE sig=2130837741 act=2130837722
D/SignalClusterView(  504): mobile1: VISIBLE sig=2130837717 act=0 typ=2130837668
D/SignalClusterView(  504): mobile2: VISIBLE sig=2130837711 act=0 typ=2130837668
D/SignalClusterView(  504): wifi: VISIBLE sig=2130837741 act=2130837722
D/SignalClusterView(  504): mobile1: VISIBLE sig=2130837717 act=0 typ=2130837668
D/SignalClusterView(  504): mobile2: VISIBLE sig=2130837711 act=0 typ=2130837668
D/SignalClusterView(  504): wifi: VISIBLE sig=2130837741 act=2130837722
D/SignalClusterView(  504): mobile1: VISIBLE sig=2130837717 act=0 typ=2130837668
D/SignalClusterView(  504): mobile2: VISIBLE sig=2130837711 act=0 typ=2130837668
D/StatusBar-NetworkControllerDS(  504): changing data overlay icon id to 2130837722
D/Mms/ComposeMessageFragment(14866): Loading composer Left-Attach layout
I/InputReader(  378): Touch event's action is 0x0 (deviceType=0) [pCnt=1, pending(waiting finished signal)=0, s=0.5341 ]
I/InputDispatcher(  378): Delivering touch to current input target: action: 0x0
I/InputDispatcher(  378): Delivering touch to current input target: action: 0x0
I/PowerManagerService(  378): Ulight 0x3->0x7|0x0
D/PowerManagerService(  378): setLightBrightness : mButtonLight : 248
D/lights  (  378): write_int /sys/class/leds/button-backlight/brightness = 255
D/AbsListView(14866): Get MotionRecognitionManager
D/AbsListView(14866): Get MotionRecognitionManager
D/Mms/MmsApp(14866): got country
D/plugin  (  693): getDefaultSubscription()
D/plugin  (  693): getDefaultSubscription()
I/InputReader(  378): Touch event's action is 0x1 (deviceType=0) [pCnt=1, pending(waiting finished signal)=0, s=]
I/InputDispatcher(  378): Delivering touch to current input target: action: 0x1
I/InputDispatcher(  378): Delivering touch to current input target: action: 0x1
V/Mms/Contact(14866): init()
I/AudioPolicyManagerBase(  114): getSituationVolume: isBTConnected:0 isHeadConnected:0
V/AudioPolicyManagerBase(  114): getParamFromPolicy  deviceInt = 0, situationInt = 1, situationVolume = 0.300000
D/AudioService(  378): playSoundEffect()
E/SoundPool(  378): play sampleID=1, leftVolume=0.300000, rightVolume=0.300000, priority=0, loop=0, rate=1.000000
E/SoundPool(  378): Allocated active channel
E/SoundPool(  378): play channel 0x20e75d0 state = 0
E/SoundPool(  378): SoundChannel::play 0x20e75d0: sampleID=1, channelID=1534, leftVolume=0.300000, rightVolume=0.300000, priority=0, loop=0, rate=1.000000
E/SoundPool(  378): setVolume 0x2a73ca8
V/AudioPolicyManager(  114): startOutput() output 1, stream 1, session 2330
V/AudioPolicyManagerBase(  114): getDeviceForStrategy() from cache strategy 0, device 2
V/AudioPolicyManagerBase(  114): getNewDevice() selected device 0
V/AudioPolicyManagerBase(  114): changeRefCount() stream 1, count 1
V/AudioPolicyManagerBase(  114): getDeviceForStrategy() from cache strategy 0, device 2
V/AudioPolicyManagerBase(  114): getNewDevice() selected device 2
V/AudioPolicyManager(  114): setOutputDevice() output 1 device 2 delayMs 0 force 0
V/AudioPolicyManager(  114): setOutputDevice output :0x1 mCurDevice:0x2
V/AudioPolicyManager(  114): setOutputDevice() setting same device 2 or null device for output 1
E/SoundPool(  378): delete oldTrack 0x24eb0a8
V/AudioPolicyManagerBase(  114): releaseOutput() 1
D/PowerManagerService(  378): acquireDVFSLockLocked : type : DVFS_MIN_LIMIT  frequency : 1008000  uid : 1000  pid : 378  tag : ActivityManager
I/power   (  378): *** acquire_dvfs_lock : lockType : 1  freq : 1008000 
D/Mms/ContactsCache(14866): set contact matching CLI digits:0
V/Mms/DraftCache(14866): init()
V/Mms/DraftCache(14866): 1:DraftCache()
V/Mms/DraftCache(14866): refresh()
D/Mms/Conversation(14866): init()
V/TP/MmsSmsProvider(  693): query,matched:12
V/TP/MmsSmsProvider(  693): query,matched:13
V/TP/MmsSmsProvider(  693): deleteConversation threadId: 9223372036854775807
D/Launcher.HomeFragment(  784): onPause
D/Launcher(  784): onPause, Launcher: 1098590704
D/TP/MmsSmsProvider(  693): match 13:Elapsed time : 10.063 ms
D/TP/MmsSmsProvider(  693): match 12:Elapsed time : 16.502 ms
D/TP/MmsSmsProvider(  693): delete URI_CONVERSATIONS_MESSAGES affectedRows=0
V/AudioPolicyManager(  114): stopOutput() output 1, stream 1, session 2330
V/AudioPolicyManagerBase(  114): changeRefCount() stream 1, count 0
V/AudioPolicyManagerBase(  114): getNewDevice() selected device 0
V/AudioPolicyManagerBase(  114): getNewDevice() selected device 0
V/AudioPolicyManager(  114): setOutputDevice() output 1 device 0 delayMs 72 force 0
V/AudioPolicyManager(  114): setOutputDevice() setting same device 0 or null device for output 1
D/BatteryService(  378): update start
W/SurfaceFlinger(  111): id=2160(406) createSurface 0x1e7d424 (1x1),2 flag=400
D/BatteryService(  378): level:98 scale:100 status:2 health:2 present:true voltage: 4328 temperature: 290 technology: Li-ion AC powered:false USB powered:true icon:17303181 invalid charger:0
D/KeyguardViewMediator(  378): setHidden false
D/TP/MmsSmsProvider(  693): need read changed broadcast:false
D/memalloc(  111): /dev/pmem: Allocated buffer base:0x41b93000 size:1536000 offset:13271040 fd:51
D/memalloc(  378): /dev/pmem: Mapped buffer base:0x5c6ba000 size:14807040 offset:13271040 fd:350
D/STATUSBAR-BatteryController(  504): onReceive() - ACTION_BATTERY_CHANGED
D/STATUSBAR-BatteryController(  504): onReceive() - level:98
D/STATUSBAR-BatteryController(  504): onReceive() - plugged:2
D/STATUSBAR-BatteryController(  504): onReceive() - BATTERY_STATUS_CHARGING:
D/KeyguardUpdateMonitor(  378): received broadcast android.intent.action.BATTERY_CHANGED
D/KeyguardUpdateMonitor(  378): handleBatteryUpdate
D/STATUSBAR-PhoneStatusBar(  504): ACTION_BATTERY_CHANGED
D/ThermistorObserver(  378): mBatteryBRForAMOLED : onReceive() : newTemperature : 290
V/UiModeManager(  378): updateLocked, mLastBroadcastState =0 , oldAction = null
W/SignalStrength(  504): getGsmLevel. this.mGsmSignalBar=4, getGsmSignalStrength()== 20
W/SignalStrength(  504): getGsmLevel=4
W/SignalStrength(  504): getLevel=4 (SignalStrength: 20 255 -120 -160 -120 -1 -1 99 2147483647 -32767 2147483647 -32767 gsm|lte 4)
W/SignalStrength(  504): getGsmLevel. this.mGsmSignalBar=4, getGsmSignalStrength()== 30
W/SignalStrength(  504): getGsmLevel=4
D/STATUSBAR-PhoneStatusBar(  504): NORMAL_BATTERY
D/PowerUI (  504): getBatteryOnline : battery online file not found
W/SignalStrength(  504): getLevel=4 (SignalStrength: 30 255 -120 -160 -120 -1 -1 99 2147483647 -32767 2147483647 -32767 gsm|lte 4)
D/StatusBar-NetworkControllerDS(  504): refreshViews connected={ wifi } level=4|4 combinedSignalIconId=0x7f0200ed/com.android.systemui:drawable/stat_sys_wifi_signal_3 combinedActivityIconId=0x7f0200d8 mAirplaneMode=false mDataActivity1=0 mDataActivity2=0 mPhoneSignalIconId1=0x7f0200d5 mPhoneSignalIconId2=0x7f0200cf mLastPhoneSignalIconId1=0x7f0200d5 mLastPhoneSignalIconId2=0x7f0200cf mDataDirectionIconId1=0x0 mDataDirectionIconId2=0x0 mDataSignalIconId1=0x7f0200d5 mDataSignalIconId2=0x7f0200cf mDataTypeIconId1=0x7f0200a4 mDataTypeIconId2=0x7f0200a4 mWifiIconId=0x7f0200ed mRoamingIconId1=0x0 mRoamingIconId2=0x7f0200a7 mBluetoothTetherIconId=0x10806ce
D/SignalClusterView(  504): wifi: VISIBLE sig=2130837741 act=2130837720
D/SignalClusterView(  504): mobile1: VISIBLE sig=2130837717 act=0 typ=2130837668
D/SignalClusterView(  504): mobile2: VISIBLE sig=2130837711 act=0 typ=2130837668
D/SignalClusterView(  504): wifi: VISIBLE sig=2130837741 act=2130837720
D/SignalClusterView(  504): mobile1: VISIBLE sig=2130837717 act=0 typ=2130837668
I/Adreno200-EGLSUB(  111): <CreateImage:1017>: Android Image
I/Adreno200-EGLSUB(  111): <GetImageAttributes:1226>: RGBA_8888
D/SignalClusterView(  504): mobile2: VISIBLE sig=2130837711 act=0 typ=2130837668
D/SignalClusterView(  504): wifi: VISIBLE sig=2130837741 act=2130837720
D/SignalClusterView(  504): mobile1: VISIBLE sig=2130837717 act=0 typ=2130837668
D/SignalClusterView(  504): mobile2: VISIBLE sig=2130837711 act=0 typ=2130837668
D/StatusBar-NetworkControllerDS(  504): changing data overlay icon id to 2130837720
V/WindowManager(  378): rotationForOrientationLw(orient=-1, last=0); user=0 USER_ROTATION_LOCKED mLidOpen=-1 mDockMode=0 mHdmiPlugged=false mAccelerometerDefault=0 sensorRotation=-1
D/KeyguardViewMediator(  378): setHidden false
D/OpenGLRenderer(  784): Flushing caches (mode 2)
D/Launcher(  784): onTrimMemory. Level: 20
V/Mms/ConversationListFragment(14866): init()
V/Mms/DownloadManager(14866): DownloadManager.init()
V/Mms/DownloadManager(14866): roaming ------> false
V/Mms/DownloadManager(14866): auto download without roaming -> true
V/Mms/DownloadManager(14866): auto download during roaming -> false
V/Mms/DownloadManager(14866): mAutoDownload ------> true
V/Mms/RateController(14866): init()
V/Mms/LayoutManager(14866): init()
V/Mms/HVGALayoutParameters(14866): HVGALayoutParameters.<init>(11).
V/Mms/LayoutManager(14866): LayoutParameters: HVGA-P: 320x480
V/Mms/SmileyParser(14866): init()
I/Adreno200-EGLSUB(  111): <CreateImage:1017>: Android Image
I/Adreno200-EGLSUB(  111): <GetImageAttributes:1282>: RGBX_8888
D/KeyguardViewMediator(  378): setHidden false
D/DEFERED_APP_VISIBILITY(  378): tweaking closing app
D/KeyguardViewMediator(  378): setHidden false
D/OpenGLRenderer(  784): Flushing caches (mode 0)
D/KeyguardViewMediator(  378): setHidden false
I/power   (  378): *** release_dvfs_lock : lockType : 1 
D/KeyguardViewMediator(  378): setHidden false
D/PowerManagerService(  378): releaseDVFSLockLocked : all DVFS_MIN_LIMIT are released 
D/KeyguardViewMediator(  378): setHidden false
D/KeyguardViewMediator(  378): setHidden false
D/KeyguardViewMediator(  378): setHidden false
D/KeyguardViewMediator(  378): setHidden false
