--------- beginning of /dev/log/main
W/SignalStrength(  504): getGsmLevel. this.mGsmSignalBar=4, getGsmSignalStrength()== 20
W/SignalStrength(  504): getGsmLevel=4
W/SignalStrength(  504): getLevel=4 (SignalStrength: 20 255 -120 -160 -120 -1 -1 99 2147483647 -32767 2147483647 -32767 gsm|lte 4)
W/SignalStrength(  504): getGsmLevel. this.mGsmSignalBar=4, getGsmSignalStrength()== 27
W/SignalStrength(  504): getGsmLevel=4
W/SignalStrength(  504): getLevel=4 (SignalStrength: 27 255 -120 -160 -120 -1 -1 99 2147483647 -32767 2147483647 -32767 gsm|lte 4)
W/SignalStrength(  504): getGsmLevel. this.mGsmSignalBar=4, getGsmSignalStrength()== 20
W/SignalStrength(  504): getGsmLevel=4
W/SignalStrength(  504): getLevel=4 (SignalStrength: 20 255 -120 -160 -120 -1 -1 99 2147483647 -32767 2147483647 -32767 gsm|lte 4)
W/SignalStrength(  504): getGsmLevel. this.mGsmSignalBar=4, getGsmSignalStrength()== 27
W/SignalStrength(  504): getGsmLevel=4
W/SignalStrength(  504): getLevel=4 (SignalStrength: 27 255 -120 -160 -120 -1 -1 99 2147483647 -32767 2147483647 -32767 gsm|lte 4)
E/SMD     (  107): DCD ON
W/SignalStrength(  504): getGsmLevel. this.mGsmSignalBar=4, getGsmSignalStrength()== 20
W/SignalStrength(  504): getLevel=4 (SignalStrength: 20 255 -120 -160 -120 -1 -1 99 2147483647 -32767 2147483647 -32767 gsm|lte 4)
W/SignalStrength(  504): getGsmLevel. this.mGsmSignalBar=4, getGsmSignalStrength()== 27
W/SignalStrength(  504): getGsmLevel=4
W/SignalStrength(  504): getLevel=4 (SignalStrength: 27 255 -120 -160 -120 -1 -1 99 2147483647 -32767 2147483647 -32767 gsm|lte 4)
W/SignalStrength(  504): getGsmLevel=4
E/AlarmManagerService(  378): android_server_AlarmManagerService_set to type=3, 364693.874000000
W/SignalStrength(  504): getGsmLevel. this.mGsmSignalBar=4, getGsmSignalStrength()== 20
W/SignalStrength(  504): getGsmLevel=4
W/SignalStrength(  504): getLevel=4 (SignalStrength: 20 255 -120 -160 -120 -1 -1 99 2147483647 -32767 2147483647 -32767 gsm|lte 4)
W/SignalStrength(  504): getGsmLevel. this.mGsmSignalBar=4, getGsmSignalStrength()== 27
W/SignalStrength(  504): getGsmLevel=4
W/SignalStrength(  504): getLevel=4 (SignalStrength: 27 255 -120 -160 -120 -1 -1 99 2147483647 -32767 2147483647 -32767 gsm|lte 4)
D/KeyguardUpdateMonitor(  378): received broadcast android.intent.action.TIME_TICK
D/KeyguardUpdateMonitor(  378): handleTimeUpdate
D/com.samsung.app(13461): [MSC_HERO_REMOTE_Accu]>>> WC:134 [0:0] action : widgetappapheroaccuweatherwidgetactionTIME_TICK ScreenOn : true
D/com.samsung.app(13461): [MSC_HERO_REMOTE_Accu]>>> WC:1453 [0:0] [BT]AR_S_T : 0
D/QCRIL_RPC(  103): Exit qcril_cm_srvsys_event_callback
D/QCRIL_RPC(  103): Enter qcril_cm_srvsys_event_callback
W/SignalStrength(  504): getGsmLevel. this.mGsmSignalBar=4, getGsmSignalStrength()== 24
W/SignalStrength(  504): getGsmLevel=4
W/SignalStrength(  504): getLevel=4 (SignalStrength: 24 255 -120 -160 -120 -1 -1 99 2147483647 -32767 2147483647 -32767 gsm|lte 4)
W/SignalStrength(  504): getGsmLevel. this.mGsmSignalBar=4, getGsmSignalStrength()== 24
W/SignalStrength(  504): getGsmLevel=4
W/SignalStrength(  504): getLevel=4 (SignalStrength: 24 255 -120 -160 -120 -1 -1 99 2147483647 -32767 2147483647 -32767 gsm|lte 4)
W/SignalStrength(  504): getGsmLevel. this.mGsmSignalBar=4, getGsmSignalStrength()== 20
W/SignalStrength(  504): getGsmLevel=4
W/SignalStrength(  504): getLevel=4 (SignalStrength: 20 255 -120 -160 -120 -1 -1 99 2147483647 -32767 2147483647 -32767 gsm|lte 4)
W/SignalStrength(  504): getGsmLevel. this.mGsmSignalBar=4, getGsmSignalStrength()== 24
W/SignalStrength(  504): getGsmLevel=4
W/SignalStrength(  504): getLevel=4 (SignalStrength: 24 255 -120 -160 -120 -1 -1 99 2147483647 -32767 2147483647 -32767 gsm|lte 4)
W/SignalStrength(  378): getGsmLevel. this.mGsmSignalBar=4, getGsmSignalStrength()== 24
W/SignalStrength(  378): getGsmLevel=4
W/SignalStrength(  378): getLevel=4 (SignalStrength: 24 255 -120 -160 -120 -1 -1 99 2147483647 -32767 2147483647 -32767 gsm|lte 4)
W/SignalStrength(  378): getDbm 1
W/SignalStrength(  378): getGsmDbm=-65
W/SignalStrength(  378): getDbm=-65
W/SignalStrength(  378): getAsuLevel 1
W/SignalStrength(  378): getGsmAsuLevel=24
W/SignalStrength(  378): getAsuLevel=24
E/SMD     (  107): DCD ON
W/SignalStrength(  504): getGsmLevel. this.mGsmSignalBar=4, getGsmSignalStrength()== 20
W/SignalStrength(  504): getGsmLevel=4
W/SignalStrength(  504): getLevel=4 (SignalStrength: 20 255 -120 -160 -120 -1 -1 99 2147483647 -32767 2147483647 -32767 gsm|lte 4)
W/SignalStrength(  504): getGsmLevel. this.mGsmSignalBar=4, getGsmSignalStrength()== 24
W/SignalStrength(  504): getGsmLevel=4
W/SignalStrength(  504): getLevel=4 (SignalStrength: 24 255 -120 -160 -120 -1 -1 99 2147483647 -32767 2147483647 -32767 gsm|lte 4)
W/SignalStrength(  504): getGsmLevel. this.mGsmSignalBar=4, getGsmSignalStrength()== 20
W/SignalStrength(  504): getGsmLevel=4
W/SignalStrength(  504): getLevel=4 (SignalStrength: 20 255 -120 -160 -120 -1 -1 99 2147483647 -32767 2147483647 -32767 gsm|lte 4)
W/SignalStrength(  504): getGsmLevel. this.mGsmSignalBar=4, getGsmSignalStrength()== 24
W/SignalStrength(  504): getGsmLevel=4
W/SignalStrength(  504): getLevel=4 (SignalStrength: 24 255 -120 -160 -120 -1 -1 99 2147483647 -32767 2147483647 -32767 gsm|lte 4)
E/SMD     (  107): DCD ON
W/SignalStrength(  504): getGsmLevel. this.mGsmSignalBar=4, getGsmSignalStrength()== 20
W/SignalStrength(  504): getGsmLevel=4
W/SignalStrength(  504): getLevel=4 (SignalStrength: 20 255 -120 -160 -120 -1 -1 99 2147483647 -32767 2147483647 -32767 gsm|lte 4)
W/SignalStrength(  504): getGsmLevel. this.mGsmSignalBar=4, getGsmSignalStrength()== 24
W/SignalStrength(  504): getGsmLevel=4
W/SignalStrength(  504): getLevel=4 (SignalStrength: 24 255 -120 -160 -120 -1 -1 99 2147483647 -32767 2147483647 -32767 gsm|lte 4)
W/SignalStrength(  504): getGsmLevel. this.mGsmSignalBar=4, getGsmSignalStrength()== 20
W/SignalStrength(  504): getGsmLevel=4
W/SignalStrength(  504): getLevel=4 (SignalStrength: 20 255 -120 -160 -120 -1 -1 99 2147483647 -32767 2147483647 -32767 gsm|lte 4)
W/SignalStrength(  504): getGsmLevel. this.mGsmSignalBar=4, getGsmSignalStrength()== 24
W/SignalStrength(  504): getGsmLevel=4
W/SignalStrength(  504): getLevel=4 (SignalStrength: 24 255 -120 -160 -120 -1 -1 99 2147483647 -32767 2147483647 -32767 gsm|lte 4)
E/SMD     (  107): DCD ON
W/SignalStrength(  504): getGsmLevel. this.mGsmSignalBar=4, getGsmSignalStrength()== 20
W/SignalStrength(  504): getLevel=4 (SignalStrength: 20 255 -120 -160 -120 -1 -1 99 2147483647 -32767 2147483647 -32767 gsm|lte 4)
W/SignalStrength(  504): getGsmLevel. this.mGsmSignalBar=4, getGsmSignalStrength()== 24
W/SignalStrength(  504): getGsmLevel=4
W/SignalStrength(  504): getLevel=4 (SignalStrength: 24 255 -120 -160 -120 -1 -1 99 2147483647 -32767 2147483647 -32767 gsm|lte 4)
W/SignalStrength(  504): getGsmLevel=4
W/SignalStrength(  504): getGsmLevel. this.mGsmSignalBar=4, getGsmSignalStrength()== 20
W/SignalStrength(  504): getGsmLevel=4
W/SignalStrength(  504): getLevel=4 (SignalStrength: 20 255 -120 -160 -120 -1 -1 99 2147483647 -32767 2147483647 -32767 gsm|lte 4)
W/SignalStrength(  504): getGsmLevel. this.mGsmSignalBar=4, getGsmSignalStrength()== 24
W/SignalStrength(  504): getGsmLevel=4
W/SignalStrength(  504): getLevel=4 (SignalStrength: 24 255 -120 -160 -120 -1 -1 99 2147483647 -32767 2147483647 -32767 gsm|lte 4)
W/SignalStrength(  504): getGsmLevel. this.mGsmSignalBar=4, getGsmSignalStrength()== 20
W/SignalStrength(  504): getGsmLevel=4
W/SignalStrength(  504): getLevel=4 (SignalStrength: 20 255 -120 -160 -120 -1 -1 99 2147483647 -32767 2147483647 -32767 gsm|lte 4)
W/SignalStrength(  504): getGsmLevel. this.mGsmSignalBar=4, getGsmSignalStrength()== 24
W/SignalStrength(  504): getGsmLevel=4
W/SignalStrength(  504): getLevel=4 (SignalStrength: 24 255 -120 -160 -120 -1 -1 99 2147483647 -32767 2147483647 -32767 gsm|lte 4)
E/SMD     (  107): DCD ON
W/SignalStrength(  504): getGsmLevel. this.mGsmSignalBar=4, getGsmSignalStrength()== 20
W/SignalStrength(  504): getLevel=4 (SignalStrength: 20 255 -120 -160 -120 -1 -1 99 2147483647 -32767 2147483647 -32767 gsm|lte 4)
W/SignalStrength(  504): getGsmLevel. this.mGsmSignalBar=4, getGsmSignalStrength()== 24
W/SignalStrength(  504): getGsmLevel=4
W/SignalStrength(  504): getLevel=4 (SignalStrength: 24 255 -120 -160 -120 -1 -1 99 2147483647 -32767 2147483647 -32767 gsm|lte 4)
W/SignalStrength(  504): getGsmLevel=4
W/SignalStrength(  504): getGsmLevel. this.mGsmSignalBar=4, getGsmSignalStrength()== 20
W/SignalStrength(  504): getGsmLevel=4
W/SignalStrength(  504): getLevel=4 (SignalStrength: 20 255 -120 -160 -120 -1 -1 99 2147483647 -32767 2147483647 -32767 gsm|lte 4)
W/SignalStrength(  504): getGsmLevel. this.mGsmSignalBar=4, getGsmSignalStrength()== 24
W/SignalStrength(  504): getGsmLevel=4
W/SignalStrength(  504): getLevel=4 (SignalStrength: 24 255 -120 -160 -120 -1 -1 99 2147483647 -32767 2147483647 -32767 gsm|lte 4)
E/SMD     (  107): DCD ON
W/SignalStrength(  504): getGsmLevel. this.mGsmSignalBar=4, getGsmSignalStrength()== 20
W/SignalStrength(  504): getGsmLevel=4
W/SignalStrength(  504): getLevel=4 (SignalStrength: 20 255 -120 -160 -120 -1 -1 99 2147483647 -32767 2147483647 -32767 gsm|lte 4)
W/SignalStrength(  504): getGsmLevel. this.mGsmSignalBar=4, getGsmSignalStrength()== 24
W/SignalStrength(  504): getGsmLevel=4
W/SignalStrength(  504): getLevel=4 (SignalStrength: 24 255 -120 -160 -120 -1 -1 99 2147483647 -32767 2147483647 -32767 gsm|lte 4)
D/dalvikvm(  504): GC_CONCURRENT freed 5162K, 44% free 15281K/26915K, paused 14ms+13ms
D/QCRIL_RPC(  103): Enter qcril_cm_srvsys_event_callback
D/QCRIL_RPC(  103): Exit qcril_cm_srvsys_event_callback
W/SignalStrength(  504): getGsmLevel. this.mGsmSignalBar=4, getGsmSignalStrength()== 21
W/SignalStrength(  504): getGsmLevel=4
W/SignalStrength(  504): getLevel=4 (SignalStrength: 21 255 -120 -160 -120 -1 -1 99 2147483647 -32767 2147483647 -32767 gsm|lte 4)
W/SignalStrength(  378): getGsmLevel. this.mGsmSignalBar=4, getGsmSignalStrength()== 21
W/SignalStrength(  378): getGsmLevel=4
W/SignalStrength(  378): getLevel=4 (SignalStrength: 21 255 -120 -160 -120 -1 -1 99 2147483647 -32767 2147483647 -32767 gsm|lte 4)
W/SignalStrength(  504): getGsmLevel. this.mGsmSignalBar=4, getGsmSignalStrength()== 21
W/SignalStrength(  504): getGsmLevel=4
W/SignalStrength(  504): getLevel=4 (SignalStrength: 21 255 -120 -160 -120 -1 -1 99 2147483647 -32767 2147483647 -32767 gsm|lte 4)
W/SignalStrength(  504): getGsmLevel. this.mGsmSignalBar=4, getGsmSignalStrength()== 20
W/SignalStrength(  504): getGsmLevel=4
W/SignalStrength(  504): getLevel=4 (SignalStrength: 20 255 -120 -160 -120 -1 -1 99 2147483647 -32767 2147483647 -32767 gsm|lte 4)
W/SignalStrength(  504): getGsmLevel. this.mGsmSignalBar=4, getGsmSignalStrength()== 21
W/SignalStrength(  504): getGsmLevel=4
W/SignalStrength(  378): getDbm 1
W/SignalStrength(  378): getGsmDbm=-71
W/SignalStrength(  378): getDbm=-71
W/SignalStrength(  378): getAsuLevel 1
W/SignalStrength(  378): getGsmAsuLevel=21
W/SignalStrength(  378): getAsuLevel=21
W/SignalStrength(  504): getLevel=4 (SignalStrength: 21 255 -120 -160 -120 -1 -1 99 2147483647 -32767 2147483647 -32767 gsm|lte 4)
W/SignalStrength(  504): getGsmLevel. this.mGsmSignalBar=4, getGsmSignalStrength()== 20
W/SignalStrength(  504): getGsmLevel=4
W/SignalStrength(  504): getLevel=4 (SignalStrength: 20 255 -120 -160 -120 -1 -1 99 2147483647 -32767 2147483647 -32767 gsm|lte 4)
W/SignalStrength(  504): getGsmLevel. this.mGsmSignalBar=4, getGsmSignalStrength()== 21
W/SignalStrength(  504): getGsmLevel=4
W/SignalStrength(  504): getLevel=4 (SignalStrength: 21 255 -120 -160 -120 -1 -1 99 2147483647 -32767 2147483647 -32767 gsm|lte 4)
E/SMD     (  107): DCD ON
D/QCRIL_RPC(  103): Enter qcril_cm_srvsys_event_callback
D/QCRIL_RPC(  103): Exit qcril_cm_srvsys_event_callback
D/QCRIL_RPC(  103): Enter qcril_sms_cfg_event_callback
D/QCRIL_RPC(  103): Exit qcril_sms_cfg_event_callback
D/QCRIL_RPC(  103): Enter qcril_sms_cfg_event_callback
D/QCRIL_RPC(  103): Exit qcril_sms_cfg_event_callback
D/QCRIL_RPC(  103): Enter qcril_cm_phonesvc_command_callback
D/QCRIL_RPC(  103): Exit qcril_cm_phonesvc_command_callback
D/QCRIL_RPC(  103): Enter qcril_cm_event_command_callback
D/QCRIL_RPC(  103): Exit qcril_cm_event_command_callback
D/QCRIL_RPC(  103): Enter qcril_cm_phonesvc_event_callback
D/QCRIL_RPC(  103): Exit qcril_cm_phonesvc_event_callback
D/QCRIL_RPC(  103): Enter qcril_cm_phonesvc_command_callback
D/QCRIL_RPC(  103): Exit qcril_cm_phonesvc_command_callback
D/QCRIL_RPC(  103): Enter qcril_cm_event_command_callback
D/QCRIL_RPC(  103): Exit qcril_cm_event_command_callback
D/QCRIL_RPC(  103): Enter qcril_cm_phonesvc_event_callback
D/QCRIL_RPC(  103): Exit qcril_cm_phonesvc_event_callback
D/plugin  (  693): getDefaultSubscription()
D/plugin  (  693): getDefaultSubscription()
W/SignalStrength(  504): getGsmLevel. this.mGsmSignalBar=4, getGsmSignalStrength()== 20
W/SignalStrength(  504): getGsmLevel=4
W/SignalStrength(  504): getLevel=4 (SignalStrength: 20 255 -120 -160 -120 -1 -1 99 2147483647 -32767 2147483647 -32767 gsm|lte 4)
W/SignalStrength(  504): getGsmLevel. this.mGsmSignalBar=4, getGsmSignalStrength()== 21
W/SignalStrength(  504): getGsmLevel=4
W/SignalStrength(  504): getLevel=4 (SignalStrength: 21 255 -120 -160 -120 -1 -1 99 2147483647 -32767 2147483647 -32767 gsm|lte 4)
W/SignalStrength(  504): getGsmLevel. this.mGsmSignalBar=4, getGsmSignalStrength()== 20
W/SignalStrength(  504): getGsmLevel=4
W/SignalStrength(  504): getLevel=4 (SignalStrength: 20 255 -120 -160 -120 -1 -1 99 2147483647 -32767 2147483647 -32767 gsm|lte 4)
W/SignalStrength(  504): getGsmLevel. this.mGsmSignalBar=4, getGsmSignalStrength()== 21
W/SignalStrength(  504): getGsmLevel=4
W/SignalStrength(  504): getLevel=4 (SignalStrength: 21 255 -120 -160 -120 -1 -1 99 2147483647 -32767 2147483647 -32767 gsm|lte 4)
W/SignalStrength(  504): getGsmLevel. this.mGsmSignalBar=4, getGsmSignalStrength()== 20
W/SignalStrength(  504): getGsmLevel=4
W/SignalStrength(  504): getLevel=4 (SignalStrength: 20 255 -120 -160 -120 -1 -1 99 2147483647 -32767 2147483647 -32767 gsm|lte 4)
W/SignalStrength(  504): getGsmLevel. this.mGsmSignalBar=4, getGsmSignalStrength()== 21
W/SignalStrength(  504): getGsmLevel=4
W/SignalStrength(  504): getLevel=4 (SignalStrength: 21 255 -120 -160 -120 -1 -1 99 2147483647 -32767 2147483647 -32767 gsm|lte 4)
E/SMD     (  107): DCD ON
W/SignalStrength(  504): getGsmLevel. this.mGsmSignalBar=4, getGsmSignalStrength()== 20
W/SignalStrength(  504): getGsmLevel=4
W/SignalStrength(  504): getLevel=4 (SignalStrength: 20 255 -120 -160 -120 -1 -1 99 2147483647 -32767 2147483647 -32767 gsm|lte 4)
W/SignalStrength(  504): getGsmLevel. this.mGsmSignalBar=4, getGsmSignalStrength()== 21
W/SignalStrength(  504): getGsmLevel=4
W/SignalStrength(  504): getLevel=4 (SignalStrength: 21 255 -120 -160 -120 -1 -1 99 2147483647 -32767 2147483647 -32767 gsm|lte 4)
W/SignalStrength(  504): getGsmLevel. this.mGsmSignalBar=4, getGsmSignalStrength()== 20
W/SignalStrength(  504): getGsmLevel=4
W/SignalStrength(  504): getLevel=4 (SignalStrength: 20 255 -120 -160 -120 -1 -1 99 2147483647 -32767 2147483647 -32767 gsm|lte 4)
W/SignalStrength(  504): getGsmLevel. this.mGsmSignalBar=4, getGsmSignalStrength()== 21
W/SignalStrength(  504): getGsmLevel=4
W/SignalStrength(  504): getLevel=4 (SignalStrength: 21 255 -120 -160 -120 -1 -1 99 2147483647 -32767 2147483647 -32767 gsm|lte 4)
E/SMD     (  107): DCD ON
W/SignalStrength(  504): getGsmLevel. this.mGsmSignalBar=4, getGsmSignalStrength()== 20
W/SignalStrength(  504): getGsmLevel=4
W/SignalStrength(  504): getLevel=4 (SignalStrength: 20 255 -120 -160 -120 -1 -1 99 2147483647 -32767 2147483647 -32767 gsm|lte 4)
W/SignalStrength(  504): getGsmLevel. this.mGsmSignalBar=4, getGsmSignalStrength()== 21
W/SignalStrength(  504): getGsmLevel=4
W/SignalStrength(  504): getLevel=4 (SignalStrength: 21 255 -120 -160 -120 -1 -1 99 2147483647 -32767 2147483647 -32767 gsm|lte 4)
D/Tethering(  378): interfaceLinkStateChanged wlan0, true
D/Tethering(  378): interfaceStatusChanged wlan0, true
W/SignalStrength(  504): getGsmLevel. this.mGsmSignalBar=4, getGsmSignalStrength()== 20
W/SignalStrength(  504): getGsmLevel=4
W/SignalStrength(  504): getLevel=4 (SignalStrength: 20 255 -120 -160 -120 -1 -1 99 2147483647 -32767 2147483647 -32767 gsm|lte 4)
W/SignalStrength(  504): getGsmLevel. this.mGsmSignalBar=4, getGsmSignalStrength()== 21
W/SignalStrength(  504): getLevel=4 (SignalStrength: 21 255 -120 -160 -120 -1 -1 99 2147483647 -32767 2147483647 -32767 gsm|lte 4)
W/SignalStrength(  504): getGsmLevel=4
E/SMD     (  107): DCD ON
W/SignalStrength(  504): getGsmLevel. this.mGsmSignalBar=4, getGsmSignalStrength()== 20
W/SignalStrength(  504): getGsmLevel=4
W/SignalStrength(  504): getLevel=4 (SignalStrength: 20 255 -120 -160 -120 -1 -1 99 2147483647 -32767 2147483647 -32767 gsm|lte 4)
W/SignalStrength(  504): getGsmLevel. this.mGsmSignalBar=4, getGsmSignalStrength()== 21
W/SignalStrength(  504): getGsmLevel=4
W/SignalStrength(  504): getLevel=4 (SignalStrength: 21 255 -120 -160 -120 -1 -1 99 2147483647 -32767 2147483647 -32767 gsm|lte 4)
W/SignalStrength(  504): getGsmLevel. this.mGsmSignalBar=4, getGsmSignalStrength()== 20
W/SignalStrength(  504): getGsmLevel=4
W/SignalStrength(  504): getLevel=4 (SignalStrength: 20 255 -120 -160 -120 -1 -1 99 2147483647 -32767 2147483647 -32767 gsm|lte 4)
W/SignalStrength(  504): getGsmLevel. this.mGsmSignalBar=4, getGsmSignalStrength()== 21
W/SignalStrength(  504): getGsmLevel=4
W/SignalStrength(  504): getLevel=4 (SignalStrength: 21 255 -120 -160 -120 -1 -1 99 2147483647 -32767 2147483647 -32767 gsm|lte 4)
E/SMD     (  107): DCD ON
D/Tethering(  378): interfaceLinkStateChanged wlan0, true
D/Tethering(  378): interfaceStatusChanged wlan0, true
W/SignalStrength(  504): getGsmLevel. this.mGsmSignalBar=4, getGsmSignalStrength()== 20
W/SignalStrength(  504): getGsmLevel=4
W/SignalStrength(  504): getLevel=4 (SignalStrength: 20 255 -120 -160 -120 -1 -1 99 2147483647 -32767 2147483647 -32767 gsm|lte 4)
W/SignalStrength(  504): getGsmLevel. this.mGsmSignalBar=4, getGsmSignalStrength()== 21
W/SignalStrength(  504): getGsmLevel=4
W/SignalStrength(  504): getLevel=4 (SignalStrength: 21 255 -120 -160 -120 -1 -1 99 2147483647 -32767 2147483647 -32767 gsm|lte 4)
W/SignalStrength(  504): getGsmLevel. this.mGsmSignalBar=4, getGsmSignalStrength()== 20
W/SignalStrength(  504): getGsmLevel=4
W/SignalStrength(  504): getLevel=4 (SignalStrength: 20 255 -120 -160 -120 -1 -1 99 2147483647 -32767 2147483647 -32767 gsm|lte 4)
W/SignalStrength(  504): getGsmLevel. this.mGsmSignalBar=4, getGsmSignalStrength()== 21
W/SignalStrength(  504): getGsmLevel=4
W/SignalStrength(  504): getLevel=4 (SignalStrength: 21 255 -120 -160 -120 -1 -1 99 2147483647 -32767 2147483647 -32767 gsm|lte 4)
E/SMD     (  107): DCD ON
W/SignalStrength(  504): getGsmLevel. this.mGsmSignalBar=4, getGsmSignalStrength()== 20
W/SignalStrength(  504): getGsmLevel=4
W/SignalStrength(  504): getLevel=4 (SignalStrength: 20 255 -120 -160 -120 -1 -1 99 2147483647 -32767 2147483647 -32767 gsm|lte 4)
W/SignalStrength(  504): getGsmLevel. this.mGsmSignalBar=4, getGsmSignalStrength()== 21
W/SignalStrength(  504): getGsmLevel=4
W/SignalStrength(  504): getLevel=4 (SignalStrength: 21 255 -120 -160 -120 -1 -1 99 2147483647 -32767 2147483647 -32767 gsm|lte 4)
W/SignalStrength(  504): getGsmLevel. this.mGsmSignalBar=4, getGsmSignalStrength()== 20
W/SignalStrength(  504): getGsmLevel=4
W/SignalStrength(  504): getLevel=4 (SignalStrength: 20 255 -120 -160 -120 -1 -1 99 2147483647 -32767 2147483647 -32767 gsm|lte 4)
W/SignalStrength(  504): getGsmLevel. this.mGsmSignalBar=4, getGsmSignalStrength()== 21
W/SignalStrength(  504): getGsmLevel=4
W/SignalStrength(  504): getLevel=4 (SignalStrength: 21 255 -120 -160 -120 -1 -1 99 2147483647 -32767 2147483647 -32767 gsm|lte 4)
E/SMD     (  107): DCD ON
W/SignalStrength(  504): getGsmLevel. this.mGsmSignalBar=4, getGsmSignalStrength()== 20
W/SignalStrength(  504): getGsmLevel=4
W/SignalStrength(  504): getLevel=4 (SignalStrength: 20 255 -120 -160 -120 -1 -1 99 2147483647 -32767 2147483647 -32767 gsm|lte 4)
W/SignalStrength(  504): getGsmLevel. this.mGsmSignalBar=4, getGsmSignalStrength()== 21
W/SignalStrength(  504): getGsmLevel=4
W/SignalStrength(  504): getLevel=4 (SignalStrength: 21 255 -120 -160 -120 -1 -1 99 2147483647 -32767 2147483647 -32767 gsm|lte 4)
W/SignalStrength(  504): getGsmLevel. this.mGsmSignalBar=4, getGsmSignalStrength()== 20
W/SignalStrength(  504): getGsmLevel=4
W/SignalStrength(  504): getLevel=4 (SignalStrength: 20 255 -120 -160 -120 -1 -1 99 2147483647 -32767 2147483647 -32767 gsm|lte 4)
W/SignalStrength(  504): getGsmLevel. this.mGsmSignalBar=4, getGsmSignalStrength()== 21
W/SignalStrength(  504): getGsmLevel=4
W/SignalStrength(  504): getLevel=4 (SignalStrength: 21 255 -120 -160 -120 -1 -1 99 2147483647 -32767 2147483647 -32767 gsm|lte 4)
W/SignalStrength(  504): getGsmLevel. this.mGsmSignalBar=4, getGsmSignalStrength()== 20
W/SignalStrength(  504): getGsmLevel=4
W/SignalStrength(  504): getLevel=4 (SignalStrength: 20 255 -120 -160 -120 -1 -1 99 2147483647 -32767 2147483647 -32767 gsm|lte 4)
W/SignalStrength(  504): getGsmLevel. this.mGsmSignalBar=4, getGsmSignalStrength()== 21
W/SignalStrength(  504): getGsmLevel=4
W/SignalStrength(  504): getLevel=4 (SignalStrength: 21 255 -120 -160 -120 -1 -1 99 2147483647 -32767 2147483647 -32767 gsm|lte 4)
E/SMD     (  107): DCD ON
D/QCRIL_RPC(  103): Enter qcril_cm_srvsys_event_callback
D/QCRIL_RPC(  103): Exit qcril_cm_srvsys_event_callback
D/QCRIL_RPC(  103): Enter qcril_sms_cfg_event_callback
D/QCRIL_RPC(  103): Exit qcril_sms_cfg_event_callback
D/QCRIL_RPC(  103): Enter qcril_sms_cfg_event_callback
D/QCRIL_RPC(  103): Exit qcril_sms_cfg_event_callback
D/QCRIL_RPC(  103): Enter qcril_cm_phonesvc_command_callback
D/QCRIL_RPC(  103): Exit qcril_cm_phonesvc_command_callback
D/QCRIL_RPC(  103): Enter qcril_cm_event_command_callback
D/QCRIL_RPC(  103): Exit qcril_cm_event_command_callback
D/QCRIL_RPC(  103): Enter qcril_cm_phonesvc_event_callback
D/QCRIL_RPC(  103): Exit qcril_cm_phonesvc_event_callback
D/QCRIL_RPC(  103): Enter qcril_cm_phonesvc_command_callback
D/QCRIL_RPC(  103): Enter qcril_cm_event_command_callback
D/QCRIL_RPC(  103): Exit qcril_cm_event_command_callback
D/QCRIL_RPC(  103): Exit qcril_cm_phonesvc_command_callback
D/QCRIL_RPC(  103): Enter qcril_cm_phonesvc_event_callback
D/QCRIL_RPC(  103): Exit qcril_cm_phonesvc_event_callback
D/plugin  (  693): getDefaultSubscription()
D/plugin  (  693): getDefaultSubscription()
W/SignalStrength(  504): getGsmLevel. this.mGsmSignalBar=4, getGsmSignalStrength()== 20
W/SignalStrength(  504): getGsmLevel=4
W/SignalStrength(  504): getLevel=4 (SignalStrength: 20 255 -120 -160 -120 -1 -1 99 2147483647 -32767 2147483647 -32767 gsm|lte 4)
W/SignalStrength(  504): getGsmLevel. this.mGsmSignalBar=4, getGsmSignalStrength()== 21
W/SignalStrength(  504): getGsmLevel=4
W/SignalStrength(  504): getLevel=4 (SignalStrength: 21 255 -120 -160 -120 -1 -1 99 2147483647 -32767 2147483647 -32767 gsm|lte 4)
W/SignalStrength(  504): getGsmLevel. this.mGsmSignalBar=4, getGsmSignalStrength()== 20
W/SignalStrength(  504): getGsmLevel=4
W/SignalStrength(  504): getLevel=4 (SignalStrength: 20 255 -120 -160 -120 -1 -1 99 2147483647 -32767 2147483647 -32767 gsm|lte 4)
W/SignalStrength(  504): getGsmLevel. this.mGsmSignalBar=4, getGsmSignalStrength()== 21
W/SignalStrength(  504): getGsmLevel=4
W/SignalStrength(  504): getLevel=4 (SignalStrength: 21 255 -120 -160 -120 -1 -1 99 2147483647 -32767 2147483647 -32767 gsm|lte 4)
E/SMD     (  107): DCD ON
W/SignalStrength(  504): getGsmLevel. this.mGsmSignalBar=4, getGsmSignalStrength()== 20
W/SignalStrength(  504): getGsmLevel=4
W/SignalStrength(  504): getLevel=4 (SignalStrength: 20 255 -120 -160 -120 -1 -1 99 2147483647 -32767 2147483647 -32767 gsm|lte 4)
W/SignalStrength(  504): getGsmLevel=4
W/SignalStrength(  504): getLevel=4 (SignalStrength: 21 255 -120 -160 -120 -1 -1 99 2147483647 -32767 2147483647 -32767 gsm|lte 4)
W/SignalStrength(  504): getGsmLevel. this.mGsmSignalBar=4, getGsmSignalStrength()== 21
W/SignalStrength(  504): getGsmLevel. this.mGsmSignalBar=4, getGsmSignalStrength()== 20
W/SignalStrength(  504): getGsmLevel=4
W/SignalStrength(  504): getLevel=4 (SignalStrength: 20 255 -120 -160 -120 -1 -1 99 2147483647 -32767 2147483647 -32767 gsm|lte 4)
W/SignalStrength(  504): getGsmLevel. this.mGsmSignalBar=4, getGsmSignalStrength()== 21
W/SignalStrength(  504): getGsmLevel=4
W/SignalStrength(  504): getLevel=4 (SignalStrength: 21 255 -120 -160 -120 -1 -1 99 2147483647 -32767 2147483647 -32767 gsm|lte 4)
W/SignalStrength(  504): getGsmLevel. this.mGsmSignalBar=4, getGsmSignalStrength()== 20
W/SignalStrength(  504): getGsmLevel=4
W/SignalStrength(  504): getLevel=4 (SignalStrength: 20 255 -120 -160 -120 -1 -1 99 2147483647 -32767 2147483647 -32767 gsm|lte 4)
W/SignalStrength(  504): getGsmLevel. this.mGsmSignalBar=4, getGsmSignalStrength()== 21
W/SignalStrength(  504): getGsmLevel=4
W/SignalStrength(  504): getLevel=4 (SignalStrength: 21 255 -120 -160 -120 -1 -1 99 2147483647 -32767 2147483647 -32767 gsm|lte 4)
W/SignalStrength(  504): getGsmLevel. this.mGsmSignalBar=4, getGsmSignalStrength()== 20
W/SignalStrength(  504): getGsmLevel=4
W/SignalStrength(  504): getLevel=4 (SignalStrength: 20 255 -120 -160 -120 -1 -1 99 2147483647 -32767 2147483647 -32767 gsm|lte 4)
W/SignalStrength(  504): getGsmLevel. this.mGsmSignalBar=4, getGsmSignalStrength()== 21
W/SignalStrength(  504): getGsmLevel=4
W/SignalStrength(  504): getLevel=4 (SignalStrength: 21 255 -120 -160 -120 -1 -1 99 2147483647 -32767 2147483647 -32767 gsm|lte 4)
E/SMD     (  107): DCD ON
W/SignalStrength(  504): getGsmLevel. this.mGsmSignalBar=4, getGsmSignalStrength()== 20
W/SignalStrength(  504): getGsmLevel=4
W/SignalStrength(  504): getLevel=4 (SignalStrength: 20 255 -120 -160 -120 -1 -1 99 2147483647 -32767 2147483647 -32767 gsm|lte 4)
W/SignalStrength(  504): getGsmLevel. this.mGsmSignalBar=4, getGsmSignalStrength()== 21
W/SignalStrength(  504): getGsmLevel=4
W/SignalStrength(  504): getLevel=4 (SignalStrength: 21 255 -120 -160 -120 -1 -1 99 2147483647 -32767 2147483647 -32767 gsm|lte 4)
E/SMD     (  107): DCD ON
W/SignalStrength(  504): getGsmLevel. this.mGsmSignalBar=4, getGsmSignalStrength()== 20
W/SignalStrength(  504): getGsmLevel=4
W/SignalStrength(  504): getLevel=4 (SignalStrength: 20 255 -120 -160 -120 -1 -1 99 2147483647 -32767 2147483647 -32767 gsm|lte 4)
W/SignalStrength(  504): getGsmLevel. this.mGsmSignalBar=4, getGsmSignalStrength()== 21
W/SignalStrength(  504): getGsmLevel=4
W/SignalStrength(  504): getLevel=4 (SignalStrength: 21 255 -120 -160 -120 -1 -1 99 2147483647 -32767 2147483647 -32767 gsm|lte 4)
D/KeyguardUpdateMonitor(  378): received broadcast android.intent.action.BATTERY_CHANGED
D/KeyguardUpdateMonitor(  378): handleBatteryUpdate
E/AlarmManagerService(  378): android_server_AlarmManagerService_set to type=3, 364705.932000000
W/SignalStrength(  504): getGsmLevel. this.mGsmSignalBar=4, getGsmSignalStrength()== 20
W/SignalStrength(  504): getGsmLevel=4
W/SignalStrength(  504): getLevel=4 (SignalStrength: 20 255 -120 -160 -120 -1 -1 99 2147483647 -32767 2147483647 -32767 gsm|lte 4)
W/SignalStrength(  504): getGsmLevel. this.mGsmSignalBar=4, getGsmSignalStrength()== 21
W/SignalStrength(  504): getGsmLevel=4
W/SignalStrength(  504): getLevel=4 (SignalStrength: 21 255 -120 -160 -120 -1 -1 99 2147483647 -32767 2147483647 -32767 gsm|lte 4)
W/SignalStrength(  504): getGsmLevel. this.mGsmSignalBar=4, getGsmSignalStrength()== 20
W/SignalStrength(  504): getGsmLevel=4
W/SignalStrength(  504): getLevel=4 (SignalStrength: 20 255 -120 -160 -120 -1 -1 99 2147483647 -32767 2147483647 -32767 gsm|lte 4)
W/SignalStrength(  504): getGsmLevel. this.mGsmSignalBar=4, getGsmSignalStrength()== 21
W/SignalStrength(  504): getGsmLevel=4
W/SignalStrength(  504): getLevel=4 (SignalStrength: 21 255 -120 -160 -120 -1 -1 99 2147483647 -32767 2147483647 -32767 gsm|lte 4)
W/SignalStrength(  504): getGsmLevel. this.mGsmSignalBar=4, getGsmSignalStrength()== 20
W/SignalStrength(  504): getGsmLevel=4
W/SignalStrength(  504): getLevel=4 (SignalStrength: 20 255 -120 -160 -120 -1 -1 99 2147483647 -32767 2147483647 -32767 gsm|lte 4)
W/SignalStrength(  504): getGsmLevel. this.mGsmSignalBar=4, getGsmSignalStrength()== 21
W/SignalStrength(  504): getGsmLevel=4
W/SignalStrength(  504): getLevel=4 (SignalStrength: 21 255 -120 -160 -120 -1 -1 99 2147483647 -32767 2147483647 -32767 gsm|lte 4)
E/SMD     (  107): DCD ON
W/SignalStrength(  504): getGsmLevel=4
W/SignalStrength(  504): getLevel=4 (SignalStrength: 20 255 -120 -160 -120 -1 -1 99 2147483647 -32767 2147483647 -32767 gsm|lte 4)
W/SignalStrength(  504): getGsmLevel. this.mGsmSignalBar=4, getGsmSignalStrength()== 21
W/SignalStrength(  504): getGsmLevel=4
W/SignalStrength(  504): getLevel=4 (SignalStrength: 21 255 -120 -160 -120 -1 -1 99 2147483647 -32767 2147483647 -32767 gsm|lte 4)
W/SignalStrength(  504): getGsmLevel. this.mGsmSignalBar=4, getGsmSignalStrength()== 20
W/SignalStrength(  504): getGsmLevel. this.mGsmSignalBar=4, getGsmSignalStrength()== 20
W/SignalStrength(  504): getGsmLevel=4
W/SignalStrength(  504): getLevel=4 (SignalStrength: 20 255 -120 -160 -120 -1 -1 99 2147483647 -32767 2147483647 -32767 gsm|lte 4)
W/SignalStrength(  504): getGsmLevel. this.mGsmSignalBar=4, getGsmSignalStrength()== 21
W/SignalStrength(  504): getLevel=4 (SignalStrength: 21 255 -120 -160 -120 -1 -1 99 2147483647 -32767 2147483647 -32767 gsm|lte 4)
W/SignalStrength(  504): getGsmLevel=4
E/SMD     (  107): DCD ON
W/SignalStrength(  504): getGsmLevel. this.mGsmSignalBar=4, getGsmSignalStrength()== 20
W/SignalStrength(  504): getGsmLevel=4
W/SignalStrength(  504): getLevel=4 (SignalStrength: 20 255 -120 -160 -120 -1 -1 99 2147483647 -32767 2147483647 -32767 gsm|lte 4)
W/SignalStrength(  504): getGsmLevel. this.mGsmSignalBar=4, getGsmSignalStrength()== 21
W/SignalStrength(  504): getGsmLevel=4
W/SignalStrength(  504): getLevel=4 (SignalStrength: 21 255 -120 -160 -120 -1 -1 99 2147483647 -32767 2147483647 -32767 gsm|lte 4)
W/SignalStrength(  504): getGsmLevel. this.mGsmSignalBar=4, getGsmSignalStrength()== 20
W/SignalStrength(  504): getGsmLevel=4
W/SignalStrength(  504): getLevel=4 (SignalStrength: 20 255 -120 -160 -120 -1 -1 99 2147483647 -32767 2147483647 -32767 gsm|lte 4)
W/SignalStrength(  504): getGsmLevel. this.mGsmSignalBar=4, getGsmSignalStrength()== 21
W/SignalStrength(  504): getGsmLevel=4
W/SignalStrength(  504): getLevel=4 (SignalStrength: 21 255 -120 -160 -120 -1 -1 99 2147483647 -32767 2147483647 -32767 gsm|lte 4)
E/SMD     (  107): DCD ON
W/SignalStrength(  504): getGsmLevel. this.mGsmSignalBar=4, getGsmSignalStrength()== 20
W/SignalStrength(  504): getGsmLevel=4
W/SignalStrength(  504): getLevel=4 (SignalStrength: 20 255 -120 -160 -120 -1 -1 99 2147483647 -32767 2147483647 -32767 gsm|lte 4)
W/SignalStrength(  504): getGsmLevel. this.mGsmSignalBar=4, getGsmSignalStrength()== 21
W/SignalStrength(  504): getGsmLevel=4
W/SignalStrength(  504): getLevel=4 (SignalStrength: 21 255 -120 -160 -120 -1 -1 99 2147483647 -32767 2147483647 -32767 gsm|lte 4)
W/SignalStrength(  504): getGsmLevel. this.mGsmSignalBar=4, getGsmSignalStrength()== 20
W/SignalStrength(  504): getGsmLevel=4
W/SignalStrength(  504): getLevel=4 (SignalStrength: 20 255 -120 -160 -120 -1 -1 99 2147483647 -32767 2147483647 -32767 gsm|lte 4)
W/SignalStrength(  504): getGsmLevel. this.mGsmSignalBar=4, getGsmSignalStrength()== 21
W/SignalStrength(  504): getGsmLevel=4
W/SignalStrength(  504): getLevel=4 (SignalStrength: 21 255 -120 -160 -120 -1 -1 99 2147483647 -32767 2147483647 -32767 gsm|lte 4)
E/SMD     (  107): DCD ON
W/SignalStrength(  504): getGsmLevel. this.mGsmSignalBar=4, getGsmSignalStrength()== 20
W/SignalStrength(  504): getGsmLevel=4
W/SignalStrength(  504): getLevel=4 (SignalStrength: 20 255 -120 -160 -120 -1 -1 99 2147483647 -32767 2147483647 -32767 gsm|lte 4)
W/SignalStrength(  504): getGsmLevel. this.mGsmSignalBar=4, getGsmSignalStrength()== 21
W/SignalStrength(  504): getGsmLevel=4
W/SignalStrength(  504): getLevel=4 (SignalStrength: 21 255 -120 -160 -120 -1 -1 99 2147483647 -32767 2147483647 -32767 gsm|lte 4)
E/AlarmManagerService(  378): android_server_AlarmManagerService_set to type=3, 364753.899000000
D/KeyguardUpdateMonitor(  378): received broadcast android.intent.action.TIME_TICK
D/KeyguardUpdateMonitor(  378): handleTimeUpdate
D/com.samsung.app(13461): [MSC_HERO_REMOTE_Accu]>>> WC:134 [0:0] action : widgetappapheroaccuweatherwidgetactionTIME_TICK ScreenOn : true
D/com.samsung.app(13461): [MSC_HERO_REMOTE_Accu]>>> WC:1453 [0:0] [BT]AR_S_T : 0
W/SignalStrength(  504): getGsmLevel. this.mGsmSignalBar=4, getGsmSignalStrength()== 20
W/SignalStrength(  504): getGsmLevel=4
W/SignalStrength(  504): getLevel=4 (SignalStrength: 20 255 -120 -160 -120 -1 -1 99 2147483647 -32767 2147483647 -32767 gsm|lte 4)
W/SignalStrength(  504): getGsmLevel. this.mGsmSignalBar=4, getGsmSignalStrength()== 21
W/SignalStrength(  504): getGsmLevel=4
W/SignalStrength(  504): getLevel=4 (SignalStrength: 21 255 -120 -160 -120 -1 -1 99 2147483647 -32767 2147483647 -32767 gsm|lte 4)
W/SignalStrength(  504): getGsmLevel. this.mGsmSignalBar=4, getGsmSignalStrength()== 20
W/SignalStrength(  504): getGsmLevel=4
W/SignalStrength(  504): getLevel=4 (SignalStrength: 20 255 -120 -160 -120 -1 -1 99 2147483647 -32767 2147483647 -32767 gsm|lte 4)
W/SignalStrength(  504): getGsmLevel. this.mGsmSignalBar=4, getGsmSignalStrength()== 21
W/SignalStrength(  504): getGsmLevel=4
W/SignalStrength(  504): getLevel=4 (SignalStrength: 21 255 -120 -160 -120 -1 -1 99 2147483647 -32767 2147483647 -32767 gsm|lte 4)
E/SMD     (  107): DCD ON
W/SignalStrength(  504): getGsmLevel. this.mGsmSignalBar=4, getGsmSignalStrength()== 20
W/SignalStrength(  504): getGsmLevel=4
W/SignalStrength(  504): getLevel=4 (SignalStrength: 20 255 -120 -160 -120 -1 -1 99 2147483647 -32767 2147483647 -32767 gsm|lte 4)
W/SignalStrength(  504): getGsmLevel. this.mGsmSignalBar=4, getGsmSignalStrength()== 21
W/SignalStrength(  504): getGsmLevel=4
W/SignalStrength(  504): getLevel=4 (SignalStrength: 21 255 -120 -160 -120 -1 -1 99 2147483647 -32767 2147483647 -32767 gsm|lte 4)
W/SignalStrength(  504): getGsmLevel. this.mGsmSignalBar=4, getGsmSignalStrength()== 20
W/SignalStrength(  504): getGsmLevel=4
W/SignalStrength(  504): getLevel=4 (SignalStrength: 20 255 -120 -160 -120 -1 -1 99 2147483647 -32767 2147483647 -32767 gsm|lte 4)
W/SignalStrength(  504): getGsmLevel. this.mGsmSignalBar=4, getGsmSignalStrength()== 21
W/SignalStrength(  504): getGsmLevel=4
W/SignalStrength(  504): getLevel=4 (SignalStrength: 21 255 -120 -160 -120 -1 -1 99 2147483647 -32767 2147483647 -32767 gsm|lte 4)
E/SMD     (  107): DCD ON
W/SignalStrength(  504): getGsmLevel. this.mGsmSignalBar=4, getGsmSignalStrength()== 20
W/SignalStrength(  504): getGsmLevel=4
W/SignalStrength(  504): getLevel=4 (SignalStrength: 20 255 -120 -160 -120 -1 -1 99 2147483647 -32767 2147483647 -32767 gsm|lte 4)
W/SignalStrength(  504): getGsmLevel. this.mGsmSignalBar=4, getGsmSignalStrength()== 21
W/SignalStrength(  504): getGsmLevel=4
W/SignalStrength(  504): getLevel=4 (SignalStrength: 21 255 -120 -160 -120 -1 -1 99 2147483647 -32767 2147483647 -32767 gsm|lte 4)
D/QCRIL_RPC(  103): Enter qcril_cm_srvsys_event_callback
D/QCRIL_RPC(  103): Exit qcril_cm_srvsys_event_callback
W/SignalStrength(  504): getGsmLevel. this.mGsmSignalBar=4, getGsmSignalStrength()== 24
W/SignalStrength(  504): getGsmLevel=4
W/SignalStrength(  504): getLevel=4 (SignalStrength: 24 255 -120 -160 -120 -1 -1 99 2147483647 -32767 2147483647 -32767 gsm|lte 4)
W/SignalStrength(  504): getGsmLevel. this.mGsmSignalBar=4, getGsmSignalStrength()== 24
W/SignalStrength(  504): getGsmLevel=4
W/SignalStrength(  504): getLevel=4 (SignalStrength: 24 255 -120 -160 -120 -1 -1 99 2147483647 -32767 2147483647 -32767 gsm|lte 4)
W/SignalStrength(  504): getGsmLevel. this.mGsmSignalBar=4, getGsmSignalStrength()== 20
W/SignalStrength(  504): getGsmLevel=4
W/SignalStrength(  504): getLevel=4 (SignalStrength: 20 255 -120 -160 -120 -1 -1 99 2147483647 -32767 2147483647 -32767 gsm|lte 4)
W/SignalStrength(  504): getGsmLevel. this.mGsmSignalBar=4, getGsmSignalStrength()== 24
W/SignalStrength(  504): getGsmLevel=4
W/SignalStrength(  504): getLevel=4 (SignalStrength: 24 255 -120 -160 -120 -1 -1 99 2147483647 -32767 2147483647 -32767 gsm|lte 4)
W/SignalStrength(  378): getGsmLevel. this.mGsmSignalBar=4, getGsmSignalStrength()== 24
W/SignalStrength(  378): getGsmLevel=4
W/SignalStrength(  378): getLevel=4 (SignalStrength: 24 255 -120 -160 -120 -1 -1 99 2147483647 -32767 2147483647 -32767 gsm|lte 4)
W/SignalStrength(  378): getDbm 1
W/SignalStrength(  378): getGsmDbm=-65
W/SignalStrength(  378): getDbm=-65
W/SignalStrength(  378): getAsuLevel 1
W/SignalStrength(  378): getGsmAsuLevel=24
W/SignalStrength(  378): getAsuLevel=24
W/SignalStrength(  504): getGsmLevel. this.mGsmSignalBar=4, getGsmSignalStrength()== 20
W/SignalStrength(  504): getGsmLevel=4
W/SignalStrength(  504): getLevel=4 (SignalStrength: 20 255 -120 -160 -120 -1 -1 99 2147483647 -32767 2147483647 -32767 gsm|lte 4)
W/SignalStrength(  504): getGsmLevel. this.mGsmSignalBar=4, getGsmSignalStrength()== 24
W/SignalStrength(  504): getLevel=4 (SignalStrength: 24 255 -120 -160 -120 -1 -1 99 2147483647 -32767 2147483647 -32767 gsm|lte 4)
W/SignalStrength(  504): getGsmLevel=4
E/SMD     (  107): DCD ON
D/KeyguardUpdateMonitor(  378): received broadcast android.intent.action.BATTERY_CHANGED
D/KeyguardUpdateMonitor(  378): handleBatteryUpdate
W/SignalStrength(  504): getGsmLevel. this.mGsmSignalBar=4, getGsmSignalStrength()== 20
W/SignalStrength(  504): getGsmLevel=4
W/SignalStrength(  504): getLevel=4 (SignalStrength: 20 255 -120 -160 -120 -1 -1 99 2147483647 -32767 2147483647 -32767 gsm|lte 4)
W/SignalStrength(  504): getGsmLevel. this.mGsmSignalBar=4, getGsmSignalStrength()== 24
W/SignalStrength(  504): getGsmLevel=4
W/SignalStrength(  504): getLevel=4 (SignalStrength: 24 255 -120 -160 -120 -1 -1 99 2147483647 -32767 2147483647 -32767 gsm|lte 4)
W/SignalStrength(  504): getGsmLevel. this.mGsmSignalBar=4, getGsmSignalStrength()== 20
W/SignalStrength(  504): getGsmLevel=4
W/SignalStrength(  504): getLevel=4 (SignalStrength: 20 255 -120 -160 -120 -1 -1 99 2147483647 -32767 2147483647 -32767 gsm|lte 4)
W/SignalStrength(  504): getGsmLevel. this.mGsmSignalBar=4, getGsmSignalStrength()== 24
W/SignalStrength(  504): getGsmLevel=4
W/SignalStrength(  504): getLevel=4 (SignalStrength: 24 255 -120 -160 -120 -1 -1 99 2147483647 -32767 2147483647 -32767 gsm|lte 4)
W/SignalStrength(  504): getGsmLevel. this.mGsmSignalBar=4, getGsmSignalStrength()== 20
W/SignalStrength(  504): getGsmLevel=4
W/SignalStrength(  504): getLevel=4 (SignalStrength: 20 255 -120 -160 -120 -1 -1 99 2147483647 -32767 2147483647 -32767 gsm|lte 4)
W/SignalStrength(  504): getGsmLevel. this.mGsmSignalBar=4, getGsmSignalStrength()== 24
W/SignalStrength(  504): getGsmLevel=4
W/SignalStrength(  504): getLevel=4 (SignalStrength: 24 255 -120 -160 -120 -1 -1 99 2147483647 -32767 2147483647 -32767 gsm|lte 4)
E/SMD     (  107): DCD ON
W/SignalStrength(  504): getGsmLevel. this.mGsmSignalBar=4, getGsmSignalStrength()== 20
W/SignalStrength(  504): getGsmLevel=4
W/SignalStrength(  504): getLevel=4 (SignalStrength: 20 255 -120 -160 -120 -1 -1 99 2147483647 -32767 2147483647 -32767 gsm|lte 4)
W/SignalStrength(  504): getGsmLevel. this.mGsmSignalBar=4, getGsmSignalStrength()== 24
W/SignalStrength(  504): getGsmLevel=4
W/SignalStrength(  504): getLevel=4 (SignalStrength: 24 255 -120 -160 -120 -1 -1 99 2147483647 -32767 2147483647 -32767 gsm|lte 4)
W/SignalStrength(  504): getGsmLevel. this.mGsmSignalBar=4, getGsmSignalStrength()== 20
W/SignalStrength(  504): getGsmLevel=4
W/SignalStrength(  504): getLevel=4 (SignalStrength: 20 255 -120 -160 -120 -1 -1 99 2147483647 -32767 2147483647 -32767 gsm|lte 4)
W/SignalStrength(  504): getGsmLevel. this.mGsmSignalBar=4, getGsmSignalStrength()== 24
W/SignalStrength(  504): getGsmLevel=4
E/SMD     (  107): DCD ON
W/SignalStrength(  504): getLevel=4 (SignalStrength: 24 255 -120 -160 -120 -1 -1 99 2147483647 -32767 2147483647 -32767 gsm|lte 4)
W/SignalStrength(  504): getGsmLevel. this.mGsmSignalBar=4, getGsmSignalStrength()== 20
W/SignalStrength(  504): getGsmLevel=4
W/SignalStrength(  504): getLevel=4 (SignalStrength: 20 255 -120 -160 -120 -1 -1 99 2147483647 -32767 2147483647 -32767 gsm|lte 4)
W/SignalStrength(  504): getGsmLevel. this.mGsmSignalBar=4, getGsmSignalStrength()== 24
W/SignalStrength(  504): getGsmLevel=4
W/SignalStrength(  504): getLevel=4 (SignalStrength: 24 255 -120 -160 -120 -1 -1 99 2147483647 -32767 2147483647 -32767 gsm|lte 4)
E/SMD     (  107): DCD ON
W/SignalStrength(  504): getGsmLevel. this.mGsmSignalBar=4, getGsmSignalStrength()== 20
W/SignalStrength(  504): getGsmLevel=4
W/SignalStrength(  504): getLevel=4 (SignalStrength: 20 255 -120 -160 -120 -1 -1 99 2147483647 -32767 2147483647 -32767 gsm|lte 4)
W/SignalStrength(  504): getGsmLevel. this.mGsmSignalBar=4, getGsmSignalStrength()== 24
W/SignalStrength(  504): getGsmLevel=4
W/SignalStrength(  504): getLevel=4 (SignalStrength: 24 255 -120 -160 -120 -1 -1 99 2147483647 -32767 2147483647 -32767 gsm|lte 4)
D/QCRIL_RPC(  103): Enter qcril_cm_srvsys_event_callback
D/QCRIL_RPC(  103): Exit qcril_cm_srvsys_event_callback
W/SignalStrength(  504): getGsmLevel. this.mGsmSignalBar=4, getGsmSignalStrength()== 20
W/SignalStrength(  504): getGsmLevel=4
W/SignalStrength(  504): getLevel=4 (SignalStrength: 20 255 -120 -160 -120 -1 -1 99 2147483647 -32767 2147483647 -32767 gsm|lte 4)
W/SignalStrength(  504): getGsmLevel. this.mGsmSignalBar=4, getGsmSignalStrength()== 24
W/SignalStrength(  504): getGsmLevel=4
W/SignalStrength(  504): getLevel=4 (SignalStrength: 24 255 -120 -160 -120 -1 -1 99 2147483647 -32767 2147483647 -32767 gsm|lte 4)
W/SignalStrength(  504): getGsmLevel. this.mGsmSignalBar=4, getGsmSignalStrength()== 20
W/SignalStrength(  504): getGsmLevel=4
W/SignalStrength(  504): getLevel=4 (SignalStrength: 20 255 -120 -160 -120 -1 -1 99 2147483647 -32767 2147483647 -32767 gsm|lte 4)
W/SignalStrength(  504): getGsmLevel. this.mGsmSignalBar=4, getGsmSignalStrength()== 24
W/SignalStrength(  504): getGsmLevel=4
W/SignalStrength(  504): getLevel=4 (SignalStrength: 24 255 -120 -160 -120 -1 -1 99 2147483647 -32767 2147483647 -32767 gsm|lte 4)
E/SMD     (  107): DCD ON
W/SignalStrength(  504): getGsmLevel. this.mGsmSignalBar=4, getGsmSignalStrength()== 20
W/SignalStrength(  504): getGsmLevel=4
W/SignalStrength(  504): getLevel=4 (SignalStrength: 20 255 -120 -160 -120 -1 -1 99 2147483647 -32767 2147483647 -32767 gsm|lte 4)
W/SignalStrength(  504): getGsmLevel. this.mGsmSignalBar=4, getGsmSignalStrength()== 24
W/SignalStrength(  504): getGsmLevel=4
W/SignalStrength(  504): getLevel=4 (SignalStrength: 24 255 -120 -160 -120 -1 -1 99 2147483647 -32767 2147483647 -32767 gsm|lte 4)
W/SignalStrength(  504): getGsmLevel. this.mGsmSignalBar=4, getGsmSignalStrength()== 20
W/SignalStrength(  504): getGsmLevel=4
W/SignalStrength(  504): getLevel=4 (SignalStrength: 20 255 -120 -160 -120 -1 -1 99 2147483647 -32767 2147483647 -32767 gsm|lte 4)
W/SignalStrength(  504): getGsmLevel. this.mGsmSignalBar=4, getGsmSignalStrength()== 24
W/SignalStrength(  504): getGsmLevel=4
W/SignalStrength(  504): getLevel=4 (SignalStrength: 24 255 -120 -160 -120 -1 -1 99 2147483647 -32767 2147483647 -32767 gsm|lte 4)
W/SignalStrength(  504): getGsmLevel. this.mGsmSignalBar=4, getGsmSignalStrength()== 20
W/SignalStrength(  504): getGsmLevel=4
W/SignalStrength(  504): getLevel=4 (SignalStrength: 20 255 -120 -160 -120 -1 -1 99 2147483647 -32767 2147483647 -32767 gsm|lte 4)
W/SignalStrength(  504): getGsmLevel. this.mGsmSignalBar=4, getGsmSignalStrength()== 24
W/SignalStrength(  504): getGsmLevel=4
W/SignalStrength(  504): getLevel=4 (SignalStrength: 24 255 -120 -160 -120 -1 -1 99 2147483647 -32767 2147483647 -32767 gsm|lte 4)
E/SMD     (  107): DCD ON
W/SignalStrength(  504): getGsmLevel. this.mGsmSignalBar=4, getGsmSignalStrength()== 20
W/SignalStrength(  504): getGsmLevel=4
W/SignalStrength(  504): getLevel=4 (SignalStrength: 20 255 -120 -160 -120 -1 -1 99 2147483647 -32767 2147483647 -32767 gsm|lte 4)
W/SignalStrength(  504): getGsmLevel. this.mGsmSignalBar=4, getGsmSignalStrength()== 24
W/SignalStrength(  504): getGsmLevel=4
W/SignalStrength(  504): getLevel=4 (SignalStrength: 24 255 -120 -160 -120 -1 -1 99 2147483647 -32767 2147483647 -32767 gsm|lte 4)
W/SignalStrength(  504): getGsmLevel. this.mGsmSignalBar=4, getGsmSignalStrength()== 20
W/SignalStrength(  504): getGsmLevel=4
W/SignalStrength(  504): getLevel=4 (SignalStrength: 20 255 -120 -160 -120 -1 -1 99 2147483647 -32767 2147483647 -32767 gsm|lte 4)
W/SignalStrength(  504): getGsmLevel. this.mGsmSignalBar=4, getGsmSignalStrength()== 24
W/SignalStrength(  504): getGsmLevel=4
W/SignalStrength(  504): getLevel=4 (SignalStrength: 24 255 -120 -160 -120 -1 -1 99 2147483647 -32767 2147483647 -32767 gsm|lte 4)
E/SMD     (  107): DCD ON
W/SignalStrength(  504): getGsmLevel. this.mGsmSignalBar=4, getGsmSignalStrength()== 20
W/SignalStrength(  504): getLevel=4 (SignalStrength: 20 255 -120 -160 -120 -1 -1 99 2147483647 -32767 2147483647 -32767 gsm|lte 4)
W/SignalStrength(  504): getGsmLevel. this.mGsmSignalBar=4, getGsmSignalStrength()== 24
W/SignalStrength(  504): getGsmLevel=4
W/SignalStrength(  504): getLevel=4 (SignalStrength: 24 255 -120 -160 -120 -1 -1 99 2147483647 -32767 2147483647 -32767 gsm|lte 4)
W/SignalStrength(  504): getGsmLevel=4
W/SignalStrength(  504): getGsmLevel. this.mGsmSignalBar=4, getGsmSignalStrength()== 20
W/SignalStrength(  504): getGsmLevel=4
W/SignalStrength(  504): getLevel=4 (SignalStrength: 20 255 -120 -160 -120 -1 -1 99 2147483647 -32767 2147483647 -32767 gsm|lte 4)
W/SignalStrength(  504): getGsmLevel. this.mGsmSignalBar=4, getGsmSignalStrength()== 24
W/SignalStrength(  504): getGsmLevel=4
W/SignalStrength(  504): getLevel=4 (SignalStrength: 24 255 -120 -160 -120 -1 -1 99 2147483647 -32767 2147483647 -32767 gsm|lte 4)
D/KeyguardUpdateMonitor(  378): received broadcast android.intent.action.BATTERY_CHANGED
D/KeyguardUpdateMonitor(  378): handleBatteryUpdate
W/SignalStrength(  504): getGsmLevel. this.mGsmSignalBar=4, getGsmSignalStrength()== 20
W/SignalStrength(  504): getGsmLevel=4
W/SignalStrength(  504): getLevel=4 (SignalStrength: 20 255 -120 -160 -120 -1 -1 99 2147483647 -32767 2147483647 -32767 gsm|lte 4)
W/SignalStrength(  504): getGsmLevel. this.mGsmSignalBar=4, getGsmSignalStrength()== 24
W/SignalStrength(  504): getGsmLevel=4
W/SignalStrength(  504): getLevel=4 (SignalStrength: 24 255 -120 -160 -120 -1 -1 99 2147483647 -32767 2147483647 -32767 gsm|lte 4)
E/SMD     (  107): DCD ON
W/SignalStrength(  504): getGsmLevel. this.mGsmSignalBar=4, getGsmSignalStrength()== 20
W/SignalStrength(  504): getGsmLevel=4
W/SignalStrength(  504): getLevel=4 (SignalStrength: 20 255 -120 -160 -120 -1 -1 99 2147483647 -32767 2147483647 -32767 gsm|lte 4)
W/SignalStrength(  504): getGsmLevel. this.mGsmSignalBar=4, getGsmSignalStrength()== 24
W/SignalStrength(  504): getGsmLevel=4
W/SignalStrength(  504): getLevel=4 (SignalStrength: 24 255 -120 -160 -120 -1 -1 99 2147483647 -32767 2147483647 -32767 gsm|lte 4)
W/SignalStrength(  504): getGsmLevel. this.mGsmSignalBar=4, getGsmSignalStrength()== 20
W/SignalStrength(  504): getGsmLevel=4
W/SignalStrength(  504): getLevel=4 (SignalStrength: 20 255 -120 -160 -120 -1 -1 99 2147483647 -32767 2147483647 -32767 gsm|lte 4)
W/SignalStrength(  504): getGsmLevel. this.mGsmSignalBar=4, getGsmSignalStrength()== 24
W/SignalStrength(  504): getGsmLevel=4
W/SignalStrength(  504): getLevel=4 (SignalStrength: 24 255 -120 -160 -120 -1 -1 99 2147483647 -32767 2147483647 -32767 gsm|lte 4)
W/SignalStrength(  504): getGsmLevel. this.mGsmSignalBar=4, getGsmSignalStrength()== 20
W/SignalStrength(  504): getGsmLevel=4
W/SignalStrength(  504): getLevel=4 (SignalStrength: 20 255 -120 -160 -120 -1 -1 99 2147483647 -32767 2147483647 -32767 gsm|lte 4)
W/SignalStrength(  504): getGsmLevel. this.mGsmSignalBar=4, getGsmSignalStrength()== 24
W/SignalStrength(  504): getGsmLevel=4
W/SignalStrength(  504): getLevel=4 (SignalStrength: 24 255 -120 -160 -120 -1 -1 99 2147483647 -32767 2147483647 -32767 gsm|lte 4)
D/QCRIL_RPC(  103): Enter qcril_cm_srvsys_event_callback
D/QCRIL_RPC(  103): Exit qcril_cm_srvsys_event_callback
E/SMD     (  107): DCD ON
W/SignalStrength(  504): getGsmLevel. this.mGsmSignalBar=4, getGsmSignalStrength()== 20
W/SignalStrength(  504): getGsmLevel=4
W/SignalStrength(  504): getLevel=4 (SignalStrength: 20 255 -120 -160 -120 -1 -1 99 2147483647 -32767 2147483647 -32767 gsm|lte 4)
W/SignalStrength(  504): getGsmLevel. this.mGsmSignalBar=4, getGsmSignalStrength()== 24
W/SignalStrength(  504): getGsmLevel=4
W/SignalStrength(  504): getLevel=4 (SignalStrength: 24 255 -120 -160 -120 -1 -1 99 2147483647 -32767 2147483647 -32767 gsm|lte 4)
W/SignalStrength(  504): getGsmLevel. this.mGsmSignalBar=4, getGsmSignalStrength()== 20
W/SignalStrength(  504): getGsmLevel=4
