D/KeyguardViewMediator(  378): setHidden false
D/KeyguardViewMediator(  378): setHidden false
V/Mms/MessagingNotification(14866): init()
D/KeyguardViewMediator(  378): setHidden false
D/KeyguardViewMediator(  378): setHidden false
D/KeyguardViewMediator(  378): setHidden false
V/TP/MmsSmsProvider(  693): query,matched:0
V/TP/MmsSmsProvider(  693): getSimpleConversations entered.
D/TP/MmsSmsProvider(  693): match 0:Elapsed time : 2.443 ms
D/KeyguardViewMediator(  378): setHidden false
D/KeyguardViewMediator(  378): setHidden false
D/KeyguardViewMediator(  378): setHidden false
D/KeyguardViewMediator(  378): setHidden false
E/SMD     (  107): DCD ON
D/KeyguardViewMediator(  378): setHidden false
D/KeyguardViewMediator(  378): setHidden false
D/KeyguardViewMediator(  378): setHidden false
D/KeyguardViewMediator(  378): setHidden false
D/lights  (  378): write_int /sys/class/leds/button-backlight/brightness = 0
V/PowerManagerService(  378): Top Most Needs Intelligent Sleep: true
W/PowerManagerService(  378): Timer 0x7->0x3|0x0
I/PowerManagerService(  378): Ulight 0x7->0x3|0x0
D/PowerManagerService(  378): setLightBrightness : mButtonLight : 0
W/SignalStrength(  504): getGsmLevel. this.mGsmSignalBar=4, getGsmSignalStrength()== 20
W/SignalStrength(  504): getGsmLevel=4
W/SignalStrength(  504): getLevel=4 (SignalStrength: 20 255 -120 -160 -120 -1 -1 99 2147483647 -32767 2147483647 -32767 gsm|lte 4)
W/SignalStrength(  504): getGsmLevel. this.mGsmSignalBar=4, getGsmSignalStrength()== 30
W/SignalStrength(  504): getGsmLevel=4
W/SignalStrength(  504): getLevel=4 (SignalStrength: 30 255 -120 -160 -120 -1 -1 99 2147483647 -32767 2147483647 -32767 gsm|lte 4)
D/StatusBar-NetworkControllerDS(  504): refreshViews connected={ wifi } level=4|4 combinedSignalIconId=0x7f0200ed/com.android.systemui:drawable/stat_sys_wifi_signal_3 combinedActivityIconId=0x7f0200d9 mAirplaneMode=false mDataActivity1=0 mDataActivity2=0 mPhoneSignalIconId1=0x7f0200d5 mPhoneSignalIconId2=0x7f0200cf mLastPhoneSignalIconId1=0x7f0200d5 mLastPhoneSignalIconId2=0x7f0200cf mDataDirectionIconId1=0x0 mDataDirectionIconId2=0x0 mDataSignalIconId1=0x7f0200d5 mDataSignalIconId2=0x7f0200cf mDataTypeIconId1=0x7f0200a4 mDataTypeIconId2=0x7f0200a4 mWifiIconId=0x7f0200ed mRoamingIconId1=0x0 mRoamingIconId2=0x7f0200a7 mBluetoothTetherIconId=0x10806ce
D/SignalClusterView(  504): wifi: VISIBLE sig=2130837741 act=2130837721
D/SignalClusterView(  504): mobile1: VISIBLE sig=2130837717 act=0 typ=2130837668
D/SignalClusterView(  504): mobile2: VISIBLE sig=2130837711 act=0 typ=2130837668
D/SignalClusterView(  504): wifi: VISIBLE sig=2130837741 act=2130837721
D/SignalClusterView(  504): mobile1: VISIBLE sig=2130837717 act=0 typ=2130837668
D/SignalClusterView(  504): mobile2: VISIBLE sig=2130837711 act=0 typ=2130837668
D/SignalClusterView(  504): wifi: VISIBLE sig=2130837741 act=2130837721
D/SignalClusterView(  504): mobile1: VISIBLE sig=2130837717 act=0 typ=2130837668
D/SignalClusterView(  504): mobile2: VISIBLE sig=2130837711 act=0 typ=2130837668
D/StatusBar-NetworkControllerDS(  504): changing data overlay icon id to 2130837721
D/dalvikvm(  693): GC_CONCURRENT freed 5078K, 41% free 18156K/30563K, paused 38ms+129ms
D/memalloc(  784): /dev/pmem: Unmapping buffer base:0x5302a000 size:5713920 offset:4177920
D/memalloc(  784): /dev/pmem: Unmapping buffer base:0x5419a000 size:8663040 offset:7127040
D/memalloc(  784): /dev/pmem: Unmapping buffer base:0x54d45000 size:13271040 offset:11735040
D/MyFiles (14887): isMountedStateCheck start
D/memalloc(  111): /dev/pmem: Freeing buffer base:0x4225f000 size:1536000 offset:7127040 fd:48
D/memalloc(  111): /dev/pmem: Freeing buffer base:0x426c4000 size:1536000 offset:11735040 fd:57
D/[MyFiles](14887): StateCheck = false ::: UsbDriveA
D/[MyFiles](14887): StateCheck = false ::: UsbDriveB
D/[MyFiles](14887): StateCheck = false ::: UsbDriveC
D/[MyFiles](14887): StateCheck = false ::: UsbDriveD
D/[MyFiles](14887): StateCheck = false ::: UsbDriveE
D/[MyFiles](14887): StateCheck = false ::: UsbDriveF
D/MyFiles (14887): isMountedStateCheck end
D/[MyFiles](14887): MainActivity changeViewMode view :1
D/[MyFiles](14887): MainActivity changeViewMode LIST_AND_DETAILS 
D/[MyFiles](14887): Registering the receiver for com.samsung.vmmhux.ACTION_FILE_LIST_UPDATED
W/SurfaceFlinger(  111): id=2159 Removed idx=1 Map Size=4
V/Debug   (14887): AllFileDetail:onCreate
D/KeyguardViewMediator(  378): setHidden false
D/AbsListView(14887): Get MotionRecognitionManager
W/SurfaceFlinger(  111): id=2159 Removed idx=-2 Map Size=4
D/memalloc(  111): /dev/pmem: Freeing buffer base:0x41f8f000 size:1536000 offset:4177920 fd:35
I/ActivityThread(14900): Pub com.sec.badge: com.sec.android.provider.badge.BadgeProvider
V/Debug   (14887): ImageLoader.start() <<<<<<<<<<<<<<<<<<<<<<<<<<<<
V/Mms/MessagingNotification(14866): checkBadgeCount unreadCount=0 badgeCount=0
D/Mms/Synchronizer(14866): [start]    dbSync()
V/TP/MmsSmsProvider(  693): update uri: content://mms-sms/db_synchronization
D/Mms/Synchronizer(14866): [end]    dbSync()
D/Mms/MmsApp(14866): [end]    onCreate()
V/Mms/ReservationManager(14866): getInstance()
I/Mms/ReservationManager(14866): ReservationManager()
D/Mms/UIEventReceiver(14866): ui event
V/Mms/DownloadManager(14866): Service state changed: Bundle[mParcelledData.dataSize=692]
V/Mms/DownloadManager(14866): roaming ------> false
V/Mms/DownloadManager(14866): auto download without roaming -> true
V/Mms/DownloadManager(14866): auto download during roaming -> false
V/Mms/DownloadManager(14866): mAutoDownload ------> true
D/Debug   (14887): AllFileBrowser mListView : 
I/TwDVFSBroadcastReceiver(  723): onLauncherIntent
D/PowerManager(  723): DVFSLock :  acquire : timeout : 1000
I/power   (  378): *** acquire_dvfs_lock : lockType : 1  freq : 1008000 
V/Mms/TransactionService(14866): Creating TransactionService
D/PowerManagerService(  378): acquireDVFSLockLocked : type : DVFS_MIN_LIMIT  frequency : 1008000  uid : 1000  pid : 723  tag : TwDVFSBroadcastReceiver
V/[MyFiles](14887): AllFileDetail:onResume
I/[MyFiles](14887): refresh!!
I/[MyFiles](14887): browseToFolder - path:
D/plugin  (14866): getNetworkInfo() networkType:2
D/plugin  (14866): switchNetworkTypeDualToSingle() networkType:2
D/plugin  (14866): getCallState()
D/[MyFiles](14887): onOptionsItemSelected mCurrentView :1
D/plugin  (14866): getCallState()
D/plugin  (14866): isDualSIM()
D/plugin  (14866): getSimState() simSlot:0
D/plugin  (14866): getSimState() simSlot:1
D/plugin  (14866): getDataSubscription()
D/plugin  (14866): getDataSubscription() return result:0
E/Mms/TransactionService(14866): ====>TransactionService1 onStartCommand(), case 1
V/Mms/TransactionService(14866): onStart: #1
V/Mms/TransactionService(14866):     networkAvailable=true
V/Mms/TransactionService(14866):     DatanetworkAvailable=true
D/plugin  (14866): getIccFdnEnabled() simSlot:0
V/TP/MmsSmsProvider(  693): query,matched:6
D/TP/MmsSmsProvider(  693): match 6:Elapsed time : 2.328 ms
V/Mms/TransactionService(14866): onStart: cursor.count=0
V/Mms/TransactionService(14866): onStart: no pending messages. Stopping service.
D/plugin  (14866): isDualSIM()
D/plugin  (14866): getSimState() simSlot:0
D/plugin  (14866): getSimState() simSlot:1
V/TP/MmsSmsProvider(  693): query,matched:6
D/TP/MmsSmsProvider(  693): match 6:Elapsed time : 12.645 ms
V/Mms/TransactionService(14866): stopSelfIfIdle: STOP!
V/Mms/TransactionService(14866): stopSelfIfIdle: unRegisterForConnectionStateChanges
V/Mms/MmsSystemEventReceiver(14866): unRegisterForConnectionStateChanges
W/Mms/TransactionService(14866): ConnectivityBroadcastReceiver.onReceive() action: android.net.conn.CONNECTIVITY_CHANGE
D/plugin  (14866): isDualSIM()
D/plugin  (14866): getSimState() simSlot:0
D/plugin  (14866): getSimState() simSlot:1
D/plugin  (14866): getDataSubscription()
D/plugin  (14866): getDataSubscription() return result:0
V/Mms/TransactionService(14866):    type is not TYPE_MOBILE_MMS, bail
V/Mms/TransactionService(14866): Destroying TransactionService
V/Mms/TransactionService(14866): Handling incoming message: { what=100 when=0 } = EVENT_QUIT
I/[MyFiles](14887): finish browseTo : 
I/[MyFiles](14887): AllFileBrowserDetail-load file list => start
D/[MyFiles](14887): Loading handler - start
W/SurfaceFlinger(  111): id=2161(1) createSurface 0x1ea343c (1x1),2 flag=400
D/KeyguardViewMediator(  378): setHidden false
D/STATUSBAR-StatusBarManagerService(  378): setSystemUiVisibility(0x0)
D/STATUSBAR-StatusBarManagerService(  378): manageDisableList what=0x0 pkg=WindowManager.LayoutParams
I/ClipboardServiceEx(  378): Send intent for dismiss clipboard dialog inside hideCurrentInputLocked() !
D/memalloc(  111): /dev/pmem: Allocated buffer base:0x41b93000 size:1536000 offset:4177920 fd:35
W/InputManagerService(  378): Starting input on non-focused client com.android.internal.view.IInputMethodClient$Stub$Proxy@412b0f20 (uid=10059 pid=784)
V/InputManagerService(  378): Starting input on non-focused client mCurClient info is ClientState{41d40cf8 uid 10044 pid 14887}
D/memalloc(14887): /dev/pmem: Mapped buffer base:0x513bf000 size:5713920 offset:4177920 fd:57
I/Adreno200-EGLSUB(  111): <CreateImage:1017>: Android Image
I/Adreno200-EGLSUB(  111): <GetImageAttributes:1282>: RGBX_8888
D/KeyguardViewMediator(  378): setHidden false
D/KeyguardViewMediator(  378): setHidden false
I/ActivityManager(  378): Displayed shortComponentName: +2s259ms
D/KeyguardViewMediator(  378): setHidden false
D/CLIPBOARD(14887): Hide Clipboard dialog at Starting input: finished by someone else... !
I/ClipboardServiceEx(  378): mCBPickerDialog enter case. MSG_DISMISS_DIALOG
I/[MyFiles](14887): showWaitProgressDialog true
D/KeyguardViewMediator(  378): setHidden false
D/KeyguardViewMediator(  378): setHidden false
D/KeyguardViewMediator(  378): setHidden false
W/SignalStrength(  504): getGsmLevel. this.mGsmSignalBar=4, getGsmSignalStrength()== 20
W/SignalStrength(  504): getGsmLevel=4
W/SignalStrength(  504): getLevel=4 (SignalStrength: 20 255 -120 -160 -120 -1 -1 99 2147483647 -32767 2147483647 -32767 gsm|lte 4)
W/SignalStrength(  504): getGsmLevel. this.mGsmSignalBar=4, getGsmSignalStrength()== 30
W/SignalStrength(  504): getGsmLevel=4
W/SignalStrength(  504): getLevel=4 (SignalStrength: 30 255 -120 -160 -120 -1 -1 99 2147483647 -32767 2147483647 -32767 gsm|lte 4)
D/KeyguardViewMediator(  378): setHidden false
D/StatusBar-NetworkControllerDS(  504): refreshViews connected={ wifi } level=4|4 combinedSignalIconId=0x7f0200ed/com.android.systemui:drawable/stat_sys_wifi_signal_3 combinedActivityIconId=0x7f0200da mAirplaneMode=false mDataActivity1=0 mDataActivity2=0 mPhoneSignalIconId1=0x7f0200d5 mPhoneSignalIconId2=0x7f0200cf mLastPhoneSignalIconId1=0x7f0200d5 mLastPhoneSignalIconId2=0x7f0200cf mDataDirectionIconId1=0x0 mDataDirectionIconId2=0x0 mDataSignalIconId1=0x7f0200d5 mDataSignalIconId2=0x7f0200cf mDataTypeIconId1=0x7f0200a4 mDataTypeIconId2=0x7f0200a4 mWifiIconId=0x7f0200ed mRoamingIconId1=0x0 mRoamingIconId2=0x7f0200a7 mBluetoothTetherIconId=0x10806ce
D/SignalClusterView(  504): wifi: VISIBLE sig=2130837741 act=2130837722
D/SignalClusterView(  504): mobile1: VISIBLE sig=2130837717 act=0 typ=2130837668
D/SignalClusterView(  504): mobile2: VISIBLE sig=2130837711 act=0 typ=2130837668
D/SignalClusterView(  504): wifi: VISIBLE sig=2130837741 act=2130837722
D/KeyguardViewMediator(  378): setHidden false
D/SignalClusterView(  504): mobile1: VISIBLE sig=2130837717 act=0 typ=2130837668
D/SignalClusterView(  504): mobile2: VISIBLE sig=2130837711 act=0 typ=2130837668
D/SignalClusterView(  504): wifi: VISIBLE sig=2130837741 act=2130837722
D/SignalClusterView(  504): mobile1: VISIBLE sig=2130837717 act=0 typ=2130837668
D/SignalClusterView(  504): mobile2: VISIBLE sig=2130837711 act=0 typ=2130837668
D/StatusBar-NetworkControllerDS(  504): changing data overlay icon id to 2130837722
D/KeyguardViewMediator(  378): setHidden false
D/KeyguardViewMediator(  378): setHidden false
D/KeyguardViewMediator(  378): setHidden false
D/KeyguardViewMediator(  378): setHidden false
W/SurfaceFlinger(  111): id=2162(2) createSurface 0x1e973f4 (1x1),1 flag=0
D/KeyguardViewMediator(  378): setHidden false
I/[MyFiles](14887): AllFileBrowserDetail-load file list => finish
I/[MyFiles](14887): AllFileBrowserDetail-sort after loading => start
I/[MyFiles](14887): AllFileBrowserDetail-sort after loading => finish
D/KeyguardViewMediator(  378): setHidden false
W/SurfaceFlinger(  111): id=2160 Removed idx=3 Map Size=5
W/SurfaceFlinger(  111): id=2160 Removed idx=-2 Map Size=5
D/memalloc(  378): /dev/pmem: Unmapping buffer base:0x5c6ba000 size:14807040 offset:13271040
D/memalloc(  111): /dev/pmem: Freeing buffer base:0x4283b000 size:1536000 offset:13271040 fd:51
D/KeyguardViewMediator(  378): setHidden false
I/[MyFiles](14887): ListAdapterDetail.clearAll
I/[MyFiles](14887): AllFileBrowserDetail-updateAdapter => start
I/[MyFiles](14887): File Count : 2
I/[MyFiles](14887): AllFileBrowserDetail-updateAdapter => finish
I/[MyFiles](14887): showWaitProgressDialog false
D/[MyFiles](14887): Loading handler - finish
D/memalloc(  111): /dev/pmem: Allocated buffer base:0x41b93000 size:245760 offset:1536000 fd:48
D/memalloc(14887): /dev/pmem: Mapped buffer base:0x51b32000 size:1781760 offset:1536000 fd:53
I/Adreno200-EGLSUB(  111): <CreateImage:1017>: Android Image
I/Adreno200-EGLSUB(  111): <GetImageAttributes:1226>: RGBA_8888
D/KeyguardViewMediator(  378): setHidden false
D/KeyguardViewMediator(  378): setHidden false
D/KeyguardViewMediator(  378): setHidden false
E/AlarmManagerService(  378): android_server_AlarmManagerService_set to type=0, 1420990191.382000000
V/AlarmManager(  378): waitForAlarm result :1
D/memalloc(14887): /dev/pmem: Unmapping buffer base:0x51b32000 size:1781760 offset:1536000
D/KeyguardViewMediator(  378): setHidden false
D/KeyguardViewMediator(  378): setHidden false
W/SurfaceFlinger(  111): id=2162 Removed idx=3 Map Size=4
W/SurfaceFlinger(  111): id=2162 Removed idx=-2 Map Size=4
D/KeyguardViewMediator(  378): setHidden false
D/memalloc(  111): /dev/pmem: Freeing buffer base:0x41d0a000 size:245760 offset:1536000 fd:48
D/memalloc(  111): /dev/pmem: Allocated buffer base:0x41b93000 size:1536000 offset:7127040 fd:48
D/memalloc(14887): /dev/pmem: Mapped buffer base:0x51b32000 size:8663040 offset:7127040 fd:53
I/Adreno200-EGLSUB(  111): <CreateImage:1017>: Android Image
I/Adreno200-EGLSUB(  111): <GetImageAttributes:1282>: RGBX_8888
W/InputManagerService(  378): Window already focused, ignoring focus gain of: com.android.internal.view.IInputMethodClient$Stub$Proxy@4202d050
D/Launcher.HomeFragment(  784): onStop
D/Launcher.Workspace(  784): onStop
D/Launcher(  784): onStop, Launcher: 1098590704
E/AlarmManagerService(  378): android_server_AlarmManagerService_set to type=0, 1420990533.161000000
V/AlarmManager(  378): waitForAlarm result :1
I/power   (  378): *** release_dvfs_lock : lockType : 1 
D/PowerManagerService(  378): releaseDVFSLockLocked : all DVFS_MIN_LIMIT are released 
I/iu.UploadsManager(13352): End new media; added: 0, uploading: 0, time: 299 ms
V/AudioHardwareMSM7X27A(  114): MBADRC and ADRC Disabled
I/AudioHardwareMSM7X27A(  114): disabling post proc features with mask 0x0000
I/InputReader(  378): Touch event's action is 0x0 (deviceType=0) [pCnt=1, pending(waiting finished signal)=0, s=0.5342 ]
I/InputDispatcher(  378): Delivering touch to current input target: action: 0x0
I/PowerManagerService(  378): Ulight 0x3->0x7|0x0
D/PowerManagerService(  378): setLightBrightness : mButtonLight : 248
D/lights  (  378): write_int /sys/class/leds/button-backlight/brightness = 255
I/InputReader(  378): Touch event's action is 0x1 (deviceType=0) [pCnt=1, pending(waiting finished signal)=0, s=]
I/InputDispatcher(  378): Delivering touch to current input target: action: 0x1
I/AudioPolicyManagerBase(  114): getSituationVolume: isBTConnected:0 isHeadConnected:0
V/AudioPolicyManagerBase(  114): getParamFromPolicy  deviceInt = 0, situationInt = 1, situationVolume = 0.300000
D/AudioService(  378): playSoundEffect()
E/SoundPool(  378): play sampleID=1, leftVolume=0.300000, rightVolume=0.300000, priority=0, loop=0, rate=1.000000
E/SoundPool(  378): Allocated active channel
E/SoundPool(  378): play channel 0x20e75d0 state = 0
E/SoundPool(  378): SoundChannel::play 0x20e75d0: sampleID=1, channelID=1535, leftVolume=0.300000, rightVolume=0.300000, priority=0, loop=0, rate=1.000000
E/SoundPool(  378): setVolume 0x2ed7180
V/AudioPolicyManager(  114): startOutput() output 1, stream 1, session 2331
V/AudioPolicyManagerBase(  114): getDeviceForStrategy() from cache strategy 0, device 2
V/AudioPolicyManagerBase(  114): getNewDevice() selected device 0
V/AudioPolicyManagerBase(  114): changeRefCount() stream 1, count 1
V/AudioPolicyManagerBase(  114): getDeviceForStrategy() from cache strategy 0, device 2
V/AudioPolicyManagerBase(  114): getNewDevice() selected device 2
V/AudioPolicyManager(  114): setOutputDevice() output 1 device 2 delayMs 0 force 0
V/AudioPolicyManager(  114): setOutputDevice output :0x1 mCurDevice:0x2
V/AudioPolicyManager(  114): setOutputDevice() setting same device 2 or null device for output 1
E/SoundPool(  378): delete oldTrack 0x2a73ca8
V/AudioPolicyManagerBase(  114): releaseOutput() 1
D/Debug   (14887): AllFileBrowserDetail onItemClick
I/[MyFiles](14887): browseToFolder - path:
D/[MyFiles](14887): onOptionsItemSelected mCurrentView :1
V/AudioHardwareMSM7X27A(  114): open driver
V/AudioHardwareMSM7X27A(  114): get config
V/AudioHardwareMSM7X27A(  114): set config
V/AudioHardwareMSM7X27A(  114): buffer_size: 4800
V/AudioHardwareMSM7X27A(  114): buffer_count: 2
V/AudioHardwareMSM7X27A(  114): channel_count: 2
V/AudioHardwareMSM7X27A(  114): sample_rate: 44100
I/[MyFiles](14887): finish browseTo : 
V/AudioHardwareMSM7X27A(  114): MBADRC Enabled
I/AudioHardwareMSM7X27A(  114): Enabling post proc features with mask 0x0000
I/[MyFiles](14887): AllFileBrowserDetail-load file list => start
I/[MyFiles](14887): AllFileBrowserDetail-load file list => finish
I/[MyFiles](14887): AllFileBrowserDetail-sort after loading => start
I/[MyFiles](14887): AllFileBrowserDetail-sort after loading => finish
D/[MyFiles](14887): Loading handler - start
I/[MyFiles](14887): ListAdapterDetail.clearAll
V/[MyFiles](14887): ThumbnailUpdateThread - Stopping update here image-thumbnail-manager
V/[MyFiles](14887): /ImageThumbnailManager.onPause
I/[MyFiles](14887): AllFileBrowserDetail-updateAdapter => start
I/[MyFiles](14887): File Count : 22
I/[MyFiles](14887): AllFileBrowserDetail-updateAdapter => finish
I/[MyFiles](14887): showWaitProgressDialog false
D/[MyFiles](14887): Loading handler - finish
V/AudioPolicyManager(  114): stopOutput() output 1, stream 1, session 2331
V/AudioPolicyManagerBase(  114): changeRefCount() stream 1, count 0
V/AudioPolicyManagerBase(  114): getNewDevice() selected device 0
V/AudioPolicyManagerBase(  114): getNewDevice() selected device 0
V/AudioPolicyManager(  114): setOutputDevice() output 1 device 0 delayMs 72 force 0
V/AudioPolicyManager(  114): setOutputDevice() setting same device 0 or null device for output 1
E/SMD     (  107): DCD ON
W/SignalStrength(  504): getGsmLevel. this.mGsmSignalBar=4, getGsmSignalStrength()== 20
W/SignalStrength(  504): getGsmLevel=4
W/SignalStrength(  504): getLevel=4 (SignalStrength: 20 255 -120 -160 -120 -1 -1 99 2147483647 -32767 2147483647 -32767 gsm|lte 4)
W/SignalStrength(  504): getGsmLevel. this.mGsmSignalBar=4, getGsmSignalStrength()== 30
W/SignalStrength(  504): getGsmLevel=4
W/SignalStrength(  504): getLevel=4 (SignalStrength: 30 255 -120 -160 -120 -1 -1 99 2147483647 -32767 2147483647 -32767 gsm|lte 4)
D/StatusBar-NetworkControllerDS(  504): refreshViews connected={ wifi } level=4|4 combinedSignalIconId=0x7f0200ed/com.android.systemui:drawable/stat_sys_wifi_signal_3 combinedActivityIconId=0x7f0200d9 mAirplaneMode=false mDataActivity1=0 mDataActivity2=0 mPhoneSignalIconId1=0x7f0200d5 mPhoneSignalIconId2=0x7f0200cf mLastPhoneSignalIconId1=0x7f0200d5 mLastPhoneSignalIconId2=0x7f0200cf mDataDirectionIconId1=0x0 mDataDirectionIconId2=0x0 mDataSignalIconId1=0x7f0200d5 mDataSignalIconId2=0x7f0200cf mDataTypeIconId1=0x7f0200a4 mDataTypeIconId2=0x7f0200a4 mWifiIconId=0x7f0200ed mRoamingIconId1=0x0 mRoamingIconId2=0x7f0200a7 mBluetoothTetherIconId=0x10806ce
D/SignalClusterView(  504): wifi: VISIBLE sig=2130837741 act=2130837721
D/SignalClusterView(  504): mobile1: VISIBLE sig=2130837717 act=0 typ=2130837668
D/SignalClusterView(  504): mobile2: VISIBLE sig=2130837711 act=0 typ=2130837668
D/SignalClusterView(  504): wifi: VISIBLE sig=2130837741 act=2130837721
D/SignalClusterView(  504): mobile1: VISIBLE sig=2130837717 act=0 typ=2130837668
D/SignalClusterView(  504): mobile2: VISIBLE sig=2130837711 act=0 typ=2130837668
D/SignalClusterView(  504): wifi: VISIBLE sig=2130837741 act=2130837721
D/SignalClusterView(  504): mobile1: VISIBLE sig=2130837717 act=0 typ=2130837668
D/SignalClusterView(  504): mobile2: VISIBLE sig=2130837711 act=0 typ=2130837668
D/StatusBar-NetworkControllerDS(  504): changing data overlay icon id to 2130837721
D/lights  (  378): write_int /sys/class/leds/button-backlight/brightness = 0
V/PowerManagerService(  378): Top Most Needs Intelligent Sleep: true
W/PowerManagerService(  378): Timer 0x7->0x3|0x0
I/PowerManagerService(  378): Ulight 0x7->0x3|0x0
D/PowerManagerService(  378): setLightBrightness : mButtonLight : 0
W/SignalStrength(  504): getGsmLevel. this.mGsmSignalBar=4, getGsmSignalStrength()== 20
W/SignalStrength(  504): getGsmLevel=4
W/SignalStrength(  504): getLevel=4 (SignalStrength: 20 255 -120 -160 -120 -1 -1 99 2147483647 -32767 2147483647 -32767 gsm|lte 4)
W/SignalStrength(  504): getGsmLevel. this.mGsmSignalBar=4, getGsmSignalStrength()== 30
W/SignalStrength(  504): getGsmLevel=4
W/SignalStrength(  504): getLevel=4 (SignalStrength: 30 255 -120 -160 -120 -1 -1 99 2147483647 -32767 2147483647 -32767 gsm|lte 4)
D/StatusBar-NetworkControllerDS(  504): refreshViews connected={ wifi } level=4|4 combinedSignalIconId=0x7f0200ed/com.android.systemui:drawable/stat_sys_wifi_signal_3 combinedActivityIconId=0x7f0200da mAirplaneMode=false mDataActivity1=0 mDataActivity2=0 mPhoneSignalIconId1=0x7f0200d5 mPhoneSignalIconId2=0x7f0200cf mLastPhoneSignalIconId1=0x7f0200d5 mLastPhoneSignalIconId2=0x7f0200cf mDataDirectionIconId1=0x0 mDataDirectionIconId2=0x0 mDataSignalIconId1=0x7f0200d5 mDataSignalIconId2=0x7f0200cf mDataTypeIconId1=0x7f0200a4 mDataTypeIconId2=0x7f0200a4 mWifiIconId=0x7f0200ed mRoamingIconId1=0x0 mRoamingIconId2=0x7f0200a7 mBluetoothTetherIconId=0x10806ce
D/SignalClusterView(  504): wifi: VISIBLE sig=2130837741 act=2130837722
D/SignalClusterView(  504): mobile1: VISIBLE sig=2130837717 act=0 typ=2130837668
D/SignalClusterView(  504): mobile2: VISIBLE sig=2130837711 act=0 typ=2130837668
D/SignalClusterView(  504): wifi: VISIBLE sig=2130837741 act=2130837722
D/SignalClusterView(  504): mobile1: VISIBLE sig=2130837717 act=0 typ=2130837668
D/SignalClusterView(  504): mobile2: VISIBLE sig=2130837711 act=0 typ=2130837668
D/SignalClusterView(  504): wifi: VISIBLE sig=2130837741 act=2130837722
D/SignalClusterView(  504): mobile1: VISIBLE sig=2130837717 act=0 typ=2130837668
D/SignalClusterView(  504): mobile2: VISIBLE sig=2130837711 act=0 typ=2130837668
D/StatusBar-NetworkControllerDS(  504): changing data overlay icon id to 2130837722
I/InputReader(  378): Touch event's action is 0x0 (deviceType=0) [pCnt=1, pending(waiting finished signal)=0, s=0.5343 ]
I/InputDispatcher(  378): Delivering touch to current input target: action: 0x0
D/lights  (  378): write_int /sys/class/leds/button-backlight/brightness = 255
I/PowerManagerService(  378): Ulight 0x3->0x7|0x0
D/PowerManagerService(  378): setLightBrightness : mButtonLight : 248
I/InputReader(  378): Touch event's action is 0x1 (deviceType=0) [pCnt=1, pending(waiting finished signal)=0, s=]
I/InputDispatcher(  378): Delivering touch to current input target: action: 0x1
I/AudioPolicyManagerBase(  114): getSituationVolume: isBTConnected:0 isHeadConnected:0
V/AudioPolicyManagerBase(  114): getParamFromPolicy  deviceInt = 0, situationInt = 1, situationVolume = 0.300000
D/AudioService(  378): playSoundEffect()
E/SoundPool(  378): play sampleID=1, leftVolume=0.300000, rightVolume=0.300000, priority=0, loop=0, rate=1.000000
E/SoundPool(  378): Allocated active channel
E/SoundPool(  378): play channel 0x20e75d0 state = 0
E/SoundPool(  378): SoundChannel::play 0x20e75d0: sampleID=1, channelID=1536, leftVolume=0.300000, rightVolume=0.300000, priority=0, loop=0, rate=1.000000
E/SoundPool(  378): setVolume 0x2a6cea8
V/AudioPolicyManager(  114): startOutput() output 1, stream 1, session 2332
V/AudioPolicyManagerBase(  114): getDeviceForStrategy() from cache strategy 0, device 2
V/AudioPolicyManagerBase(  114): getNewDevice() selected device 0
V/AudioPolicyManagerBase(  114): changeRefCount() stream 1, count 1
V/AudioPolicyManagerBase(  114): getDeviceForStrategy() from cache strategy 0, device 2
V/AudioPolicyManagerBase(  114): getNewDevice() selected device 2
V/AudioPolicyManager(  114): setOutputDevice() output 1 device 2 delayMs 0 force 0
V/AudioPolicyManager(  114): setOutputDevice output :0x1 mCurDevice:0x2
V/AudioPolicyManager(  114): setOutputDevice() setting same device 2 or null device for output 1
E/SoundPool(  378): delete oldTrack 0x2ed7180
V/AudioPolicyManagerBase(  114): releaseOutput() 1
D/Debug   (14887): AllFileBrowserDetail onItemClick
I/[MyFiles](14887): browseToFolder - path:
D/[MyFiles](14887): onOptionsItemSelected mCurrentView :1
I/[MyFiles](14887): finish browseTo : 
I/[MyFiles](14887): AllFileBrowserDetail-load file list => start
I/[MyFiles](14887): AllFileBrowserDetail-load file list => finish
I/[MyFiles](14887): AllFileBrowserDetail-sort after loading => start
I/[MyFiles](14887): AllFileBrowserDetail-sort after loading => finish
D/[MyFiles](14887): Loading handler - start
I/[MyFiles](14887): ListAdapterDetail.clearAll
V/[MyFiles](14887): ThumbnailUpdateThread - Stopping update here image-thumbnail-manager
V/[MyFiles](14887): /ImageThumbnailManager.onPause
I/[MyFiles](14887): AllFileBrowserDetail-updateAdapter => start
I/[MyFiles](14887): File Count : 1
I/[MyFiles](14887): AllFileBrowserDetail-updateAdapter => finish
I/[MyFiles](14887): showWaitProgressDialog false
D/[MyFiles](14887): Loading handler - finish
V/AudioPolicyManager(  114): stopOutput() output 1, stream 1, session 2332
V/AudioPolicyManagerBase(  114): changeRefCount() stream 1, count 0
V/AudioPolicyManagerBase(  114): getNewDevice() selected device 0
V/AudioPolicyManagerBase(  114): getNewDevice() selected device 0
V/AudioPolicyManager(  114): setOutputDevice() output 1 device 0 delayMs 72 force 0
V/AudioPolicyManager(  114): setOutputDevice() setting same device 0 or null device for output 1
I/InputReader(  378): Touch event's action is 0x0 (deviceType=0) [pCnt=1, pending(waiting finished signal)=0, s=0.5344 ]
I/InputDispatcher(  378): Delivering touch to current input target: action: 0x0
I/InputReader(  378): Touch event's action is 0x1 (deviceType=0) [pCnt=1, pending(waiting finished signal)=0, s=]
I/InputDispatcher(  378): Delivering touch to current input target: action: 0x1
I/AudioPolicyManagerBase(  114): getSituationVolume: isBTConnected:0 isHeadConnected:0
V/AudioPolicyManagerBase(  114): getParamFromPolicy  deviceInt = 0, situationInt = 1, situationVolume = 0.300000
D/AudioService(  378): playSoundEffect()
E/SoundPool(  378): play sampleID=1, leftVolume=0.300000, rightVolume=0.300000, priority=0, loop=0, rate=1.000000
E/SoundPool(  378): Allocated active channel
E/SoundPool(  378): play channel 0x20e75d0 state = 0
E/SoundPool(  378): SoundChannel::play 0x20e75d0: sampleID=1, channelID=1537, leftVolume=0.300000, rightVolume=0.300000, priority=0, loop=0, rate=1.000000
E/SoundPool(  378): setVolume 0x2ed7180
V/AudioPolicyManager(  114): startOutput() output 1, stream 1, session 2333
V/AudioPolicyManagerBase(  114): getDeviceForStrategy() from cache strategy 0, device 2
V/AudioPolicyManagerBase(  114): getNewDevice() selected device 0
V/AudioPolicyManagerBase(  114): changeRefCount() stream 1, count 1
V/AudioPolicyManagerBase(  114): getDeviceForStrategy() from cache strategy 0, device 2
V/AudioPolicyManagerBase(  114): getNewDevice() selected device 2
V/AudioPolicyManager(  114): setOutputDevice() output 1 device 2 delayMs 0 force 0
V/AudioPolicyManager(  114): setOutputDevice output :0x1 mCurDevice:0x2
V/AudioPolicyManager(  114): setOutputDevice() setting same device 2 or null device for output 1
E/SoundPool(  378): delete oldTrack 0x2a6cea8
V/AudioPolicyManagerBase(  114): releaseOutput() 1
D/Debug   (14887): AllFileBrowserDetail onItemClick
I/power   (  378): *** acquire_dvfs_lock : lockType : 1  freq : 1008000 
D/PowerManagerService(  378): acquireDVFSLockLocked : type : DVFS_MIN_LIMIT  frequency : 1008000  uid : 1000  pid : 378  tag : ActivityManager
V/[MyFiles](14887): AllFileDetail:OnPause
V/[MyFiles](14887): ThumbnailUpdateThread - Stopping update here image-thumbnail-manager
V/[MyFiles](14887): /ImageThumbnailManager.onPause
D/KeyguardViewMediator(  378): setHidden false
V/AudioPolicyManager(  114): stopOutput() output 1, stream 1, session 2333
V/AudioPolicyManagerBase(  114): changeRefCount() stream 1, count 0
V/AudioPolicyManagerBase(  114): getNewDevice() selected device 0
V/AudioPolicyManagerBase(  114): getNewDevice() selected device 0
V/AudioPolicyManager(  114): setOutputDevice() output 1 device 0 delayMs 72 force 0
V/AudioPolicyManager(  114): setOutputDevice() setting same device 0 or null device for output 1
W/PackageParser(14887): No actions in intent filter at /mnt/sdcard/Download/GiftCase-debug (30).apk Binary XML file line #28
D/dalvikvm(  378): GC_FOR_ALLOC freed 1767K, 56% free 18776K/41891K, paused 301ms
E/SMD     (  107): DCD ON
D/AbsListView(  378): Get MotionRecognitionManager
W/SurfaceFlinger(  111): id=2163(407) createSurface 0x1ec204c (1x1),1 flag=0
D/STATUSBAR-StatusBarManagerService(  378): setSystemUiVisibility(0x0)
D/STATUSBAR-StatusBarManagerService(  378): manageDisableList what=0x0 pkg=WindowManager.LayoutParams
D/KeyguardViewMediator(  378): setHidden false
D/memalloc(  111): /dev/pmem: Allocated buffer base:0x41b93000 size:675840 offset:1536000 fd:51
D/memalloc(  378): /dev/pmem: Mapped buffer base:0x5a4a2000 size:2211840 offset:1536000 fd:352
I/Adreno200-EGLSUB(  111): <CreateImage:1017>: Android Image
I/Adreno200-EGLSUB(  111): <GetImageAttributes:1226>: RGBA_8888
D/KeyguardViewMediator(  378): setHidden false
I/ActivityManager(  378): Displayed shortComponentName: +656ms
D/KeyguardViewMediator(  378): setHidden false
D/KeyguardViewMediator(  378): setHidden false
I/power   (  378): *** release_dvfs_lock : lockType : 1 
D/[MyFiles](14887): MainActivity onSaveInstanceState  
D/PowerManagerService(  378): releaseDVFSLockLocked : all DVFS_MIN_LIMIT are released 
W/SignalStrength(  504): getGsmLevel. this.mGsmSignalBar=4, getGsmSignalStrength()== 20
W/SignalStrength(  504): getGsmLevel=4
W/SignalStrength(  504): getLevel=4 (SignalStrength: 20 255 -120 -160 -120 -1 -1 99 2147483647 -32767 2147483647 -32767 gsm|lte 4)
W/SignalStrength(  504): getGsmLevel. this.mGsmSignalBar=4, getGsmSignalStrength()== 30
W/SignalStrength(  504): getGsmLevel=4
W/SignalStrength(  504): getLevel=4 (SignalStrength: 30 255 -120 -160 -120 -1 -1 99 2147483647 -32767 2147483647 -32767 gsm|lte 4)
D/StatusBar-NetworkControllerDS(  504): refreshViews connected={ wifi } level=4|4 combinedSignalIconId=0x7f0200ed/com.android.systemui:drawable/stat_sys_wifi_signal_3 combinedActivityIconId=0x7f0200d9 mAirplaneMode=false mDataActivity1=0 mDataActivity2=0 mPhoneSignalIconId1=0x7f0200d5 mPhoneSignalIconId2=0x7f0200cf mLastPhoneSignalIconId1=0x7f0200d5 mLastPhoneSignalIconId2=0x7f0200cf mDataDirectionIconId1=0x0 mDataDirectionIconId2=0x0 mDataSignalIconId1=0x7f0200d5 mDataSignalIconId2=0x7f0200cf mDataTypeIconId1=0x7f0200a4 mDataTypeIconId2=0x7f0200a4 mWifiIconId=0x7f0200ed mRoamingIconId1=0x0 mRoamingIconId2=0x7f0200a7 mBluetoothTetherIconId=0x10806ce
D/SignalClusterView(  504): wifi: VISIBLE sig=2130837741 act=2130837721
D/SignalClusterView(  504): mobile1: VISIBLE sig=2130837717 act=0 typ=2130837668
D/SignalClusterView(  504): mobile2: VISIBLE sig=2130837711 act=0 typ=2130837668
D/SignalClusterView(  504): wifi: VISIBLE sig=2130837741 act=2130837721
D/SignalClusterView(  504): mobile1: VISIBLE sig=2130837717 act=0 typ=2130837668
D/SignalClusterView(  504): mobile2: VISIBLE sig=2130837711 act=0 typ=2130837668
D/SignalClusterView(  504): wifi: VISIBLE sig=2130837741 act=2130837721
D/SignalClusterView(  504): mobile1: VISIBLE sig=2130837717 act=0 typ=2130837668
D/SignalClusterView(  504): mobile2: VISIBLE sig=2130837711 act=0 typ=2130837668
D/StatusBar-NetworkControllerDS(  504): changing data overlay icon id to 2130837721
D/lights  (  378): write_int /sys/class/leds/button-backlight/brightness = 0
V/PowerManagerService(  378): Top Most Needs Intelligent Sleep: true
W/PowerManagerService(  378): Timer 0x7->0x3|0x0
I/PowerManagerService(  378): Ulight 0x7->0x3|0x0
D/PowerManagerService(  378): setLightBrightness : mButtonLight : 0
W/SignalStrength(  504): getGsmLevel. this.mGsmSignalBar=4, getGsmSignalStrength()== 20
W/SignalStrength(  504): getGsmLevel=4
W/SignalStrength(  504): getLevel=4 (SignalStrength: 20 255 -120 -160 -120 -1 -1 99 2147483647 -32767 2147483647 -32767 gsm|lte 4)
W/SignalStrength(  504): getGsmLevel. this.mGsmSignalBar=4, getGsmSignalStrength()== 30
W/SignalStrength(  504): getGsmLevel=4
W/SignalStrength(  504): getLevel=4 (SignalStrength: 30 255 -120 -160 -120 -1 -1 99 2147483647 -32767 2147483647 -32767 gsm|lte 4)
D/StatusBar-NetworkControllerDS(  504): refreshViews connected={ wifi } level=4|4 combinedSignalIconId=0x7f0200ed/com.android.systemui:drawable/stat_sys_wifi_signal_3 combinedActivityIconId=0x7f0200da mAirplaneMode=false mDataActivity1=0 mDataActivity2=0 mPhoneSignalIconId1=0x7f0200d5 mPhoneSignalIconId2=0x7f0200cf mLastPhoneSignalIconId1=0x7f0200d5 mLastPhoneSignalIconId2=0x7f0200cf mDataDirectionIconId1=0x0 mDataDirectionIconId2=0x0 mDataSignalIconId1=0x7f0200d5 mDataSignalIconId2=0x7f0200cf mDataTypeIconId1=0x7f0200a4 mDataTypeIconId2=0x7f0200a4 mWifiIconId=0x7f0200ed mRoamingIconId1=0x0 mRoamingIconId2=0x7f0200a7 mBluetoothTetherIconId=0x10806ce
D/SignalClusterView(  504): wifi: VISIBLE sig=2130837741 act=2130837722
D/SignalClusterView(  504): mobile1: VISIBLE sig=2130837717 act=0 typ=2130837668
D/SignalClusterView(  504): mobile2: VISIBLE sig=2130837711 act=0 typ=2130837668
D/SignalClusterView(  504): wifi: VISIBLE sig=2130837741 act=2130837722
D/SignalClusterView(  504): mobile1: VISIBLE sig=2130837717 act=0 typ=2130837668
D/SignalClusterView(  504): mobile2: VISIBLE sig=2130837711 act=0 typ=2130837668
D/SignalClusterView(  504): wifi: VISIBLE sig=2130837741 act=2130837722
D/SignalClusterView(  504): mobile1: VISIBLE sig=2130837717 act=0 typ=2130837668
D/SignalClusterView(  504): mobile2: VISIBLE sig=2130837711 act=0 typ=2130837668
D/StatusBar-NetworkControllerDS(  504): changing data overlay icon id to 2130837722
D/memalloc(  111): /dev/pmem: Allocated buffer base:0x41b93000 size:675840 offset:8663040 fd:54
D/memalloc(  378): /dev/pmem: Mapped buffer base:0x5c6ba000 size:9338880 offset:8663040 fd:376
I/Adreno200-EGLSUB(  111): <CreateImage:1017>: Android Image
I/Adreno200-EGLSUB(  111): <GetImageAttributes:1226>: RGBA_8888
V/AudioHardwareMSM7X27A(  114): MBADRC and ADRC Disabled
I/AudioHardwareMSM7X27A(  114): disabling post proc features with mask 0x0000
E/SMD     (  107): DCD ON
W/SignalStrength(  504): getGsmLevel. this.mGsmSignalBar=4, getGsmSignalStrength()== 20
W/SignalStrength(  504): getGsmLevel=4
W/SignalStrength(  504): getLevel=4 (SignalStrength: 20 255 -120 -160 -120 -1 -1 99 2147483647 -32767 2147483647 -32767 gsm|lte 4)
W/SignalStrength(  504): getGsmLevel. this.mGsmSignalBar=4, getGsmSignalStrength()== 30
W/SignalStrength(  504): getGsmLevel=4
W/SignalStrength(  504): getLevel=4 (SignalStrength: 30 255 -120 -160 -120 -1 -1 99 2147483647 -32767 2147483647 -32767 gsm|lte 4)
D/StatusBar-NetworkControllerDS(  504): refreshViews connected={ wifi } level=4|4 combinedSignalIconId=0x7f0200ed/com.android.systemui:drawable/stat_sys_wifi_signal_3 combinedActivityIconId=0x7f0200d9 mAirplaneMode=false mDataActivity1=0 mDataActivity2=0 mPhoneSignalIconId1=0x7f0200d5 mPhoneSignalIconId2=0x7f0200cf mLastPhoneSignalIconId1=0x7f0200d5 mLastPhoneSignalIconId2=0x7f0200cf mDataDirectionIconId1=0x0 mDataDirectionIconId2=0x0 mDataSignalIconId1=0x7f0200d5 mDataSignalIconId2=0x7f0200cf mDataTypeIconId1=0x7f0200a4 mDataTypeIconId2=0x7f0200a4 mWifiIconId=0x7f0200ed mRoamingIconId1=0x0 mRoamingIconId2=0x7f0200a7 mBluetoothTetherIconId=0x10806ce
D/SignalClusterView(  504): wifi: VISIBLE sig=2130837741 act=2130837721
D/SignalClusterView(  504): mobile1: VISIBLE sig=2130837717 act=0 typ=2130837668
D/SignalClusterView(  504): mobile2: VISIBLE sig=2130837711 act=0 typ=2130837668
D/SignalClusterView(  504): wifi: VISIBLE sig=2130837741 act=2130837721
D/SignalClusterView(  504): mobile1: VISIBLE sig=2130837717 act=0 typ=2130837668
D/SignalClusterView(  504): mobile2: VISIBLE sig=2130837711 act=0 typ=2130837668
D/SignalClusterView(  504): wifi: VISIBLE sig=2130837741 act=2130837721
D/SignalClusterView(  504): mobile1: VISIBLE sig=2130837717 act=0 typ=2130837668
D/SignalClusterView(  504): mobile2: VISIBLE sig=2130837711 act=0 typ=2130837668
D/StatusBar-NetworkControllerDS(  504): changing data overlay icon id to 2130837721
W/SignalStrength(  504): getGsmLevel. this.mGsmSignalBar=4, getGsmSignalStrength()== 20
W/SignalStrength(  504): getGsmLevel=4
W/SignalStrength(  504): getLevel=4 (SignalStrength: 20 255 -120 -160 -120 -1 -1 99 2147483647 -32767 2147483647 -32767 gsm|lte 4)
W/SignalStrength(  504): getGsmLevel. this.mGsmSignalBar=4, getGsmSignalStrength()== 30
W/SignalStrength(  504): getGsmLevel=4
W/SignalStrength(  504): getLevel=4 (SignalStrength: 30 255 -120 -160 -120 -1 -1 99 2147483647 -32767 2147483647 -32767 gsm|lte 4)
D/StatusBar-NetworkControllerDS(  504): refreshViews connected={ wifi } level=4|4 combinedSignalIconId=0x7f0200ed/com.android.systemui:drawable/stat_sys_wifi_signal_3 combinedActivityIconId=0x7f0200da mAirplaneMode=false mDataActivity1=0 mDataActivity2=0 mPhoneSignalIconId1=0x7f0200d5 mPhoneSignalIconId2=0x7f0200cf mLastPhoneSignalIconId1=0x7f0200d5 mLastPhoneSignalIconId2=0x7f0200cf mDataDirectionIconId1=0x0 mDataDirectionIconId2=0x0 mDataSignalIconId1=0x7f0200d5 mDataSignalIconId2=0x7f0200cf mDataTypeIconId1=0x7f0200a4 mDataTypeIconId2=0x7f0200a4 mWifiIconId=0x7f0200ed mRoamingIconId1=0x0 mRoamingIconId2=0x7f0200a7 mBluetoothTetherIconId=0x10806ce
D/SignalClusterView(  504): wifi: VISIBLE sig=2130837741 act=2130837722
D/SignalClusterView(  504): mobile1: VISIBLE sig=2130837717 act=0 typ=2130837668
D/SignalClusterView(  504): mobile2: VISIBLE sig=2130837711 act=0 typ=2130837668
D/SignalClusterView(  504): wifi: VISIBLE sig=2130837741 act=2130837722
D/SignalClusterView(  504): mobile1: VISIBLE sig=2130837717 act=0 typ=2130837668
D/SignalClusterView(  504): mobile2: VISIBLE sig=2130837711 act=0 typ=2130837668
D/SignalClusterView(  504): wifi: VISIBLE sig=2130837741 act=2130837722
D/SignalClusterView(  504): mobile1: VISIBLE sig=2130837717 act=0 typ=2130837668
D/SignalClusterView(  504): mobile2: VISIBLE sig=2130837711 act=0 typ=2130837668
D/StatusBar-NetworkControllerDS(  504): changing data overlay icon id to 2130837722
E/AlarmManagerService(  378): android_server_AlarmManagerService_set to type=3, 365321.518000000
V/AlarmManager(  378): waitForAlarm result :8
V/AlarmManager(  378): ClockReceiver onReceive() ACTION_TIME_TICK
W/AlarmManager(  378): FACTORY_ON= 0
D/KeyguardUpdateMonitor(  378): received broadcast android.intent.action.TIME_TICK
D/KeyguardUpdateMonitor(  378): handleTimeUpdate
D/STATUSBAR-Clock(  504): onReceive() - ACTION_TIME_TICK
D/com.samsung.app(14840): [MSC_HERO_REMOTE_Accu]>>> WC:134 [0:0] action : widgetappapheroaccuweatherwidgetactionTIME_TICK ScreenOn : true
D/com.samsung.app(14840): [MSC_HERO_REMOTE_Accu]>>> WC:1456 [0:0] [BT]SN
E/SMD     (  107): DCD ON
W/SignalStrength(  504): getGsmLevel. this.mGsmSignalBar=4, getGsmSignalStrength()== 20
W/SignalStrength(  504): getGsmLevel=4
W/SignalStrength(  504): getLevel=4 (SignalStrength: 20 255 -120 -160 -120 -1 -1 99 2147483647 -32767 2147483647 -32767 gsm|lte 4)
W/SignalStrength(  504): getGsmLevel. this.mGsmSignalBar=4, getGsmSignalStrength()== 30
W/SignalStrength(  504): getGsmLevel=4
W/SignalStrength(  504): getLevel=4 (SignalStrength: 30 255 -120 -160 -120 -1 -1 99 2147483647 -32767 2147483647 -32767 gsm|lte 4)
D/StatusBar-NetworkControllerDS(  504): refreshViews connected={ wifi } level=4|4 combinedSignalIconId=0x7f0200ed/com.android.systemui:drawable/stat_sys_wifi_signal_3 combinedActivityIconId=0x7f0200d9 mAirplaneMode=false mDataActivity1=0 mDataActivity2=0 mPhoneSignalIconId1=0x7f0200d5 mPhoneSignalIconId2=0x7f0200cf mLastPhoneSignalIconId1=0x7f0200d5 mLastPhoneSignalIconId2=0x7f0200cf mDataDirectionIconId1=0x0 mDataDirectionIconId2=0x0 mDataSignalIconId1=0x7f0200d5 mDataSignalIconId2=0x7f0200cf mDataTypeIconId1=0x7f0200a4 mDataTypeIconId2=0x7f0200a4 mWifiIconId=0x7f0200ed mRoamingIconId1=0x0 mRoamingIconId2=0x7f0200a7 mBluetoothTetherIconId=0x10806ce
D/SignalClusterView(  504): wifi: VISIBLE sig=2130837741 act=2130837721
D/SignalClusterView(  504): mobile1: VISIBLE sig=2130837717 act=0 typ=2130837668
D/SignalClusterView(  504): mobile2: VISIBLE sig=2130837711 act=0 typ=2130837668
D/SignalClusterView(  504): wifi: VISIBLE sig=2130837741 act=2130837721
D/SignalClusterView(  504): mobile1: VISIBLE sig=2130837717 act=0 typ=2130837668
D/SignalClusterView(  504): mobile2: VISIBLE sig=2130837711 act=0 typ=2130837668
D/SignalClusterView(  504): wifi: VISIBLE sig=2130837741 act=2130837721
D/SignalClusterView(  504): mobile1: VISIBLE sig=2130837717 act=0 typ=2130837668
D/SignalClusterView(  504): mobile2: VISIBLE sig=2130837711 act=0 typ=2130837668
D/StatusBar-NetworkControllerDS(  504): changing data overlay icon id to 2130837721
D/MediaProvider( 6073): bulkInsert has started
V/MediaScanner( 6073): processDirectory :  /mnt/extSdCard
D/MediaProvider( 6073): bulkInsert has finished
W/SignalStrength(  504): getGsmLevel. this.mGsmSignalBar=4, getGsmSignalStrength()== 20
W/SignalStrength(  504): getGsmLevel=4
W/SignalStrength(  504): getLevel=4 (SignalStrength: 20 255 -120 -160 -120 -1 -1 99 2147483647 -32767 2147483647 -32767 gsm|lte 4)
W/SignalStrength(  504): getGsmLevel. this.mGsmSignalBar=4, getGsmSignalStrength()== 30
W/SignalStrength(  504): getGsmLevel=4
W/SignalStrength(  504): getLevel=4 (SignalStrength: 30 255 -120 -160 -120 -1 -1 99 2147483647 -32767 2147483647 -32767 gsm|lte 4)
D/StatusBar-NetworkControllerDS(  504): refreshViews connected={ wifi } level=4|4 combinedSignalIconId=0x7f0200ed/com.android.systemui:drawable/stat_sys_wifi_signal_3 combinedActivityIconId=0x7f0200da mAirplaneMode=false mDataActivity1=0 mDataActivity2=0 mPhoneSignalIconId1=0x7f0200d5 mPhoneSignalIconId2=0x7f0200cf mLastPhoneSignalIconId1=0x7f0200d5 mLastPhoneSignalIconId2=0x7f0200cf mDataDirectionIconId1=0x0 mDataDirectionIconId2=0x0 mDataSignalIconId1=0x7f0200d5 mDataSignalIconId2=0x7f0200cf mDataTypeIconId1=0x7f0200a4 mDataTypeIconId2=0x7f0200a4 mWifiIconId=0x7f0200ed mRoamingIconId1=0x0 mRoamingIconId2=0x7f0200a7 mBluetoothTetherIconId=0x10806ce
D/SignalClusterView(  504): wifi: VISIBLE sig=2130837741 act=2130837722
D/SignalClusterView(  504): mobile1: VISIBLE sig=2130837717 act=0 typ=2130837668
D/SignalClusterView(  504): mobile2: VISIBLE sig=2130837711 act=0 typ=2130837668
D/SignalClusterView(  504): wifi: VISIBLE sig=2130837741 act=2130837722
D/SignalClusterView(  504): mobile1: VISIBLE sig=2130837717 act=0 typ=2130837668
D/SignalClusterView(  504): mobile2: VISIBLE sig=2130837711 act=0 typ=2130837668
D/SignalClusterView(  504): wifi: VISIBLE sig=2130837741 act=2130837722
D/SignalClusterView(  504): mobile1: VISIBLE sig=2130837717 act=0 typ=2130837668
D/SignalClusterView(  504): mobile2: VISIBLE sig=2130837711 act=0 typ=2130837668
D/StatusBar-NetworkControllerDS(  504): changing data overlay icon id to 2130837722
E/SMD     (  107): DCD ON
W/SignalStrength(  504): getGsmLevel. this.mGsmSignalBar=4, getGsmSignalStrength()== 20
W/SignalStrength(  504): getGsmLevel=4
W/SignalStrength(  504): getLevel=4 (SignalStrength: 20 255 -120 -160 -120 -1 -1 99 2147483647 -32767 2147483647 -32767 gsm|lte 4)
W/SignalStrength(  504): getGsmLevel. this.mGsmSignalBar=4, getGsmSignalStrength()== 30
W/SignalStrength(  504): getGsmLevel=4
W/SignalStrength(  504): getLevel=4 (SignalStrength: 30 255 -120 -160 -120 -1 -1 99 2147483647 -32767 2147483647 -32767 gsm|lte 4)
D/StatusBar-NetworkControllerDS(  504): refreshViews connected={ wifi } level=4|4 combinedSignalIconId=0x7f0200ed/com.android.systemui:drawable/stat_sys_wifi_signal_3 combinedActivityIconId=0x7f0200d9 mAirplaneMode=false mDataActivity1=0 mDataActivity2=0 mPhoneSignalIconId1=0x7f0200d5 mPhoneSignalIconId2=0x7f0200cf mLastPhoneSignalIconId1=0x7f0200d5 mLastPhoneSignalIconId2=0x7f0200cf mDataDirectionIconId1=0x0 mDataDirectionIconId2=0x0 mDataSignalIconId1=0x7f0200d5 mDataSignalIconId2=0x7f0200cf mDataTypeIconId1=0x7f0200a4 mDataTypeIconId2=0x7f0200a4 mWifiIconId=0x7f0200ed mRoamingIconId1=0x0 mRoamingIconId2=0x7f0200a7 mBluetoothTetherIconId=0x10806ce
D/SignalClusterView(  504): wifi: VISIBLE sig=2130837741 act=2130837721
D/SignalClusterView(  504): mobile1: VISIBLE sig=2130837717 act=0 typ=2130837668
D/SignalClusterView(  504): mobile2: VISIBLE sig=2130837711 act=0 typ=2130837668
D/SignalClusterView(  504): wifi: VISIBLE sig=2130837741 act=2130837721
D/SignalClusterView(  504): mobile1: VISIBLE sig=2130837717 act=0 typ=2130837668
D/SignalClusterView(  504): mobile2: VISIBLE sig=2130837711 act=0 typ=2130837668
D/SignalClusterView(  504): wifi: VISIBLE sig=2130837741 act=2130837721
D/SignalClusterView(  504): mobile1: VISIBLE sig=2130837717 act=0 typ=2130837668
D/SignalClusterView(  504): mobile2: VISIBLE sig=2130837711 act=0 typ=2130837668
D/StatusBar-NetworkControllerDS(  504): changing data overlay icon id to 2130837721
W/SignalStrength(  504): getGsmLevel. this.mGsmSignalBar=4, getGsmSignalStrength()== 20
W/SignalStrength(  504): getGsmLevel=4
W/SignalStrength(  504): getLevel=4 (SignalStrength: 20 255 -120 -160 -120 -1 -1 99 2147483647 -32767 2147483647 -32767 gsm|lte 4)
W/SignalStrength(  504): getGsmLevel. this.mGsmSignalBar=4, getGsmSignalStrength()== 30
W/SignalStrength(  504): getGsmLevel=4
W/SignalStrength(  504): getLevel=4 (SignalStrength: 30 255 -120 -160 -120 -1 -1 99 2147483647 -32767 2147483647 -32767 gsm|lte 4)
D/StatusBar-NetworkControllerDS(  504): refreshViews connected={ wifi } level=4|4 combinedSignalIconId=0x7f0200ed/com.android.systemui:drawable/stat_sys_wifi_signal_3 combinedActivityIconId=0x7f0200da mAirplaneMode=false mDataActivity1=0 mDataActivity2=0 mPhoneSignalIconId1=0x7f0200d5 mPhoneSignalIconId2=0x7f0200cf mLastPhoneSignalIconId1=0x7f0200d5 mLastPhoneSignalIconId2=0x7f0200cf mDataDirectionIconId1=0x0 mDataDirectionIconId2=0x0 mDataSignalIconId1=0x7f0200d5 mDataSignalIconId2=0x7f0200cf mDataTypeIconId1=0x7f0200a4 mDataTypeIconId2=0x7f0200a4 mWifiIconId=0x7f0200ed mRoamingIconId1=0x0 mRoamingIconId2=0x7f0200a7 mBluetoothTetherIconId=0x10806ce
D/SignalClusterView(  504): wifi: VISIBLE sig=2130837741 act=2130837722
D/SignalClusterView(  504): mobile1: VISIBLE sig=2130837717 act=0 typ=2130837668
D/SignalClusterView(  504): mobile2: VISIBLE sig=2130837711 act=0 typ=2130837668
D/SignalClusterView(  504): wifi: VISIBLE sig=2130837741 act=2130837722
D/SignalClusterView(  504): mobile1: VISIBLE sig=2130837717 act=0 typ=2130837668
D/SignalClusterView(  504): mobile2: VISIBLE sig=2130837711 act=0 typ=2130837668
D/SignalClusterView(  504): wifi: VISIBLE sig=2130837741 act=2130837722
D/SignalClusterView(  504): mobile1: VISIBLE sig=2130837717 act=0 typ=2130837668
D/SignalClusterView(  504): mobile2: VISIBLE sig=2130837711 act=0 typ=2130837668
D/StatusBar-NetworkControllerDS(  504): changing data overlay icon id to 2130837722
D/MediaProvider( 6073): object removed 14774
V/MediaProvider( 6073): bulkEraser is going  to delete  1 items : 14774
E/MtpServerJNI( 6073): server is null in send_object_removed
V/MediaProvider( 6073): bulkEraser just has deleted : 1
E/SMD     (  107): DCD ON
V/MediaScanner( 6073):  prescan time: 1290ms
V/MediaScanner( 6073):     scan time: 24563ms (parsing time: 0ms ~0%),  (bitmapDecoding time : 0ms ~0%), (exifExtracting time : 0ms ~0%), (bulkInserter time : 34ms ~0%)
V/MediaScanner( 6073): postscan time: 162ms (bulkEraser : 1)
V/MediaScanner( 6073):    total time: 26015ms
D/MediaScannerService( 6073): done scanning volume external
E/CscReceiver(  693): onReceive android.intent.action.MEDIA_SCANNER_FINISHED
D/CscReceiver(  693): Media DB Scanner finished.
D/CscReceiver(  693): start service to Set Ringtone
D/CscReceiver(  693): start service to Set Notification
D/CscReceiver(  693): start service to Set Alarmtone
D/CscUpdateService(  693): onStart
D/CscUpdateService(  693): only ringtone update
D/CscUpdateService(  693): onStart
D/CscUpdateService(  693): only notification update
D/CscUpdateService(  693): onStart
